Archive member included to satisfy reference by file (symbol)

C:\Users\fcoli\AppData\Local\Temp\VMBuilds\plotter\adafruit_adafruit_grandcentral_m4\Debug/core.a(cortex_handlers.c.o)
                              (Reset_Handler)
C:\Users\fcoli\AppData\Local\Temp\VMBuilds\plotter\adafruit_adafruit_grandcentral_m4\Debug/core.a(delay.c.o)
                              plotter.cpp.o (millis)
C:\Users\fcoli\AppData\Local\Temp\VMBuilds\plotter\adafruit_adafruit_grandcentral_m4\Debug/core.a(hooks.c.o)
                              C:\Users\fcoli\AppData\Local\Temp\VMBuilds\plotter\adafruit_adafruit_grandcentral_m4\Debug/core.a(delay.c.o) (yield)
C:\Users\fcoli\AppData\Local\Temp\VMBuilds\plotter\adafruit_adafruit_grandcentral_m4\Debug/core.a(startup.c.o)
                              C:\Users\fcoli\AppData\Local\Temp\VMBuilds\plotter\adafruit_adafruit_grandcentral_m4\Debug/core.a(cortex_handlers.c.o) (SystemInit)
C:\Users\fcoli\AppData\Local\Temp\VMBuilds\plotter\adafruit_adafruit_grandcentral_m4\Debug/core.a(wiring.c.o)
                              Servo\samd\Servo.cpp.o (SystemCoreClock)
C:\Users\fcoli\AppData\Local\Temp\VMBuilds\plotter\adafruit_adafruit_grandcentral_m4\Debug/core.a(wiring_analog.c.o)
                              C:\Users\fcoli\AppData\Local\Temp\VMBuilds\plotter\adafruit_adafruit_grandcentral_m4\Debug/core.a(wiring.c.o) (analogReference)
C:\Users\fcoli\AppData\Local\Temp\VMBuilds\plotter\adafruit_adafruit_grandcentral_m4\Debug/core.a(wiring_digital.c.o)
                              plotter.cpp.o (pinMode)
C:\Users\fcoli\AppData\Local\Temp\VMBuilds\plotter\adafruit_adafruit_grandcentral_m4\Debug/core.a(wiring_private.c.o)
                              Wire\Wire.cpp.o (pinPeripheral)
C:\Users\fcoli\AppData\Local\Temp\VMBuilds\plotter\adafruit_adafruit_grandcentral_m4\Debug/core.a(abi.cpp.o)
                              Adafruit_GFX_Library\Adafruit_GFX.cpp.o (__cxa_pure_virtual)
C:\Users\fcoli\AppData\Local\Temp\VMBuilds\plotter\adafruit_adafruit_grandcentral_m4\Debug/core.a(main.cpp.o)
                              c:/users/fcoli/appdata/local/arduino15/packages/adafruit/tools/arm-none-eabi-gcc/9-2019q4/bin/../lib/gcc/arm-none-eabi/9.2.1/../../../../arm-none-eabi/lib/thumb/v7e-m+fp/hard/crt0.o (main)
C:\Users\fcoli\AppData\Local\Temp\VMBuilds\plotter\adafruit_adafruit_grandcentral_m4\Debug/core.a(new.cpp.o)
                              Adafruit_GFX_Library\Adafruit_MonoOLED.cpp.o (operator new(unsigned int))
C:\Users\fcoli\AppData\Local\Temp\VMBuilds\plotter\adafruit_adafruit_grandcentral_m4\Debug/core.a(Print.cpp.o)
                              SD\utility\SdFile.cpp.o (Print::write(unsigned char const*, unsigned int))
C:\Users\fcoli\AppData\Local\Temp\VMBuilds\plotter\adafruit_adafruit_grandcentral_m4\Debug/core.a(Reset.cpp.o)
                              C:\Users\fcoli\AppData\Local\Temp\VMBuilds\plotter\adafruit_adafruit_grandcentral_m4\Debug/core.a(delay.c.o) (tickReset)
C:\Users\fcoli\AppData\Local\Temp\VMBuilds\plotter\adafruit_adafruit_grandcentral_m4\Debug/core.a(SERCOM.cpp.o)
                              C:\Users\fcoli\AppData\Local\Temp\VMBCore\arduino16x\ff05213c525f1533353c57d2000bb1ad\variant\variant.cpp.o (SERCOM::SERCOM(Sercom*))
C:\Users\fcoli\AppData\Local\Temp\VMBuilds\plotter\adafruit_adafruit_grandcentral_m4\Debug/core.a(Uart.cpp.o)
                              plotter.cpp.o (Uart::begin(unsigned long))
C:\Users\fcoli\AppData\Local\Temp\VMBuilds\plotter\adafruit_adafruit_grandcentral_m4\Debug/core.a(WMath.cpp.o)
                              plotter.cpp.o (map(long, long, long, long, long))
C:\Users\fcoli\AppData\Local\Temp\VMBuilds\plotter\adafruit_adafruit_grandcentral_m4\Debug/core.a(WString.cpp.o)
                              ArduinoBlue\ArduinoBlue.cpp.o (String::String(char const*))
C:\Users\fcoli\AppData\Local\Temp\VMBuilds\plotter\adafruit_adafruit_grandcentral_m4\Debug/core.a(CDC.cpp.o)
                              SD\utility\SdFile.cpp.o (Serial_::write(unsigned char))
C:\Users\fcoli\AppData\Local\Temp\VMBuilds\plotter\adafruit_adafruit_grandcentral_m4\Debug/core.a(USBCore.cpp.o)
                              C:\Users\fcoli\AppData\Local\Temp\VMBuilds\plotter\adafruit_adafruit_grandcentral_m4\Debug/core.a(main.cpp.o) (USBDeviceClass::init())
C:\Users\fcoli\AppData\Local\Temp\VMBuilds\plotter\adafruit_adafruit_grandcentral_m4\Debug/core.a(itoa.c.o)
                              C:\Users\fcoli\AppData\Local\Temp\VMBuilds\plotter\adafruit_adafruit_grandcentral_m4\Debug/core.a(WString.cpp.o) (ltoa)
C:\Users\fcoli\AppData\Local\Temp\VMBuilds\plotter\adafruit_adafruit_grandcentral_m4\Debug/core.a(dtostrf.c.o)
                              C:\Users\fcoli\AppData\Local\Temp\VMBuilds\plotter\adafruit_adafruit_grandcentral_m4\Debug/core.a(WString.cpp.o) (dtostrf)
C:\Users\fcoli\AppData\Local\Temp\VMBuilds\plotter\adafruit_adafruit_grandcentral_m4\Debug/core.a(PluggableUSB.cpp.o)
[...]
Memory Configuration

Name             Origin             Length             Attributes
FLASH            0x00004000         0x000fc000         xr
RAM              0x20000000         0x00040000         xrw
*default*        0x00000000         0xffffffff

Linker script and memory map

LOAD c:/users/fcoli/appdata/local/arduino15/packages/adafruit/tools/arm-none-eabi-gcc/9-2019q4/bin/../lib/gcc/arm-none-eabi/9.2.1/thumb/v7e-m+fp/hard/crti.o
LOAD c:/users/fcoli/appdata/local/arduino15/packages/adafruit/tools/arm-none-eabi-gcc/9-2019q4/bin/../lib/gcc/arm-none-eabi/9.2.1/thumb/v7e-m+fp/hard/crtbegin.o
LOAD c:/users/fcoli/appdata/local/arduino15/packages/adafruit/tools/arm-none-eabi-gcc/9-2019q4/bin/../lib/gcc/arm-none-eabi/9.2.1/../../../../arm-none-eabi/lib/thumb/v7e-m+fp/hard/crt0.o
LOAD plotter.cpp.o
LOAD Adafruit_FT6206_Library\Adafruit_FT6206.cpp.o
LOAD Wire\Wire.cpp.o
LOAD Adafruit_ZeroDMA\Adafruit_ZeroDMA.cpp.o
LOAD ArduinoBlue\ArduinoBlue.cpp.o
LOAD SD\File.cpp.o
LOAD SD\SD.cpp.o
LOAD SD\utility\Sd2Card.cpp.o
LOAD SD\utility\SdFile.cpp.o
LOAD SD\utility\SdVolume.cpp.o
LOAD SPI\SPI.cpp.o
LOAD Adafruit_GFX_Library\glcdfont.c.o
LOAD Adafruit_GFX_Library\Adafruit_GFX.cpp.o
LOAD Adafruit_GFX_Library\Adafruit_MonoOLED.cpp.o
LOAD Adafruit_GFX_Library\Adafruit_SPITFT.cpp.o
LOAD Adafruit_ILI9341\Adafruit_ILI9341.cpp.o
LOAD Servo\avr\Servo.cpp.o
LOAD Servo\megaavr\Servo.cpp.o
LOAD Servo\nrf52\Servo.cpp.o
LOAD Servo\sam\Servo.cpp.o
LOAD Servo\samd\Servo.cpp.o
LOAD Servo\stm32f4\Servo.cpp.o
LOAD Adafruit_BusIO\Adafruit_BusIO_Register.cpp.o
LOAD Adafruit_BusIO\Adafruit_I2CDevice.cpp.o
LOAD Adafruit_BusIO\Adafruit_SPIDevice.cpp.o
LOAD C:\Users\fcoli\AppData\Local\Temp\VMBCore\arduino16x\ff05213c525f1533353c57d2000bb1ad\variant\variant.cpp.o
START GROUP
LOAD C:\Users\fcoli\AppData\Local\arduino15\packages\adafruit\tools\CMSIS\5.4.0/CMSIS/Lib/GCC/\libarm_cortexM4lf_math.a
LOAD C:\Users\fcoli\AppData\Local\Temp\VMBuilds\plotter\adafruit_adafruit_grandcentral_m4\Debug/core.a
END GROUP
LOAD c:/users/fcoli/appdata/local/arduino15/packages/adafruit/tools/arm-none-eabi-gcc/9-2019q4/bin/../lib/gcc/arm-none-eabi/9.2.1/../../../../arm-none-eabi/lib/thumb/v7e-m+fp/hard\libstdc++_nano.a
LOAD c:/users/fcoli/appdata/local/arduino15/packages/adafruit/tools/arm-none-eabi-gcc/9-2019q4/bin/../lib/gcc/arm-none-eabi/9.2.1/../../../../arm-none-eabi/lib/thumb/v7e-m+fp/hard\libm.a
START GROUP
LOAD c:/users/fcoli/appdata/local/arduino15/packages/adafruit/tools/arm-none-eabi-gcc/9-2019q4/bin/../lib/gcc/arm-none-eabi/9.2.1/thumb/v7e-m+fp/hard\libgcc.a
LOAD c:/users/fcoli/appdata/local/arduino15/packages/adafruit/tools/arm-none-eabi-gcc/9-2019q4/bin/../lib/gcc/arm-none-eabi/9.2.1/../../../../arm-none-eabi/lib/thumb/v7e-m+fp/hard\libc_nano.a
END GROUP
START GROUP
LOAD c:/users/fcoli/appdata/local/arduino15/packages/adafruit/tools/arm-none-eabi-gcc/9-2019q4/bin/../lib/gcc/arm-none-eabi/9.2.1/thumb/v7e-m+fp/hard\libgcc.a
LOAD c:/users/fcoli/appdata/local/arduino15/packages/adafruit/tools/arm-none-eabi-gcc/9-2019q4/bin/../lib/gcc/arm-none-eabi/9.2.1/../../../../arm-none-eabi/lib/thumb/v7e-m+fp/hard\libc_nano.a
LOAD c:/users/fcoli/appdata/local/arduino15/packages/adafruit/tools/arm-none-eabi-gcc/9-2019q4/bin/../lib/gcc/arm-none-eabi/9.2.1/../../../../arm-none-eabi/lib/thumb/v7e-m+fp/hard\libnosys.a
END GROUP
START GROUP
LOAD c:/users/fcoli/appdata/local/arduino15/packages/adafruit/tools/arm-none-eabi-gcc/9-2019q4/bin/../lib/gcc/arm-none-eabi/9.2.1/thumb/v7e-m+fp/hard\libgcc.a
LOAD c:/users/fcoli/appdata/local/arduino15/packages/adafruit/tools/arm-none-eabi-gcc/9-2019q4/bin/../lib/gcc/arm-none-eabi/9.2.1/../../../../arm-none-eabi/lib/thumb/v7e-m+fp/hard\libc_nano.a
LOAD c:/users/fcoli/appdata/local/arduino15/packages/adafruit/tools/arm-none-eabi-gcc/9-2019q4/bin/../lib/gcc/arm-none-eabi/9.2.1/../../../../arm-none-eabi/lib/thumb/v7e-m+fp/hard\libnosys.a
END GROUP
LOAD c:/users/fcoli/appdata/local/arduino15/packages/adafruit/tools/arm-none-eabi-gcc/9-2019q4/bin/../lib/gcc/arm-none-eabi/9.2.1/thumb/v7e-m+fp/hard/crtend.o
LOAD c:/users/fcoli/appdata/local/arduino15/packages/adafruit/tools/arm-none-eabi-gcc/9-2019q4/bin/../lib/gcc/arm-none-eabi/9.2.1/thumb/v7e-m+fp/hard/crtn.o

.text           0x00004000    0x13490
                0x00004000                __text_start__ = .
 *(.sketch_boot)
                0x00004000                . = ALIGN (0x4000)
 *(.isr_vector)
 .isr_vector    0x00004000      0x264 C:\Users\fcoli\AppData\Local\Temp\VMBuilds\plotter\adafruit_adafruit_grandcentral_m4\Debug/core.a(cortex_handlers.c.o)
                0x00004000                exception_table
 *(.text*)
 .text          0x00004264       0x40 c:/users/fcoli/appdata/local/arduino15/packages/adafruit/tools/arm-none-eabi-gcc/9-2019q4/bin/../lib/gcc/arm-none-eabi/9.2.1/thumb/v7e-m+fp/hard/crtbegin.o
 .text._ZN11ArduinoBlueD2Ev
                0x000042a4       0x10 plotter.cpp.o
                0x000042a4                ArduinoBlue::~ArduinoBlue()
                0x000042a4                ArduinoBlue::~ArduinoBlue()
 *fill*         0x000042b4        0x4 
 .text._Z7stepDirPlS_PhPifb.part.0
                0x000042b8      0x114 plotter.cpp.o
 .text._Z6readIRb
                0x000043cc      0x514 plotter.cpp.o
                0x000043cc                readIR(bool)
 .text._Z10setupServov
                0x000048e0       0xc8 plotter.cpp.o
                0x000048e0                setupServo()
 .text._Z15movePenInternalbb
                0x000049a8      0x184 plotter.cpp.o
                0x000049a8                movePenInternal(bool, bool)
 .text._Z11stepRoutinev
                0x00004b2c      0x188 plotter.cpp.o
                0x00004b2c                stepRoutine()
 *fill*         0x00004cb4        0x4 
 .text._Z16stepAndSpeedCalcllb
                0x00004cb8      0x3c0 plotter.cpp.o
                0x00004cb8                stepAndSpeedCalc(long, long, bool)
 .text._Z7myAtan2dd
                0x00005078      0x2a8 plotter.cpp.o
                0x00005078                myAtan2(double, double)
 .text._Z8stepCalcllbbbb.constprop.0
                0x00005320      0x4e4 plotter.cpp.o
 .text.startup._GLOBAL__sub_I_UniPen
                0x00005804       0x64 plotter.cpp.o
 .text._Z9readFloatPf
                0x00005868      0x1b0 plotter.cpp.o
                0x00005868                readFloat(float*)
 .text._Z18getNextPathSegmentPfS_Pbb
                0x00005a18      0x28c plotter.cpp.o
                0x00005a18                getNextPathSegment(float*, float*, bool*, bool)
 *fill*         0x00005ca4        0x4 
 .text._Z10getSvgDataiiPfS_Pb
                0x00005ca8      0x298 plotter.cpp.o
                0x00005ca8                getSvgData(int, int, float*, float*, bool*)
 .text._Z15getDataInternaliiPfS_Pb
                0x00005f40      0x16c plotter.cpp.o
                0x00005f40                getDataInternal(int, int, float*, float*, bool*)
 .text.loop     0x000060ac      0x5f8 plotter.cpp.o
                0x000060ac                loop
 .text._Z7bmpDrawPcht
                0x000066a4      0x434 plotter.cpp.o
                0x000066a4                bmpDraw(char*, unsigned char, unsigned short)
 .text.setup    0x00006ad8      0x134 plotter.cpp.o
                0x00006ad8                setup
 .text._ZN15Adafruit_FT6206C2Ev
                0x00006c0c        0x8 Adafruit_FT6206_Library\Adafruit_FT6206.cpp.o
                0x00006c0c                Adafruit_FT6206::Adafruit_FT6206()
                0x00006c0c                Adafruit_FT6206::Adafruit_FT6206()
 .text._ZN15Adafruit_FT62068readDataEv
                0x00006c14       0xa4 Adafruit_FT6206_Library\Adafruit_FT6206.cpp.o
                0x00006c14                Adafruit_FT6206::readData()
 .text._ZN15Adafruit_FT62068getPointEh
                0x00006cb8       0x38 Adafruit_FT6206_Library\Adafruit_FT6206.cpp.o
                0x00006cb8                Adafruit_FT6206::getPoint(unsigned char)
 .text._ZN15Adafruit_FT62067touchedEv
                0x00006cf0       0x38 Adafruit_FT6206_Library\Adafruit_FT6206.cpp.o
                0x00006cf0                Adafruit_FT6206::touched()
 .text._ZN15Adafruit_FT62065beginEh
                0x00006d28       0x9c Adafruit_FT6206_Library\Adafruit_FT6206.cpp.o
                0x00006d28                Adafruit_FT6206::begin(unsigned char)
 .text._ZN5Print17availableForWriteEv
                0x00006dc4        0x4 Wire\Wire.cpp.o
                0x00006dc4                Print::availableForWrite()
 .text._ZN7TwoWire9availableEv
                0x00006dc8       0x14 Wire\Wire.cpp.o
                0x00006dc8                TwoWire::available()
 .text._ZN7TwoWire4readEv
                0x00006ddc       0x2c Wire\Wire.cpp.o
                0x00006ddc                TwoWire::read()
 .text._ZN7TwoWire4peekEv
                0x00006e08       0x1c Wire\Wire.cpp.o
                0x00006e08                TwoWire::peek()
 .text._ZN7TwoWire5flushEv
                0x00006e24        0x4 Wire\Wire.cpp.o
                0x00006e24                TwoWire::flush()
 .text._ZN7TwoWire5writeEh
                0x00006e28       0x48 Wire\Wire.cpp.o
                0x00006e28                TwoWire::write(unsigned char)
 .text._ZN7TwoWire5writeEPKhj
                0x00006e70       0x80 Wire\Wire.cpp.o
                0x00006e70                TwoWire::write(unsigned char const*, unsigned int)
 .text._ZN7TwoWireC2EP6SERCOMhh
                0x00006ef0       0x58 Wire\Wire.cpp.o
                0x00006ef0                TwoWire::TwoWire(SERCOM*, unsigned char, unsigned char)
                0x00006ef0                TwoWire::TwoWire(SERCOM*, unsigned char, unsigned char)
 .text._ZN7TwoWire5beginEv
                0x00006f48       0x44 Wire\Wire.cpp.o
                0x00006f48                TwoWire::begin()
 .text._ZN7TwoWire11requestFromEhj
                0x00006f8c       0xa0 Wire\Wire.cpp.o
                0x00006f8c                TwoWire::requestFrom(unsigned char, unsigned int)
 .text._ZN7TwoWire17beginTransmissionEh
                0x0000702c       0x14 Wire\Wire.cpp.o
                0x0000702c                TwoWire::beginTransmission(unsigned char)
 .text._ZN7TwoWire15endTransmissionEb
                0x00007040       0x8c Wire\Wire.cpp.o
                0x00007040                TwoWire::endTransmission(bool)
 .text._ZN7TwoWire15endTransmissionEv
                0x000070cc        0x8 Wire\Wire.cpp.o
                0x000070cc                TwoWire::endTransmission()
 .text.SERCOM3_0_Handler
                0x000070d4      0x144 Wire\Wire.cpp.o
                0x000070d4                SERCOM3_0_Handler
 .text.SERCOM3_1_Handler
                0x00007218      0x144 Wire\Wire.cpp.o
                0x00007218                SERCOM3_1_Handler
 .text.SERCOM3_2_Handler
                0x0000735c      0x144 Wire\Wire.cpp.o
                0x0000735c                SERCOM3_2_Handler
 .text.SERCOM3_3_Handler
                0x000074a0      0x144 Wire\Wire.cpp.o
                0x000074a0                SERCOM3_3_Handler
 .text.SERCOM6_0_Handler
                0x000075e4      0x144 Wire\Wire.cpp.o
                0x000075e4                SERCOM6_0_Handler
 .text.SERCOM6_1_Handler
                0x00007728      0x144 Wire\Wire.cpp.o
                0x00007728                SERCOM6_1_Handler
 .text.SERCOM6_2_Handler
                0x0000786c      0x144 Wire\Wire.cpp.o
                0x0000786c                SERCOM6_2_Handler
 .text.SERCOM6_3_Handler
                0x000079b0      0x144 Wire\Wire.cpp.o
                0x000079b0                SERCOM6_3_Handler
 .text.startup._GLOBAL__sub_I__ZN7TwoWireC2EP6SERCOMhh
                0x00007af4       0x30 Wire\Wire.cpp.o
 .text._ZN16Adafruit_ZeroDMAC2Ev
                0x00007b24       0x20 Adafruit_ZeroDMA\Adafruit_ZeroDMA.cpp.o
                0x00007b24                Adafruit_ZeroDMA::Adafruit_ZeroDMA()
                0x00007b24                Adafruit_ZeroDMA::Adafruit_ZeroDMA()
 .text.DMAC_0_Handler
                0x00007b44       0xc4 Adafruit_ZeroDMA\Adafruit_ZeroDMA.cpp.o
                0x00007b44                DMAC_4_Handler
                0x00007b44                DMAC_2_Handler
                0x00007b44                DMAC_1_Handler
                0x00007b44                DMAC_3_Handler
                0x00007b44                DMAC_0_Handler
 .text._ZN5Print5flushEv
                0x00007c08        0x4 ArduinoBlue\ArduinoBlue.cpp.o
                0x00007c08                Print::flush()
 .text._ZN11ArduinoBlueC2ER6Stream
                0x00007c0c       0x2c ArduinoBlue\ArduinoBlue.cpp.o
                0x00007c0c                ArduinoBlue::ArduinoBlue(Stream&)
                0x00007c0c                ArduinoBlue::ArduinoBlue(Stream&)
 .text._ZN11ArduinoBlue21storePathTransmissionEv
                0x00007c38      0x10c ArduinoBlue\ArduinoBlue.cpp.o
                0x00007c38                ArduinoBlue::storePathTransmission()
 .text._ZN11ArduinoBlue14checkBluetoothEv
                0x00007d44      0x210 ArduinoBlue\ArduinoBlue.cpp.o
                0x00007d44                ArduinoBlue::checkBluetooth()
 .text._ZN11ArduinoBlue9getButtonEv
                0x00007f54       0x18 ArduinoBlue\ArduinoBlue.cpp.o
                0x00007f54                ArduinoBlue::getButton()
 .text._ZN11ArduinoBlue11getThrottleEv
                0x00007f6c        0xc ArduinoBlue\ArduinoBlue.cpp.o
                0x00007f6c                ArduinoBlue::getThrottle()
 .text._ZN11ArduinoBlue11getSteeringEv
                0x00007f78        0xc ArduinoBlue\ArduinoBlue.cpp.o
                0x00007f78                ArduinoBlue::getSteering()
 .text._ZN5SDLib4File17availableForWriteEv
                0x00007f84        0xc SD\File.cpp.o
                0x00007f84                SDLib::File::availableForWrite()
 .text._ZN5SDLib4File9availableEv
                0x00007f90       0x18 SD\File.cpp.o
                0x00007f90                SDLib::File::available()
 .text._ZN5SDLib4File5writeEPKhj
                0x00007fa8       0x24 SD\File.cpp.o
                0x00007fa8                SDLib::File::write(unsigned char const*, unsigned int)
 .text._ZN5SDLib4File4readEv
                0x00007fcc       0x2c SD\File.cpp.o
                0x00007fcc                SDLib::File::read()
 .text._ZN5SDLib4File4peekEv
                0x00007ff8       0x3c SD\File.cpp.o
                0x00007ff8                SDLib::File::peek()
 .text._ZN5SDLib4File5flushEv
                0x00008034        0xc SD\File.cpp.o
                0x00008034                SDLib::File::flush()
 .text._ZN5SDLib4File5writeEh
                0x00008040       0x4c SD\File.cpp.o
                0x00008040                SDLib::File::write(unsigned char)
 .text._ZN5SDLib4FileC2E6SdFilePKc
                0x0000808c       0x5c SD\File.cpp.o
                0x0000808c                SDLib::File::File(SdFile, char const*)
                0x0000808c                SDLib::File::File(SdFile, char const*)
 .text._ZN5SDLib4FileC2Ev
                0x000080e8       0x18 SD\File.cpp.o
                0x000080e8                SDLib::File::File()
                0x000080e8                SDLib::File::File()
 .text._ZN5SDLib4File4readEPvt
                0x00008100       0x10 SD\File.cpp.o
                0x00008100                SDLib::File::read(void*, unsigned short)
 .text._ZN5SDLib4File4seekEm
                0x00008110       0x14 SD\File.cpp.o
                0x00008110                SDLib::File::seek(unsigned long)
 .text._ZN5SDLib4File8positionEv
                0x00008124       0x10 SD\File.cpp.o
                0x00008124                SDLib::File::position()
 .text._ZN5SDLib4File5closeEv
                0x00008134       0x18 SD\File.cpp.o
                0x00008134                SDLib::File::close()
 .text._ZN5SDLib4FilecvbEv
                0x0000814c       0x10 SD\File.cpp.o
                0x0000814c                SDLib::File::operator bool()
 .text._ZN5SDLib7SDClass5beginEmh
                0x0000815c       0x74 SD\SD.cpp.o
                0x0000815c                SDLib::SDClass::begin(unsigned long, unsigned char)
 .text._ZN5SDLib7SDClass12getParentDirEPKcPi
                0x000081d0       0xe8 SD\SD.cpp.o
                0x000081d0                SDLib::SDClass::getParentDir(char const*, int*)
 .text._ZN5SDLib7SDClass4openEPKch
                0x000082b8       0xd4 SD\SD.cpp.o
                0x000082b8                SDLib::SDClass::open(char const*, unsigned char)
 .text.startup._GLOBAL__sub_I__ZN5SDLib20getNextPathComponentEPKcPjPc
                0x0000838c       0x28 SD\SD.cpp.o
 .text._ZN11SPISettingsC2Em8BitOrderh
                0x000083b4       0x2c SD\utility\Sd2Card.cpp.o
                0x000083b4                SPISettings::SPISettings(unsigned long, BitOrder, unsigned char)
                0x000083b4                SPISettings::SPISettings(unsigned long, BitOrder, unsigned char)
 .text._ZN7Sd2Card11cardCommandEhm
                0x000083e0      0x104 SD\utility\Sd2Card.cpp.o
                0x000083e0                Sd2Card::cardCommand(unsigned char, unsigned long)
 .text._ZN7Sd2Card4initEhh
                0x000084e4      0x260 SD\utility\Sd2Card.cpp.o
                0x000084e4                Sd2Card::init(unsigned char, unsigned char)
 .text._ZN7Sd2Card9readBlockEmPh
                0x00008744      0x128 SD\utility\Sd2Card.cpp.o
                0x00008744                Sd2Card::readBlock(unsigned long, unsigned char*)
 .text._ZN7Sd2Card8readDataEmttPh
                0x0000886c      0x164 SD\utility\Sd2Card.cpp.o
                0x0000886c                Sd2Card::readData(unsigned long, unsigned short, unsigned short, unsigned char*)
 .text._ZN7Sd2Card11setSpiClockEm
                0x000089d0       0x24 SD\utility\Sd2Card.cpp.o
                0x000089d0                Sd2Card::setSpiClock(unsigned long)
 .text._ZN7Sd2Card10writeBlockEmPKhh
                0x000089f4      0x128 SD\utility\Sd2Card.cpp.o
                0x000089f4                Sd2Card::writeBlock(unsigned long, unsigned char const*, unsigned char)
 .text._ZN7Sd2Card6isBusyEv
                0x00008b1c       0x68 SD\utility\Sd2Card.cpp.o
                0x00008b1c                Sd2Card::isBusy()
 .text.startup._GLOBAL__sub_I__ZN7Sd2Card11cardCommandEhm
                0x00008b84       0x14 SD\utility\Sd2Card.cpp.o
 .text._ZN6SdFile4syncEh.part.0
                0x00008b98       0x74 SD\utility\SdFile.cpp.o
 .text._ZN6SdFile13addDirClusterEv
                0x00008c0c       0x78 SD\utility\SdFile.cpp.o
                0x00008c0c                SdFile::addDirCluster()
 .text._ZN6SdFile5closeEv
                0x00008c84       0x7c SD\utility\SdFile.cpp.o
                0x00008c84                SdFile::close()
 .text._ZN6SdFile10make83NameEPKcPh
                0x00008d00       0x98 SD\utility\SdFile.cpp.o
                0x00008d00                SdFile::make83Name(char const*, unsigned char*)
 .text._ZN6SdFile8openRootEP8SdVolume
                0x00008d98       0x50 SD\utility\SdFile.cpp.o
                0x00008d98                SdFile::openRoot(SdVolume*)
 .text._ZN6SdFile4readEPvt
                0x00008de8      0x174 SD\utility\SdFile.cpp.o
                0x00008de8                SdFile::read(void*, unsigned short)
 .text._ZN6SdFile7seekSetEm
                0x00008f5c       0x64 SD\utility\SdFile.cpp.o
                0x00008f5c                SdFile::seekSet(unsigned long)
 .text._ZN6SdFile17availableForWriteEv
                0x00008fc0       0x7c SD\utility\SdFile.cpp.o
                0x00008fc0                SdFile::availableForWrite()
 .text._ZN6SdFile15openCachedEntryEhh
                0x0000903c       0xc0 SD\utility\SdFile.cpp.o
                0x0000903c                SdFile::openCachedEntry(unsigned char, unsigned char)
 .text._ZN6SdFile4openEPS_PKch.part.0
                0x000090fc      0x190 SD\utility\SdFile.cpp.o
 .text._ZN6SdFile4openEPS_PKch
                0x0000928c       0x18 SD\utility\SdFile.cpp.o
                0x0000928c                SdFile::open(SdFile*, char const*, unsigned char)
 .text._ZN6SdFile4syncEh
                0x000092a4       0x80 SD\utility\SdFile.cpp.o
                0x000092a4                SdFile::sync(unsigned char)
 .text._ZN6SdFile5writeEPKvt
                0x00009324      0x2a8 SD\utility\SdFile.cpp.o
                0x00009324                SdFile::write(void const*, unsigned short)
 .text._ZN6SdFile5writeEh
                0x000095cc       0x1c SD\utility\SdFile.cpp.o
                0x000095cc                SdFile::write(unsigned char)
 .text._ZN8SdVolume6fatPutEmm.part.0
                0x000095e8       0xe4 SD\utility\SdVolume.cpp.o
 .text._ZN8SdVolume10cacheFlushEh
                0x000096cc       0x5c SD\utility\SdVolume.cpp.o
                0x000096cc                SdVolume::cacheFlush(unsigned char)
 .text._ZN8SdVolume21cacheMirrorBlockFlushEh
                0x00009728       0x30 SD\utility\SdVolume.cpp.o
                0x00009728                SdVolume::cacheMirrorBlockFlush(unsigned char)
 .text._ZN8SdVolume13cacheRawBlockEmh
                0x00009758       0x90 SD\utility\SdVolume.cpp.o
                0x00009758                SdVolume::cacheRawBlock(unsigned long, unsigned char)
 .text._ZN8SdVolume15allocContiguousEmPm
                0x000097e8      0x14c SD\utility\SdVolume.cpp.o
                0x000097e8                SdVolume::allocContiguous(unsigned long, unsigned long*)
 .text._ZN8SdVolume14cacheZeroBlockEm
                0x00009934       0x70 SD\utility\SdVolume.cpp.o
                0x00009934                SdVolume::cacheZeroBlock(unsigned long)
 .text._ZNK8SdVolume9chainSizeEmPm
                0x000099a4      0x104 SD\utility\SdVolume.cpp.o
                0x000099a4                SdVolume::chainSize(unsigned long, unsigned long*) const
 .text._ZNK8SdVolume6fatGetEmPm
                0x00009aa8       0xd4 SD\utility\SdVolume.cpp.o
                0x00009aa8                SdVolume::fatGet(unsigned long, unsigned long*) const
 .text._ZN8SdVolume9freeChainEm
                0x00009b7c      0x108 SD\utility\SdVolume.cpp.o
                0x00009b7c                SdVolume::freeChain(unsigned long)
 .text._ZN8SdVolume4initEP7Sd2Cardh
                0x00009c84      0x1ec SD\utility\SdVolume.cpp.o
                0x00009c84                SdVolume::init(Sd2Card*, unsigned char)
 .text._ZN8SPIClass5beginEv
                0x00009e70       0x84 SPI\SPI.cpp.o
                0x00009e70                SPIClass::begin()
 .text._ZN8SPIClass16beginTransactionE11SPISettings
                0x00009ef4       0x68 SPI\SPI.cpp.o
                0x00009ef4                SPIClass::beginTransaction(SPISettings)
 .text._ZN8SPIClass14endTransactionEv
                0x00009f5c       0x20 SPI\SPI.cpp.o
                0x00009f5c                SPIClass::endTransaction()
 .text._ZN8SPIClass8transferEh
                0x00009f7c        0x8 SPI\SPI.cpp.o
                0x00009f7c                SPIClass::transfer(unsigned char)
 .text.startup._GLOBAL__sub_I__ZN8SPIClassC2EP6SERCOMhhh14SercomSpiTXPad11SercomRXPad
                0x00009f84       0x84 SPI\SPI.cpp.o
 .text._ZN12Adafruit_GFX10startWriteEv
                0x0000a008        0x4 Adafruit_GFX_Library\Adafruit_GFX.cpp.o
                0x0000a008                Adafruit_GFX::startWrite()
                0x0000a008                Adafruit_GFX::endWrite()
 .text._ZN12Adafruit_GFX10writePixelEsst
                0x0000a00c       0x10 Adafruit_GFX_Library\Adafruit_GFX.cpp.o
                0x0000a00c                Adafruit_GFX::writePixel(short, short, unsigned short)
 .text._ZN12Adafruit_GFX13invertDisplayEb
                0x0000a01c        0x4 Adafruit_GFX_Library\Adafruit_GFX.cpp.o
                0x0000a01c                Adafruit_GFX::invertDisplay(bool)
 .text._ZN12Adafruit_GFX11setRotationEh
                0x0000a020       0x1c Adafruit_GFX_Library\Adafruit_GFX.cpp.o
                0x0000a020                Adafruit_GFX::setRotation(unsigned char)
 .text._ZN12Adafruit_GFX13drawFastVLineEssst
                0x0000a03c       0x5c Adafruit_GFX_Library\Adafruit_GFX.cpp.o
                0x0000a03c                Adafruit_GFX::drawFastVLine(short, short, short, unsigned short)
 .text._ZN12Adafruit_GFX13drawFastHLineEssst
                0x0000a098       0x5c Adafruit_GFX_Library\Adafruit_GFX.cpp.o
                0x0000a098                Adafruit_GFX::drawFastHLine(short, short, short, unsigned short)
 .text._ZN12Adafruit_GFX8drawRectEsssst
                0x0000a0f4       0xa0 Adafruit_GFX_Library\Adafruit_GFX.cpp.o
                0x0000a0f4                Adafruit_GFX::drawRect(short, short, short, short, unsigned short)
 .text._ZN12Adafruit_GFX13writeFillRectEsssst
                0x0000a194       0xf0 Adafruit_GFX_Library\Adafruit_GFX.cpp.o
                0x0000a194                Adafruit_GFX::writeFillRect(short, short, short, short, unsigned short)
 .text._ZN12Adafruit_GFX10fillScreenEt
                0x0000a284       0xdc Adafruit_GFX_Library\Adafruit_GFX.cpp.o
                0x0000a284                Adafruit_GFX::fillScreen(unsigned short)
 .text._ZN12Adafruit_GFX8fillRectEsssst
                0x0000a360       0xfc Adafruit_GFX_Library\Adafruit_GFX.cpp.o
                0x0000a360                Adafruit_GFX::fillRect(short, short, short, short, unsigned short)
 .text._ZN12Adafruit_GFX14writeFastVLineEssst
                0x0000a45c       0x80 Adafruit_GFX_Library\Adafruit_GFX.cpp.o
                0x0000a45c                Adafruit_GFX::writeFastVLine(short, short, short, unsigned short)
 .text._ZN12Adafruit_GFX14writeFastHLineEssst
                0x0000a4dc       0x7c Adafruit_GFX_Library\Adafruit_GFX.cpp.o
                0x0000a4dc                Adafruit_GFX::writeFastHLine(short, short, short, unsigned short)
 .text._ZN12Adafruit_GFX9writeLineEsssst
                0x0000a558      0x13c Adafruit_GFX_Library\Adafruit_GFX.cpp.o
                0x0000a558                Adafruit_GFX::writeLine(short, short, short, short, unsigned short)
 .text._ZN12Adafruit_GFX8drawLineEsssst
                0x0000a694      0x100 Adafruit_GFX_Library\Adafruit_GFX.cpp.o
                0x0000a694                Adafruit_GFX::drawLine(short, short, short, short, unsigned short)
 .text._ZN12Adafruit_GFXC2Ess
                0x0000a794       0x30 Adafruit_GFX_Library\Adafruit_GFX.cpp.o
                0x0000a794                Adafruit_GFX::Adafruit_GFX(short, short)
                0x0000a794                Adafruit_GFX::Adafruit_GFX(short, short)
 .text._ZN12Adafruit_GFX8drawCharEsshtthh
                0x0000a7c4      0x460 Adafruit_GFX_Library\Adafruit_GFX.cpp.o
                0x0000a7c4                Adafruit_GFX::drawChar(short, short, unsigned char, unsigned short, unsigned short, unsigned char, unsigned char)
 .text._ZN12Adafruit_GFX5writeEh
                0x0000ac24      0x14c Adafruit_GFX_Library\Adafruit_GFX.cpp.o
                0x0000ac24                Adafruit_GFX::write(unsigned char)
 .text._ZN15Adafruit_SPITFT10startWriteEv
                0x0000ad70       0x28 Adafruit_GFX_Library\Adafruit_SPITFT.cpp.o
                0x0000ad70                Adafruit_SPITFT::startWrite()
 .text._ZN15Adafruit_SPITFT8endWriteEv
                0x0000ad98       0x1c Adafruit_GFX_Library\Adafruit_SPITFT.cpp.o
                0x0000ad98                Adafruit_SPITFT::endWrite()
 .text._ZN15Adafruit_SPITFT10writeColorEtm.part.0
                0x0000adb4      0x348 Adafruit_GFX_Library\Adafruit_SPITFT.cpp.o
 .text._ZN15Adafruit_SPITFT14writeFastVLineEssst
                0x0000b0fc       0xa4 Adafruit_GFX_Library\Adafruit_SPITFT.cpp.o
                0x0000b0fc                Adafruit_SPITFT::writeFastVLine(short, short, short, unsigned short)
 .text._ZN15Adafruit_SPITFT14writeFastHLineEssst
                0x0000b1a0       0xa4 Adafruit_GFX_Library\Adafruit_SPITFT.cpp.o
                0x0000b1a0                Adafruit_SPITFT::writeFastHLine(short, short, short, unsigned short)
 .text._ZN15Adafruit_SPITFT13writeFillRectEsssst
                0x0000b244      0x384 Adafruit_GFX_Library\Adafruit_SPITFT.cpp.o
                0x0000b244                Adafruit_SPITFT::writeFillRect(short, short, short, short, unsigned short)
 .text._ZN15Adafruit_SPITFT13invertDisplayEb
                0x0000b5c8      0x178 Adafruit_GFX_Library\Adafruit_SPITFT.cpp.o
                0x0000b5c8                Adafruit_SPITFT::invertDisplay(bool)
 .text._ZN15Adafruit_SPITFT13drawFastVLineEssst
                0x0000b740       0xf8 Adafruit_GFX_Library\Adafruit_SPITFT.cpp.o
                0x0000b740                Adafruit_SPITFT::drawFastVLine(short, short, short, unsigned short)
 .text._ZN15Adafruit_SPITFT13drawFastHLineEssst
                0x0000b838       0xf8 Adafruit_GFX_Library\Adafruit_SPITFT.cpp.o
                0x0000b838                Adafruit_SPITFT::drawFastHLine(short, short, short, unsigned short)
 .text._ZN15Adafruit_SPITFT8fillRectEsssst
                0x0000b930      0x400 Adafruit_GFX_Library\Adafruit_SPITFT.cpp.o
                0x0000b930                Adafruit_SPITFT::fillRect(short, short, short, short, unsigned short)
 .text._ZN15Adafruit_SPITFTC2Ettaaa
                0x0000bd30       0xb4 Adafruit_GFX_Library\Adafruit_SPITFT.cpp.o
                0x0000bd30                Adafruit_SPITFT::Adafruit_SPITFT(unsigned short, unsigned short, signed char, signed char, signed char)
                0x0000bd30                Adafruit_SPITFT::Adafruit_SPITFT(unsigned short, unsigned short, signed char, signed char, signed char)
 .text._ZN15Adafruit_SPITFT7initSPIEmh
                0x0000bde4      0x1a4 Adafruit_GFX_Library\Adafruit_SPITFT.cpp.o
                0x0000bde4                Adafruit_SPITFT::initSPI(unsigned long, unsigned char)
 .text._ZN15Adafruit_SPITFT9pushColorEt
                0x0000bf88      0x238 Adafruit_GFX_Library\Adafruit_SPITFT.cpp.o
                0x0000bf88                Adafruit_SPITFT::pushColor(unsigned short)
 .text._ZN15Adafruit_SPITFT8color565Ehhh
                0x0000c1c0       0x20 Adafruit_GFX_Library\Adafruit_SPITFT.cpp.o
                0x0000c1c0                Adafruit_SPITFT::color565(unsigned char, unsigned char, unsigned char)
 .text._ZN15Adafruit_SPITFT12writeCommandEh
                0x0000c1e0      0x104 Adafruit_GFX_Library\Adafruit_SPITFT.cpp.o
                0x0000c1e0                Adafruit_SPITFT::writeCommand(unsigned char)
 .text._ZN15Adafruit_SPITFT11SPI_WRITE16Et
                0x0000c2e4      0x1bc Adafruit_GFX_Library\Adafruit_SPITFT.cpp.o
                0x0000c2e4                Adafruit_SPITFT::SPI_WRITE16(unsigned short)
 .text._ZN15Adafruit_SPITFT10writePixelEsst
                0x0000c4a0       0x44 Adafruit_GFX_Library\Adafruit_SPITFT.cpp.o
                0x0000c4a0                Adafruit_SPITFT::writePixel(short, short, unsigned short)
 .text._ZN15Adafruit_SPITFT9drawPixelEsst
                0x0000c4e4       0xb4 Adafruit_GFX_Library\Adafruit_SPITFT.cpp.o
                0x0000c4e4                Adafruit_SPITFT::drawPixel(short, short, unsigned short)
 .text._ZN15Adafruit_SPITFT11sendCommandEhPhh
                0x0000c598      0x260 Adafruit_GFX_Library\Adafruit_SPITFT.cpp.o
                0x0000c598                Adafruit_SPITFT::sendCommand(unsigned char, unsigned char*, unsigned char)
 .text._ZN15Adafruit_SPITFT11sendCommandEhPKhh
                0x0000c7f8      0x26c Adafruit_GFX_Library\Adafruit_SPITFT.cpp.o
                0x0000c7f8                Adafruit_SPITFT::sendCommand(unsigned char, unsigned char const*, unsigned char)
 .text._ZN16Adafruit_ILI934113invertDisplayEb
                0x0000ca64       0x14 Adafruit_ILI9341\Adafruit_ILI9341.cpp.o
                0x0000ca64                Adafruit_ILI9341::invertDisplay(bool)
 .text._ZN16Adafruit_ILI93415beginEm
                0x0000ca78       0x84 Adafruit_ILI9341\Adafruit_ILI9341.cpp.o
                0x0000ca78                Adafruit_ILI9341::begin(unsigned long)
 .text._ZN16Adafruit_ILI934111setRotationEh
                0x0000cafc       0x58 Adafruit_ILI9341\Adafruit_ILI9341.cpp.o
                0x0000cafc                Adafruit_ILI9341::setRotation(unsigned char)
 .text._ZN16Adafruit_ILI934113setAddrWindowEtttt
                0x0000cb54       0x54 Adafruit_ILI9341\Adafruit_ILI9341.cpp.o
                0x0000cb54                Adafruit_ILI9341::setAddrWindow(unsigned short, unsigned short, unsigned short, unsigned short)
 .text._ZN16Adafruit_ILI9341C2Eaaa
                0x0000cba8       0x24 Adafruit_ILI9341\Adafruit_ILI9341.cpp.o
                0x0000cba8                Adafruit_ILI9341::Adafruit_ILI9341(signed char, signed char, signed char)
                0x0000cba8                Adafruit_ILI9341::Adafruit_ILI9341(signed char, signed char, signed char)
 .text.TC0_Handler
                0x0000cbcc      0x12c Servo\samd\Servo.cpp.o
                0x0000cbcc                TC0_Handler
 .text._ZN5ServoC2Ev
                0x0000ccf8       0x4c Servo\samd\Servo.cpp.o
                0x0000ccf8                Servo::Servo()
                0x0000ccf8                Servo::Servo()
 .text._ZN5Servo6attachEi
                0x0000cd44      0x1bc Servo\samd\Servo.cpp.o
                0x0000cd44                Servo::attach(int)
 .text._ZN5Servo5writeEi
                0x0000cf00       0x90 Servo\samd\Servo.cpp.o
                0x0000cf00                Servo::write(int)
 .text.SERCOM0_0_Handler
                0x0000cf90        0xc C:\Users\fcoli\AppData\Local\Temp\VMBCore\arduino16x\ff05213c525f1533353c57d2000bb1ad\variant\variant.cpp.o
                0x0000cf90                SERCOM0_0_Handler
 .text.SERCOM0_1_Handler
                0x0000cf9c        0xc C:\Users\fcoli\AppData\Local\Temp\VMBCore\arduino16x\ff05213c525f1533353c57d2000bb1ad\variant\variant.cpp.o
                0x0000cf9c                SERCOM0_1_Handler
 .text.SERCOM0_2_Handler
                0x0000cfa8        0xc C:\Users\fcoli\AppData\Local\Temp\VMBCore\arduino16x\ff05213c525f1533353c57d2000bb1ad\variant\variant.cpp.o
                0x0000cfa8                SERCOM0_2_Handler
 .text.SERCOM0_3_Handler
                0x0000cfb4        0xc C:\Users\fcoli\AppData\Local\Temp\VMBCore\arduino16x\ff05213c525f1533353c57d2000bb1ad\variant\variant.cpp.o
                0x0000cfb4                SERCOM0_3_Handler
 .text.startup._GLOBAL__sub_I_g_APinDescription
                0x0000cfc0       0x9c C:\Users\fcoli\AppData\Local\Temp\VMBCore\arduino16x\ff05213c525f1533353c57d2000bb1ad\variant\variant.cpp.o
 .text.Dummy_Handler
                0x0000d05c        0x4 C:\Users\fcoli\AppData\Local\Temp\VMBuilds\plotter\adafruit_adafruit_grandcentral_m4\Debug/core.a(cortex_handlers.c.o)
                0x0000d05c                EIC_5_Handler
                0x0000d05c                DebugMon_Handler
                0x0000d05c                EIC_13_Handler
                0x0000d05c                EVSYS_0_Handler
                0x0000d05c                TCC1_3_Handler
                0x0000d05c                DAC_3_Handler
                0x0000d05c                TRNG_Handler
                0x0000d05c                HardFault_Handler
                0x0000d05c                PDEC_2_Handler
                0x0000d05c                EIC_4_Handler
                0x0000d05c                AC_Handler
                0x0000d05c                TCC2_3_Handler
                0x0000d05c                PendSV_Handler
                0x0000d05c                NMI_Handler
                0x0000d05c                TC7_Handler
                0x0000d05c                ADC1_1_Handler
                0x0000d05c                EVSYS_3_Handler
                0x0000d05c                PDEC_0_Handler
                0x0000d05c                QSPI_Handler
                0x0000d05c                TCC0_0_Handler
                0x0000d05c                EIC_3_Handler
                0x0000d05c                TAL_0_Handler
                0x0000d05c                DAC_2_Handler
                0x0000d05c                RTC_Handler
                0x0000d05c                UsageFault_Handler
                0x0000d05c                SERCOM4_0_Handler
                0x0000d05c                EIC_10_Handler
                0x0000d05c                EIC_11_Handler
                0x0000d05c                EIC_9_Handler
                0x0000d05c                OSC32KCTRL_Handler
                0x0000d05c                TCC2_1_Handler
                0x0000d05c                SUPC_1_Handler
                0x0000d05c                TCC0_5_Handler
                0x0000d05c                TCC0_6_Handler
                0x0000d05c                EVSYS_1_Handler
                0x0000d05c                TCC1_4_Handler
                0x0000d05c                TC6_Handler
                0x0000d05c                WDT_Handler
                0x0000d05c                EIC_8_Handler
                0x0000d05c                EIC_15_Handler
                0x0000d05c                SERCOM5_0_Handler
                0x0000d05c                TC4_Handler
                0x0000d05c                TC1_Handler
                0x0000d05c                OSCCTRL_4_Handler
                0x0000d05c                SERCOM4_3_Handler
                0x0000d05c                EIC_12_Handler
                0x0000d05c                TCC4_2_Handler
                0x0000d05c                PAC_Handler
                0x0000d05c                TCC1_0_Handler
                0x0000d05c                OSCCTRL_0_Handler
                0x0000d05c                EIC_0_Handler
                0x0000d05c                OSCCTRL_3_Handler
                0x0000d05c                SERCOM4_1_Handler
                0x0000d05c                TC3_Handler
                0x0000d05c                Dummy_Handler
                0x0000d05c                TCC3_0_Handler
                0x0000d05c                TCC2_2_Handler
                0x0000d05c                SERCOM5_1_Handler
                0x0000d05c                TCC1_1_Handler
                0x0000d05c                ADC0_0_Handler
                0x0000d05c                OSCCTRL_2_Handler
                0x0000d05c                ADC1_0_Handler
                0x0000d05c                TCC1_2_Handler
                0x0000d05c                SERCOM7_1_Handler
                0x0000d05c                PM_Handler
                0x0000d05c                SERCOM2_3_Handler
                0x0000d05c                DAC_4_Handler
                0x0000d05c                TCC3_2_Handler
                0x0000d05c                SERCOM7_0_Handler
                0x0000d05c                TCC0_2_Handler
                0x0000d05c                TCC4_0_Handler
                0x0000d05c                SERCOM7_3_Handler
                0x0000d05c                SDHC1_Handler
                0x0000d05c                SERCOM7_2_Handler
                0x0000d05c                TCC2_0_Handler
                0x0000d05c                PDEC_1_Handler
                0x0000d05c                MemManage_Handler
                0x0000d05c                TCC4_1_Handler
                0x0000d05c                SERCOM5_3_Handler
                0x0000d05c                SVC_Handler
                0x0000d05c                SDHC0_Handler
                0x0000d05c                SERCOM1_1_Handler
                0x0000d05c                I2S_Handler
                0x0000d05c                EIC_2_Handler
                0x0000d05c                PCC_Handler
                0x0000d05c                DAC_0_Handler
                0x0000d05c                TCC0_1_Handler
                0x0000d05c                SERCOM1_3_Handler
                0x0000d05c                EIC_6_Handler
                0x0000d05c                OSCCTRL_1_Handler
                0x0000d05c                SERCOM1_0_Handler
                0x0000d05c                PUKCC_Handler
                0x0000d05c                SERCOM2_1_Handler
                0x0000d05c                SERCOM1_2_Handler
                0x0000d05c                EIC_1_Handler
                0x0000d05c                SERCOM4_2_Handler
                0x0000d05c                EVSYS_4_Handler
                0x0000d05c                EIC_7_Handler
                0x0000d05c                NVMCTRL_1_Handler
                0x0000d05c                SERCOM5_2_Handler
                0x0000d05c                ADC0_1_Handler
                0x0000d05c                SERCOM2_2_Handler
                0x0000d05c                TCC3_1_Handler
                0x0000d05c                EIC_14_Handler
                0x0000d05c                DAC_1_Handler
                0x0000d05c                NVMCTRL_0_Handler
                0x0000d05c                TAL_1_Handler
                0x0000d05c                MCLK_Handler
                0x0000d05c                EVSYS_2_Handler
                0x0000d05c                SUPC_0_Handler
                0x0000d05c                BusFault_Handler
                0x0000d05c                FREQM_Handler
                0x0000d05c                TCC0_3_Handler
                0x0000d05c                TCC0_4_Handler
                0x0000d05c                RAMECC_Handler
                0x0000d05c                TC5_Handler
                0x0000d05c                SERCOM2_0_Handler
                0x0000d05c                AES_Handler
                0x0000d05c                ICM_Handler
 .text.USB_0_Handler
                0x0000d060       0x10 C:\Users\fcoli\AppData\Local\Temp\VMBuilds\plotter\adafruit_adafruit_grandcentral_m4\Debug/core.a(cortex_handlers.c.o)
                0x0000d060                USB_0_Handler
 .text.Reset_Handler
                0x0000d070       0x94 C:\Users\fcoli\AppData\Local\Temp\VMBuilds\plotter\adafruit_adafruit_grandcentral_m4\Debug/core.a(cortex_handlers.c.o)
                0x0000d070                Reset_Handler
 .text.SysTick_Handler
                0x0000d104       0x14 C:\Users\fcoli\AppData\Local\Temp\VMBuilds\plotter\adafruit_adafruit_grandcentral_m4\Debug/core.a(cortex_handlers.c.o)
                0x0000d104                SysTick_Handler
 .text.USB_3_Handler
                0x0000d118       0x10 C:\Users\fcoli\AppData\Local\Temp\VMBuilds\plotter\adafruit_adafruit_grandcentral_m4\Debug/core.a(cortex_handlers.c.o)
                0x0000d118                USB_3_Handler
 .text.USB_1_Handler
                0x0000d128       0x10 C:\Users\fcoli\AppData\Local\Temp\VMBuilds\plotter\adafruit_adafruit_grandcentral_m4\Debug/core.a(cortex_handlers.c.o)
                0x0000d128                USB_1_Handler
 .text.USB_2_Handler
                0x0000d138       0x10 C:\Users\fcoli\AppData\Local\Temp\VMBuilds\plotter\adafruit_adafruit_grandcentral_m4\Debug/core.a(cortex_handlers.c.o)
                0x0000d138                USB_2_Handler
 .text.USB_SetHandler
                0x0000d148        0xc C:\Users\fcoli\AppData\Local\Temp\VMBuilds\plotter\adafruit_adafruit_grandcentral_m4\Debug/core.a(cortex_handlers.c.o)
                0x0000d148                USB_SetHandler
 .text.millis   0x0000d154        0xc C:\Users\fcoli\AppData\Local\Temp\VMBuilds\plotter\adafruit_adafruit_grandcentral_m4\Debug/core.a(delay.c.o)
                0x0000d154                millis
 .text.micros   0x0000d160       0x60 C:\Users\fcoli\AppData\Local\Temp\VMBuilds\plotter\adafruit_adafruit_grandcentral_m4\Debug/core.a(delay.c.o)
                0x0000d160                micros
 .text.delayMicroseconds
                0x0000d1c0       0x1c C:\Users\fcoli\AppData\Local\Temp\VMBuilds\plotter\adafruit_adafruit_grandcentral_m4\Debug/core.a(delay.c.o)
                0x0000d1c0                delayMicroseconds
 .text.delay    0x0000d1dc       0xdc C:\Users\fcoli\AppData\Local\Temp\VMBuilds\plotter\adafruit_adafruit_grandcentral_m4\Debug/core.a(delay.c.o)
                0x0000d1dc                delay
 .text.SysTick_DefaultHandler
                0x0000d2b8       0x10 C:\Users\fcoli\AppData\Local\Temp\VMBuilds\plotter\adafruit_adafruit_grandcentral_m4\Debug/core.a(delay.c.o)
                0x0000d2b8                SysTick_DefaultHandler
 .text.__empty  0x0000d2c8        0x4 C:\Users\fcoli\AppData\Local\Temp\VMBuilds\plotter\adafruit_adafruit_grandcentral_m4\Debug/core.a(hooks.c.o)
                0x0000d2c8                yield
 .text.__false  0x0000d2cc        0x4 C:\Users\fcoli\AppData\Local\Temp\VMBuilds\plotter\adafruit_adafruit_grandcentral_m4\Debug/core.a(hooks.c.o)
                0x0000d2cc                sysTickHook
 .text.SystemInit
                0x0000d2d0      0x208 C:\Users\fcoli\AppData\Local\Temp\VMBuilds\plotter\adafruit_adafruit_grandcentral_m4\Debug/core.a(startup.c.o)
                0x0000d2d0                SystemInit
 .text.init     0x0000d4d8      0x124 C:\Users\fcoli\AppData\Local\Temp\VMBuilds\plotter\adafruit_adafruit_grandcentral_m4\Debug/core.a(wiring.c.o)
                0x0000d4d8                init
 .text.analogReference
                0x0000d5fc       0xf4 C:\Users\fcoli\AppData\Local\Temp\VMBuilds\plotter\adafruit_adafruit_grandcentral_m4\Debug/core.a(wiring_analog.c.o)
                0x0000d5fc                analogReference
 .text.pinMode  0x0000d6f0       0x9c C:\Users\fcoli\AppData\Local\Temp\VMBuilds\plotter\adafruit_adafruit_grandcentral_m4\Debug/core.a(wiring_digital.c.o)
                0x0000d6f0                pinMode
 .text.digitalWrite
                0x0000d78c       0x5c C:\Users\fcoli\AppData\Local\Temp\VMBuilds\plotter\adafruit_adafruit_grandcentral_m4\Debug/core.a(wiring_digital.c.o)
                0x0000d78c                digitalWrite
 .text.pinPeripheral
                0x0000d7e8       0xdc C:\Users\fcoli\AppData\Local\Temp\VMBuilds\plotter\adafruit_adafruit_grandcentral_m4\Debug/core.a(wiring_private.c.o)
                0x0000d7e8                pinPeripheral
 .text.__cxa_pure_virtual
                0x0000d8c4        0x4 C:\Users\fcoli\AppData\Local\Temp\VMBuilds\plotter\adafruit_adafruit_grandcentral_m4\Debug/core.a(abi.cpp.o)
                0x0000d8c4                __cxa_pure_virtual
 .text._Z11initVariantv
                0x0000d8c8        0x4 C:\Users\fcoli\AppData\Local\Temp\VMBuilds\plotter\adafruit_adafruit_grandcentral_m4\Debug/core.a(main.cpp.o)
                0x0000d8c8                initVariant()
 .text.startup.main
                0x0000d8cc       0x54 C:\Users\fcoli\AppData\Local\Temp\VMBuilds\plotter\adafruit_adafruit_grandcentral_m4\Debug/core.a(main.cpp.o)
                0x0000d8cc                main
 .text._Znwj    0x0000d920        0x4 C:\Users\fcoli\AppData\Local\Temp\VMBuilds\plotter\adafruit_adafruit_grandcentral_m4\Debug/core.a(new.cpp.o)
                0x0000d920                operator new(unsigned int)
 .text._Znaj    0x0000d924        0x4 C:\Users\fcoli\AppData\Local\Temp\VMBuilds\plotter\adafruit_adafruit_grandcentral_m4\Debug/core.a(new.cpp.o)
                0x0000d924                operator new[](unsigned int)
 .text._ZdlPv   0x0000d928        0x4 C:\Users\fcoli\AppData\Local\Temp\VMBuilds\plotter\adafruit_adafruit_grandcentral_m4\Debug/core.a(new.cpp.o)
                0x0000d928                operator delete(void*)
 .text._ZdaPv   0x0000d92c        0x4 C:\Users\fcoli\AppData\Local\Temp\VMBuilds\plotter\adafruit_adafruit_grandcentral_m4\Debug/core.a(new.cpp.o)
                0x0000d92c                operator delete[](void*)
 .text._ZN5Print5writeEPKhj
                0x0000d930       0x2c C:\Users\fcoli\AppData\Local\Temp\VMBuilds\plotter\adafruit_adafruit_grandcentral_m4\Debug/core.a(Print.cpp.o)
                0x0000d930                Print::write(unsigned char const*, unsigned int)
 .text._ZN5Print5printEPK19__FlashStringHelper
                0x0000d95c       0x5c C:\Users\fcoli\AppData\Local\Temp\VMBuilds\plotter\adafruit_adafruit_grandcentral_m4\Debug/core.a(Print.cpp.o)
                0x0000d95c                Print::print(__FlashStringHelper const*)
 .text._ZN5Print5printEPKc
                0x0000d9b8       0x5c C:\Users\fcoli\AppData\Local\Temp\VMBuilds\plotter\adafruit_adafruit_grandcentral_m4\Debug/core.a(Print.cpp.o)
                0x0000d9b8                Print::print(char const*)
 .text._ZN5Print5printEc
                0x0000da14        0x8 C:\Users\fcoli\AppData\Local\Temp\VMBuilds\plotter\adafruit_adafruit_grandcentral_m4\Debug/core.a(Print.cpp.o)
                0x0000da14                Print::print(char)
 .text._ZN5Print7printlnEPK19__FlashStringHelper
                0x0000da1c       0xa0 C:\Users\fcoli\AppData\Local\Temp\VMBuilds\plotter\adafruit_adafruit_grandcentral_m4\Debug/core.a(Print.cpp.o)
                0x0000da1c                Print::println(__FlashStringHelper const*)
 .text._ZN5Print7printlnEv
                0x0000dabc       0x40 C:\Users\fcoli\AppData\Local\Temp\VMBuilds\plotter\adafruit_adafruit_grandcentral_m4\Debug/core.a(Print.cpp.o)
                0x0000dabc                Print::println()
 .text._ZN5Print7printlnEPKc
                0x0000dafc       0xa0 C:\Users\fcoli\AppData\Local\Temp\VMBuilds\plotter\adafruit_adafruit_grandcentral_m4\Debug/core.a(Print.cpp.o)
                0x0000dafc                Print::println(char const*)
 .text._ZN5Print7printlnEc
                0x0000db9c       0x4c C:\Users\fcoli\AppData\Local\Temp\VMBuilds\plotter\adafruit_adafruit_grandcentral_m4\Debug/core.a(Print.cpp.o)
                0x0000db9c                Print::println(char)
 .text._ZN5Print11printNumberEmh
                0x0000dbe8       0x88 C:\Users\fcoli\AppData\Local\Temp\VMBuilds\plotter\adafruit_adafruit_grandcentral_m4\Debug/core.a(Print.cpp.o)
                0x0000dbe8                Print::printNumber(unsigned long, unsigned char)
 .text._ZN5Print5printEli
                0x0000dc70       0x44 C:\Users\fcoli\AppData\Local\Temp\VMBuilds\plotter\adafruit_adafruit_grandcentral_m4\Debug/core.a(Print.cpp.o)
                0x0000dc70                Print::print(long, int)
 .text._ZN5Print7printlnEii
                0x0000dcb4       0x4c C:\Users\fcoli\AppData\Local\Temp\VMBuilds\plotter\adafruit_adafruit_grandcentral_m4\Debug/core.a(Print.cpp.o)
                0x0000dcb4                Print::println(int, int)
 .text._ZN5Print7printlnEli
                0x0000dd00       0x4c C:\Users\fcoli\AppData\Local\Temp\VMBuilds\plotter\adafruit_adafruit_grandcentral_m4\Debug/core.a(Print.cpp.o)
                0x0000dd00                Print::println(long, int)
 .text._ZN5Print5printEmi
                0x0000dd4c       0x18 C:\Users\fcoli\AppData\Local\Temp\VMBuilds\plotter\adafruit_adafruit_grandcentral_m4\Debug/core.a(Print.cpp.o)
                0x0000dd4c                Print::print(unsigned long, int)
 .text._ZN5Print7printlnEhi
                0x0000dd64       0x60 C:\Users\fcoli\AppData\Local\Temp\VMBuilds\plotter\adafruit_adafruit_grandcentral_m4\Debug/core.a(Print.cpp.o)
                0x0000dd64                Print::println(unsigned char, int)
 .text._ZN5Print7printlnEmi
                0x0000ddc4       0x64 C:\Users\fcoli\AppData\Local\Temp\VMBuilds\plotter\adafruit_adafruit_grandcentral_m4\Debug/core.a(Print.cpp.o)
                0x0000ddc4                Print::println(unsigned long, int)
 .text._ZN5Print5printEii
                0x0000de28       0x44 C:\Users\fcoli\AppData\Local\Temp\VMBuilds\plotter\adafruit_adafruit_grandcentral_m4\Debug/core.a(Print.cpp.o)
                0x0000de28                Print::print(int, int)
 .text._ZN5Print10printFloatEdh
                0x0000de6c      0x284 C:\Users\fcoli\AppData\Local\Temp\VMBuilds\plotter\adafruit_adafruit_grandcentral_m4\Debug/core.a(Print.cpp.o)
                0x0000de6c                Print::printFloat(double, unsigned char)
 .text._ZN5Print7printlnEdi
                0x0000e0f0       0x4c C:\Users\fcoli\AppData\Local\Temp\VMBuilds\plotter\adafruit_adafruit_grandcentral_m4\Debug/core.a(Print.cpp.o)
                0x0000e0f0                Print::println(double, int)
 .text.initiateReset
                0x0000e13c        0xc C:\Users\fcoli\AppData\Local\Temp\VMBuilds\plotter\adafruit_adafruit_grandcentral_m4\Debug/core.a(Reset.cpp.o)
                0x0000e13c                initiateReset
 .text.cancelReset
                0x0000e148       0x10 C:\Users\fcoli\AppData\Local\Temp\VMBuilds\plotter\adafruit_adafruit_grandcentral_m4\Debug/core.a(Reset.cpp.o)
                0x0000e148                cancelReset
 .text.tickReset
                0x0000e158       0x48 C:\Users\fcoli\AppData\Local\Temp\VMBuilds\plotter\adafruit_adafruit_grandcentral_m4\Debug/core.a(Reset.cpp.o)
                0x0000e158                tickReset
 .text._ZN6SERCOMC2EP6Sercom
                0x0000e1a0        0x8 C:\Users\fcoli\AppData\Local\Temp\VMBuilds\plotter\adafruit_adafruit_grandcentral_m4\Debug/core.a(SERCOM.cpp.o)
                0x0000e1a0                SERCOM::SERCOM(Sercom*)
                0x0000e1a0                SERCOM::SERCOM(Sercom*)
 .text._ZN6SERCOM9initFrameE18SercomUartCharSize15SercomDataOrder16SercomParityMode19SercomNumberStopBit
                0x0000e1a8       0x3c C:\Users\fcoli\AppData\Local\Temp\VMBuilds\plotter\adafruit_adafruit_grandcentral_m4\Debug/core.a(SERCOM.cpp.o)
                0x0000e1a8                SERCOM::initFrame(SercomUartCharSize, SercomDataOrder, SercomParityMode, SercomNumberStopBit)
 .text._ZN6SERCOM8initPadsE15SercomUartTXPad11SercomRXPad
                0x0000e1e4       0x28 C:\Users\fcoli\AppData\Local\Temp\VMBuilds\plotter\adafruit_adafruit_grandcentral_m4\Debug/core.a(SERCOM.cpp.o)
                0x0000e1e4                SERCOM::initPads(SercomUartTXPad, SercomRXPad)
 .text._ZN6SERCOM9resetUARTEv
                0x0000e20c       0x1c C:\Users\fcoli\AppData\Local\Temp\VMBuilds\plotter\adafruit_adafruit_grandcentral_m4\Debug/core.a(SERCOM.cpp.o)
                0x0000e20c                SERCOM::resetUART()
 .text._ZN6SERCOM10enableUARTEv
                0x0000e228       0x14 C:\Users\fcoli\AppData\Local\Temp\VMBuilds\plotter\adafruit_adafruit_grandcentral_m4\Debug/core.a(SERCOM.cpp.o)
                0x0000e228                SERCOM::enableUART()
 .text._ZN6SERCOM9flushUARTEv
                0x0000e23c       0x10 C:\Users\fcoli\AppData\Local\Temp\VMBuilds\plotter\adafruit_adafruit_grandcentral_m4\Debug/core.a(SERCOM.cpp.o)
                0x0000e23c                SERCOM::flushUART()
 .text._ZN6SERCOM15clearStatusUARTEv
                0x0000e24c        0x8 C:\Users\fcoli\AppData\Local\Temp\VMBuilds\plotter\adafruit_adafruit_grandcentral_m4\Debug/core.a(SERCOM.cpp.o)
                0x0000e24c                SERCOM::clearStatusUART()
 .text._ZN6SERCOM17availableDataUARTEv
                0x0000e254        0xc C:\Users\fcoli\AppData\Local\Temp\VMBuilds\plotter\adafruit_adafruit_grandcentral_m4\Debug/core.a(SERCOM.cpp.o)
                0x0000e254                SERCOM::availableDataUART()
 .text._ZN6SERCOM11isUARTErrorEv
                0x0000e260        0x8 C:\Users\fcoli\AppData\Local\Temp\VMBuilds\plotter\adafruit_adafruit_grandcentral_m4\Debug/core.a(SERCOM.cpp.o)
                0x0000e260                SERCOM::isUARTError()
 .text._ZN6SERCOM20acknowledgeUARTErrorEv
                0x0000e268        0xc C:\Users\fcoli\AppData\Local\Temp\VMBuilds\plotter\adafruit_adafruit_grandcentral_m4\Debug/core.a(SERCOM.cpp.o)
                0x0000e268                SERCOM::acknowledgeUARTError()
 .text._ZN6SERCOM16isFrameErrorUARTEv
                0x0000e274        0xc C:\Users\fcoli\AppData\Local\Temp\VMBuilds\plotter\adafruit_adafruit_grandcentral_m4\Debug/core.a(SERCOM.cpp.o)
                0x0000e274                SERCOM::isFrameErrorUART()
 .text._ZN6SERCOM19clearFrameErrorUARTEv
                0x0000e280        0xc C:\Users\fcoli\AppData\Local\Temp\VMBuilds\plotter\adafruit_adafruit_grandcentral_m4\Debug/core.a(SERCOM.cpp.o)
                0x0000e280                SERCOM::clearFrameErrorUART()
 .text._ZN6SERCOM23isDataRegisterEmptyUARTEv
                0x0000e28c        0xc C:\Users\fcoli\AppData\Local\Temp\VMBuilds\plotter\adafruit_adafruit_grandcentral_m4\Debug/core.a(SERCOM.cpp.o)
                0x0000e28c                SERCOM::isDataRegisterEmptyUART()
 .text._ZN6SERCOM12readDataUARTEv
                0x0000e298        0x8 C:\Users\fcoli\AppData\Local\Temp\VMBuilds\plotter\adafruit_adafruit_grandcentral_m4\Debug/core.a(SERCOM.cpp.o)
                0x0000e298                SERCOM::readDataUART()
 .text._ZN6SERCOM13writeDataUARTEh
                0x0000e2a0       0x10 C:\Users\fcoli\AppData\Local\Temp\VMBuilds\plotter\adafruit_adafruit_grandcentral_m4\Debug/core.a(SERCOM.cpp.o)
                0x0000e2a0                SERCOM::writeDataUART(unsigned char)
 .text._ZN6SERCOM36enableDataRegisterEmptyInterruptUARTEv
                0x0000e2b0        0x8 C:\Users\fcoli\AppData\Local\Temp\VMBuilds\plotter\adafruit_adafruit_grandcentral_m4\Debug/core.a(SERCOM.cpp.o)
                0x0000e2b0                SERCOM::enableDataRegisterEmptyInterruptUART()
 .text._ZN6SERCOM37disableDataRegisterEmptyInterruptUARTEv
                0x0000e2b8        0x8 C:\Users\fcoli\AppData\Local\Temp\VMBuilds\plotter\adafruit_adafruit_grandcentral_m4\Debug/core.a(SERCOM.cpp.o)
                0x0000e2b8                SERCOM::disableDataRegisterEmptyInterruptUART()
 .text._ZN6SERCOM12initSPIClockE18SercomSpiClockModem
                0x0000e2c0       0x30 C:\Users\fcoli\AppData\Local\Temp\VMBuilds\plotter\adafruit_adafruit_grandcentral_m4\Debug/core.a(SERCOM.cpp.o)
                0x0000e2c0                SERCOM::initSPIClock(SercomSpiClockMode, unsigned long)
 .text._ZN6SERCOM9enableSPIEv
                0x0000e2f0       0x14 C:\Users\fcoli\AppData\Local\Temp\VMBuilds\plotter\adafruit_adafruit_grandcentral_m4\Debug/core.a(SERCOM.cpp.o)
                0x0000e2f0                SERCOM::enableSPI()
 .text._ZN6SERCOM10disableSPIEv
                0x0000e304       0x18 C:\Users\fcoli\AppData\Local\Temp\VMBuilds\plotter\adafruit_adafruit_grandcentral_m4\Debug/core.a(SERCOM.cpp.o)
                0x0000e304                SERCOM::disableSPI()
 .text._ZN6SERCOM15transferDataSPIEh
                0x0000e31c       0x14 C:\Users\fcoli\AppData\Local\Temp\VMBuilds\plotter\adafruit_adafruit_grandcentral_m4\Debug/core.a(SERCOM.cpp.o)
                0x0000e31c                SERCOM::transferDataSPI(unsigned char)
 .text._ZN6SERCOM10enableWIREEv
                0x0000e330       0x28 C:\Users\fcoli\AppData\Local\Temp\VMBuilds\plotter\adafruit_adafruit_grandcentral_m4\Debug/core.a(SERCOM.cpp.o)
                0x0000e330                SERCOM::enableWIRE()
 .text._ZN6SERCOM18prepareNackBitWIREEv
                0x0000e358       0x10 C:\Users\fcoli\AppData\Local\Temp\VMBuilds\plotter\adafruit_adafruit_grandcentral_m4\Debug/core.a(SERCOM.cpp.o)
                0x0000e358                SERCOM::prepareNackBitWIRE()
 .text._ZN6SERCOM17prepareAckBitWIREEv
                0x0000e368       0x10 C:\Users\fcoli\AppData\Local\Temp\VMBuilds\plotter\adafruit_adafruit_grandcentral_m4\Debug/core.a(SERCOM.cpp.o)
                0x0000e368                SERCOM::prepareAckBitWIRE()
 .text._ZN6SERCOM22prepareCommandBitsWireEh
                0x0000e378       0x20 C:\Users\fcoli\AppData\Local\Temp\VMBuilds\plotter\adafruit_adafruit_grandcentral_m4\Debug/core.a(SERCOM.cpp.o)
                0x0000e378                SERCOM::prepareCommandBitsWire(unsigned char)
 .text._ZN6SERCOM21startTransmissionWIREEh23SercomWireReadWriteFlag
                0x0000e398       0x84 C:\Users\fcoli\AppData\Local\Temp\VMBuilds\plotter\adafruit_adafruit_grandcentral_m4\Debug/core.a(SERCOM.cpp.o)
                0x0000e398                SERCOM::startTransmissionWIRE(unsigned char, SercomWireReadWriteFlag)
 .text._ZN6SERCOM18sendDataMasterWIREEh
                0x0000e41c       0x24 C:\Users\fcoli\AppData\Local\Temp\VMBuilds\plotter\adafruit_adafruit_grandcentral_m4\Debug/core.a(SERCOM.cpp.o)
                0x0000e41c                SERCOM::sendDataMasterWIRE(unsigned char)
 .text._ZN6SERCOM17sendDataSlaveWIREEh
                0x0000e440       0x1c C:\Users\fcoli\AppData\Local\Temp\VMBuilds\plotter\adafruit_adafruit_grandcentral_m4\Debug/core.a(SERCOM.cpp.o)
                0x0000e440                SERCOM::sendDataSlaveWIRE(unsigned char)
 .text._ZN6SERCOM11isSlaveWIREEv
                0x0000e45c       0x14 C:\Users\fcoli\AppData\Local\Temp\VMBuilds\plotter\adafruit_adafruit_grandcentral_m4\Debug/core.a(SERCOM.cpp.o)
                0x0000e45c                SERCOM::isSlaveWIRE()
 .text._ZN6SERCOM15isDataReadyWIREEv
                0x0000e470        0xc C:\Users\fcoli\AppData\Local\Temp\VMBuilds\plotter\adafruit_adafruit_grandcentral_m4\Debug/core.a(SERCOM.cpp.o)
                0x0000e470                SERCOM::isDataReadyWIRE()
 .text._ZN6SERCOM18isStopDetectedWIREEv
                0x0000e47c        0xc C:\Users\fcoli\AppData\Local\Temp\VMBuilds\plotter\adafruit_adafruit_grandcentral_m4\Debug/core.a(SERCOM.cpp.o)
                0x0000e47c                SERCOM::isStopDetectedWIRE()
 .text._ZN6SERCOM21isRestartDetectedWIREEv
                0x0000e488        0xc C:\Users\fcoli\AppData\Local\Temp\VMBuilds\plotter\adafruit_adafruit_grandcentral_m4\Debug/core.a(SERCOM.cpp.o)
                0x0000e488                SERCOM::isRestartDetectedWIRE()
 .text._ZN6SERCOM14isAddressMatchEv
                0x0000e494        0xc C:\Users\fcoli\AppData\Local\Temp\VMBuilds\plotter\adafruit_adafruit_grandcentral_m4\Debug/core.a(SERCOM.cpp.o)
                0x0000e494                SERCOM::isAddressMatch()
 .text._ZN6SERCOM25isMasterReadOperationWIREEv
                0x0000e4a0        0xc C:\Users\fcoli\AppData\Local\Temp\VMBuilds\plotter\adafruit_adafruit_grandcentral_m4\Debug/core.a(SERCOM.cpp.o)
                0x0000e4a0                SERCOM::isMasterReadOperationWIRE()
 .text._ZN6SERCOM12readDataWIREEv
                0x0000e4ac       0x20 C:\Users\fcoli\AppData\Local\Temp\VMBuilds\plotter\adafruit_adafruit_grandcentral_m4\Debug/core.a(SERCOM.cpp.o)
                0x0000e4ac                SERCOM::readDataWIRE()
 .text._ZN6SERCOM13initClockNVICEv
                0x0000e4cc      0x2b4 C:\Users\fcoli\AppData\Local\Temp\VMBuilds\plotter\adafruit_adafruit_grandcentral_m4\Debug/core.a(SERCOM.cpp.o)
                0x0000e4cc                SERCOM::initClockNVIC()
 .text._ZN6SERCOM8initUARTE14SercomUartMode20SercomUartSampleRatem
                0x0000e780       0x7c C:\Users\fcoli\AppData\Local\Temp\VMBuilds\plotter\adafruit_adafruit_grandcentral_m4\Debug/core.a(SERCOM.cpp.o)
                0x0000e780                SERCOM::initUART(SercomUartMode, SercomUartSampleRate, unsigned long)
 .text._ZN6SERCOM7initSPIE14SercomSpiTXPad11SercomRXPad17SercomSpiCharSize15SercomDataOrder
                0x0000e7fc       0x64 C:\Users\fcoli\AppData\Local\Temp\VMBuilds\plotter\adafruit_adafruit_grandcentral_m4\Debug/core.a(SERCOM.cpp.o)
                0x0000e7fc                SERCOM::initSPI(SercomSpiTXPad, SercomRXPad, SercomSpiCharSize, SercomDataOrder)
 .text._ZN6SERCOM14initMasterWIREEm
                0x0000e860       0x44 C:\Users\fcoli\AppData\Local\Temp\VMBuilds\plotter\adafruit_adafruit_grandcentral_m4\Debug/core.a(SERCOM.cpp.o)
                0x0000e860                SERCOM::initMasterWIRE(unsigned long)
 .text._ZN4UartcvbEv
                0x0000e8a4        0x4 C:\Users\fcoli\AppData\Local\Temp\VMBuilds\plotter\adafruit_adafruit_grandcentral_m4\Debug/core.a(Uart.cpp.o)
                0x0000e8a4                Uart::operator bool()
 .text._ZN4Uart9availableEv
                0x0000e8a8       0x14 C:\Users\fcoli\AppData\Local\Temp\VMBuilds\plotter\adafruit_adafruit_grandcentral_m4\Debug/core.a(Uart.cpp.o)
                0x0000e8a8                Uart::available()
 .text._ZN4Uart4peekEv
                0x0000e8bc       0x1c C:\Users\fcoli\AppData\Local\Temp\VMBuilds\plotter\adafruit_adafruit_grandcentral_m4\Debug/core.a(Uart.cpp.o)
                0x0000e8bc                Uart::peek()
 .text._ZN4Uart5beginEmt
                0x0000e8d8      0x110 C:\Users\fcoli\AppData\Local\Temp\VMBuilds\plotter\adafruit_adafruit_grandcentral_m4\Debug/core.a(Uart.cpp.o)
                0x0000e8d8                Uart::begin(unsigned long, unsigned short)
 .text._ZN4Uart3endEv
                0x0000e9e8       0x20 C:\Users\fcoli\AppData\Local\Temp\VMBuilds\plotter\adafruit_adafruit_grandcentral_m4\Debug/core.a(Uart.cpp.o)
                0x0000e9e8                Uart::end()
 .text._ZN4Uart5flushEv
                0x0000ea08       0x1c C:\Users\fcoli\AppData\Local\Temp\VMBuilds\plotter\adafruit_adafruit_grandcentral_m4\Debug/core.a(Uart.cpp.o)
                0x0000ea08                Uart::flush()
 .text._ZN4Uart17availableForWriteEv
                0x0000ea24       0x2c C:\Users\fcoli\AppData\Local\Temp\VMBuilds\plotter\adafruit_adafruit_grandcentral_m4\Debug/core.a(Uart.cpp.o)
                0x0000ea24                Uart::availableForWrite()
 .text._ZN4Uart4readEv
                0x0000ea50       0x64 C:\Users\fcoli\AppData\Local\Temp\VMBuilds\plotter\adafruit_adafruit_grandcentral_m4\Debug/core.a(Uart.cpp.o)
                0x0000ea50                Uart::read()
 .text._ZN4Uart5beginEm
                0x0000eab4       0xec C:\Users\fcoli\AppData\Local\Temp\VMBuilds\plotter\adafruit_adafruit_grandcentral_m4\Debug/core.a(Uart.cpp.o)
                0x0000eab4                Uart::begin(unsigned long)
 .text._ZN4UartC2EP6SERCOMhh11SercomRXPad15SercomUartTXPad
                0x0000eba0       0x78 C:\Users\fcoli\AppData\Local\Temp\VMBuilds\plotter\adafruit_adafruit_grandcentral_m4\Debug/core.a(Uart.cpp.o)
                0x0000eba0                Uart::Uart(SERCOM*, unsigned char, unsigned char, SercomRXPad, SercomUartTXPad)
                0x0000eba0                Uart::Uart(SERCOM*, unsigned char, unsigned char, SercomRXPad, SercomUartTXPad)
 .text._ZN4Uart10IrqHandlerEv
                0x0000ec18       0xf0 C:\Users\fcoli\AppData\Local\Temp\VMBuilds\plotter\adafruit_adafruit_grandcentral_m4\Debug/core.a(Uart.cpp.o)
                0x0000ec18                Uart::IrqHandler()
 .text._ZN4Uart5writeEh
                0x0000ed08       0xc4 C:\Users\fcoli\AppData\Local\Temp\VMBuilds\plotter\adafruit_adafruit_grandcentral_m4\Debug/core.a(Uart.cpp.o)
                0x0000ed08                Uart::write(unsigned char)
 .text._Z3maplllll
                0x0000edcc       0x1c C:\Users\fcoli\AppData\Local\Temp\VMBuilds\plotter\adafruit_adafruit_grandcentral_m4\Debug/core.a(WMath.cpp.o)
                0x0000edcc                map(long, long, long, long, long)
 .text._ZN6StringC2EPKc
                0x0000ede8       0x34 C:\Users\fcoli\AppData\Local\Temp\VMBuilds\plotter\adafruit_adafruit_grandcentral_m4\Debug/core.a(WString.cpp.o)
                0x0000ede8                String::String(char const*)
                0x0000ede8                String::String(char const*)
 .text._ZN6StringD2Ev
                0x0000ee1c       0x10 C:\Users\fcoli\AppData\Local\Temp\VMBuilds\plotter\adafruit_adafruit_grandcentral_m4\Debug/core.a(WString.cpp.o)
                0x0000ee1c                String::~String()
                0x0000ee1c                String::~String()
 .text._ZN6StringaSEOS_
                0x0000ee2c       0x44 C:\Users\fcoli\AppData\Local\Temp\VMBuilds\plotter\adafruit_adafruit_grandcentral_m4\Debug/core.a(WString.cpp.o)
                0x0000ee2c                String::operator=(String&&)
 .text._ZN6String6concatEc
                0x0000ee70       0x44 C:\Users\fcoli\AppData\Local\Temp\VMBuilds\plotter\adafruit_adafruit_grandcentral_m4\Debug/core.a(WString.cpp.o)
                0x0000ee70                String::concat(char)
 .text._ZN7Serial_17availableForWriteEv
                0x0000eeb4        0x4 C:\Users\fcoli\AppData\Local\Temp\VMBuilds\plotter\adafruit_adafruit_grandcentral_m4\Debug/core.a(CDC.cpp.o)
                0x0000eeb4                Serial_::availableForWrite()
 .text._ZN7Serial_9availableEv
                0x0000eeb8        0x8 C:\Users\fcoli\AppData\Local\Temp\VMBuilds\plotter\adafruit_adafruit_grandcentral_m4\Debug/core.a(CDC.cpp.o)
                0x0000eeb8                Serial_::available()
 .text._ZN7Serial_5flushEv
                0x0000eec0        0x8 C:\Users\fcoli\AppData\Local\Temp\VMBuilds\plotter\adafruit_adafruit_grandcentral_m4\Debug/core.a(CDC.cpp.o)
                0x0000eec0                Serial_::flush()
 .text._ZN7Serial_5writeEPKhj
                0x0000eec8       0x28 C:\Users\fcoli\AppData\Local\Temp\VMBuilds\plotter\adafruit_adafruit_grandcentral_m4\Debug/core.a(CDC.cpp.o)
                0x0000eec8                Serial_::write(unsigned char const*, unsigned int)
 .text._ZN7Serial_4readEv
                0x0000eef0       0x20 C:\Users\fcoli\AppData\Local\Temp\VMBuilds\plotter\adafruit_adafruit_grandcentral_m4\Debug/core.a(CDC.cpp.o)
                0x0000eef0                Serial_::read()
 .text._ZN7Serial_4peekEv
                0x0000ef10       0x34 C:\Users\fcoli\AppData\Local\Temp\VMBuilds\plotter\adafruit_adafruit_grandcentral_m4\Debug/core.a(CDC.cpp.o)
                0x0000ef10                Serial_::peek()
 .text._ZN7Serial_5writeEh
                0x0000ef44       0x50 C:\Users\fcoli\AppData\Local\Temp\VMBuilds\plotter\adafruit_adafruit_grandcentral_m4\Debug/core.a(CDC.cpp.o)
                0x0000ef44                Serial_::write(unsigned char)
 .text._Z16CDC_GetInterfacePh
                0x0000ef94       0x20 C:\Users\fcoli\AppData\Local\Temp\VMBuilds\plotter\adafruit_adafruit_grandcentral_m4\Debug/core.a(CDC.cpp.o)
                0x0000ef94                CDC_GetInterface(unsigned char*)
 .text._Z9CDC_SetupR8USBSetup
                0x0000efb4       0x7c C:\Users\fcoli\AppData\Local\Temp\VMBuilds\plotter\adafruit_adafruit_grandcentral_m4\Debug/core.a(CDC.cpp.o)
                0x0000efb4                CDC_Setup(USBSetup&)
 .text._ZN7Serial_5beginEm
                0x0000f030        0x4 C:\Users\fcoli\AppData\Local\Temp\VMBuilds\plotter\adafruit_adafruit_grandcentral_m4\Debug/core.a(CDC.cpp.o)
                0x0000f030                Serial_::begin(unsigned long)
 .text.startup._GLOBAL__sub_I__Z17_CDC_GetInterfacev
                0x0000f034       0x24 C:\Users\fcoli\AppData\Local\Temp\VMBuilds\plotter\adafruit_adafruit_grandcentral_m4\Debug/core.a(CDC.cpp.o)
 .text._ZN26DoubleBufferedEPOutHandler4initEv
                0x0000f058        0x4 C:\Users\fcoli\AppData\Local\Temp\VMBuilds\plotter\adafruit_adafruit_grandcentral_m4\Debug/core.a(USBCore.cpp.o)
                0x0000f058                DoubleBufferedEPOutHandler::init()
 .text._ZN26DoubleBufferedEPOutHandler4recvEPvm
                0x0000f05c      0x164 C:\Users\fcoli\AppData\Local\Temp\VMBuilds\plotter\adafruit_adafruit_grandcentral_m4\Debug/core.a(USBCore.cpp.o)
                0x0000f05c                DoubleBufferedEPOutHandler::recv(void*, unsigned long)
 .text._ZN26DoubleBufferedEPOutHandlerD2Ev
                0x0000f1c0       0x14 C:\Users\fcoli\AppData\Local\Temp\VMBuilds\plotter\adafruit_adafruit_grandcentral_m4\Debug/core.a(USBCore.cpp.o)
                0x0000f1c0                DoubleBufferedEPOutHandler::~DoubleBufferedEPOutHandler()
                0x0000f1c0                DoubleBufferedEPOutHandler::~DoubleBufferedEPOutHandler()
 .text._ZN26DoubleBufferedEPOutHandlerD0Ev
                0x0000f1d4       0x1c C:\Users\fcoli\AppData\Local\Temp\VMBuilds\plotter\adafruit_adafruit_grandcentral_m4\Debug/core.a(USBCore.cpp.o)
                0x0000f1d4                DoubleBufferedEPOutHandler::~DoubleBufferedEPOutHandler()
 .text._ZNK26DoubleBufferedEPOutHandler9availableEv
                0x0000f1f0       0x44 C:\Users\fcoli\AppData\Local\Temp\VMBuilds\plotter\adafruit_adafruit_grandcentral_m4\Debug/core.a(USBCore.cpp.o)
                0x0000f1f0                DoubleBufferedEPOutHandler::available() const
 .text._ZN26DoubleBufferedEPOutHandler14handleEndpointEv
                0x0000f234       0xdc C:\Users\fcoli\AppData\Local\Temp\VMBuilds\plotter\adafruit_adafruit_grandcentral_m4\Debug/core.a(USBCore.cpp.o)
                0x0000f234                DoubleBufferedEPOutHandler::handleEndpoint()
 .text._ZN14USBDeviceClass20sendStringDescriptorEPKhh
                0x0000f310      0x114 C:\Users\fcoli\AppData\Local\Temp\VMBuilds\plotter\adafruit_adafruit_grandcentral_m4\Debug/core.a(USBCore.cpp.o)
                0x0000f310                USBDeviceClass::sendStringDescriptor(unsigned char const*, unsigned char)
 .text._ZN14USBDeviceClass17sendConfigurationEm
                0x0000f424      0x170 C:\Users\fcoli\AppData\Local\Temp\VMBuilds\plotter\adafruit_adafruit_grandcentral_m4\Debug/core.a(USBCore.cpp.o)
                0x0000f424                USBDeviceClass::sendConfiguration(unsigned long)
 .text._ZN14USBDeviceClass14sendDescriptorER8USBSetup
                0x0000f594      0x388 C:\Users\fcoli\AppData\Local\Temp\VMBuilds\plotter\adafruit_adafruit_grandcentral_m4\Debug/core.a(USBCore.cpp.o)
                0x0000f594                USBDeviceClass::sendDescriptor(USBSetup&)
 .text._ZN14USBDeviceClass4initEv
                0x0000f91c      0x120 C:\Users\fcoli\AppData\Local\Temp\VMBuilds\plotter\adafruit_adafruit_grandcentral_m4\Debug/core.a(USBCore.cpp.o)
                0x0000f91c                USBDeviceClass::init()
 .text._ZN14USBDeviceClass6attachEv
                0x0000fa3c       0x38 C:\Users\fcoli\AppData\Local\Temp\VMBuilds\plotter\adafruit_adafruit_grandcentral_m4\Debug/core.a(USBCore.cpp.o)
                0x0000fa3c                USBDeviceClass::attach()
 .text._ZN14USBDeviceClass5flushEm
                0x0000fa74       0x94 C:\Users\fcoli\AppData\Local\Temp\VMBuilds\plotter\adafruit_adafruit_grandcentral_m4\Debug/core.a(USBCore.cpp.o)
                0x0000fa74                USBDeviceClass::flush(unsigned long)
 .text._ZN14USBDeviceClass11recvControlEPvm
                0x0000fb08       0xb8 C:\Users\fcoli\AppData\Local\Temp\VMBuilds\plotter\adafruit_adafruit_grandcentral_m4\Debug/core.a(USBCore.cpp.o)
                0x0000fb08                USBDeviceClass::recvControl(void*, unsigned long)
 .text._ZN14USBDeviceClass9availableEm
                0x0000fbc0       0x74 C:\Users\fcoli\AppData\Local\Temp\VMBuilds\plotter\adafruit_adafruit_grandcentral_m4\Debug/core.a(USBCore.cpp.o)
                0x0000fbc0                USBDeviceClass::available(unsigned long)
 .text._ZN14USBDeviceClass4recvEm
                0x0000fc34      0x274 C:\Users\fcoli\AppData\Local\Temp\VMBuilds\plotter\adafruit_adafruit_grandcentral_m4\Debug/core.a(USBCore.cpp.o)
                0x0000fc34                USBDeviceClass::recv(unsigned long)
 .text._ZN14USBDeviceClass4sendEmPKvm
                0x0000fea8      0x134 C:\Users\fcoli\AppData\Local\Temp\VMBuilds\plotter\adafruit_adafruit_grandcentral_m4\Debug/core.a(USBCore.cpp.o)
                0x0000fea8                USBDeviceClass::send(unsigned long, void const*, unsigned long)
 .text._ZN14USBDeviceClass11sendControlEPKvm
                0x0000ffdc       0x64 C:\Users\fcoli\AppData\Local\Temp\VMBuilds\plotter\adafruit_adafruit_grandcentral_m4\Debug/core.a(USBCore.cpp.o)
                0x0000ffdc                USBDeviceClass::sendControl(void const*, unsigned long)
 .text._ZN14USBDeviceClass19handleStandardSetupER8USBSetup
                0x00010040      0x364 C:\Users\fcoli\AppData\Local\Temp\VMBuilds\plotter\adafruit_adafruit_grandcentral_m4\Debug/core.a(USBCore.cpp.o)
                0x00010040                USBDeviceClass::handleStandardSetup(USBSetup&)
 .text._ZN14USBDeviceClass10ISRHandlerEv.part.0
                0x000103a4      0x324 C:\Users\fcoli\AppData\Local\Temp\VMBuilds\plotter\adafruit_adafruit_grandcentral_m4\Debug/core.a(USBCore.cpp.o)
 .text.UDD_Handler
                0x000106c8       0x18 C:\Users\fcoli\AppData\Local\Temp\VMBuilds\plotter\adafruit_adafruit_grandcentral_m4\Debug/core.a(USBCore.cpp.o)
                0x000106c8                UDD_Handler
 .text.startup._GLOBAL__sub_I_usbd
                0x000106e0       0x10 C:\Users\fcoli\AppData\Local\Temp\VMBuilds\plotter\adafruit_adafruit_grandcentral_m4\Debug/core.a(USBCore.cpp.o)
 .text._ZN13PluggableUSB_12getInterfaceEPh
                0x000106f0       0x2c C:\Users\fcoli\AppData\Local\Temp\VMBuilds\plotter\adafruit_adafruit_grandcentral_m4\Debug/core.a(PluggableUSB.cpp.o)
                0x000106f0                PluggableUSB_::getInterface(unsigned char*)
 .text._ZN13PluggableUSB_13getDescriptorER8USBSetup
                0x0001071c       0x24 C:\Users\fcoli\AppData\Local\Temp\VMBuilds\plotter\adafruit_adafruit_grandcentral_m4\Debug/core.a(PluggableUSB.cpp.o)
                0x0001071c                PluggableUSB_::getDescriptor(USBSetup&)
 .text._ZN13PluggableUSB_5setupER8USBSetup
                0x00010740       0x24 C:\Users\fcoli\AppData\Local\Temp\VMBuilds\plotter\adafruit_adafruit_grandcentral_m4\Debug/core.a(PluggableUSB.cpp.o)
                0x00010740                PluggableUSB_::setup(USBSetup&)
 .text._Z12PluggableUSBv
                0x00010764       0x30 C:\Users\fcoli\AppData\Local\Temp\VMBuilds\plotter\adafruit_adafruit_grandcentral_m4\Debug/core.a(PluggableUSB.cpp.o)
                0x00010764                PluggableUSB()
 .text._ZN20USBDevice_SAMD21G18x5resetEv
                0x00010794       0x2c C:\Users\fcoli\AppData\Local\Temp\VMBuilds\plotter\adafruit_adafruit_grandcentral_m4\Debug/core.a(SAMD21_USBDevice.cpp.o)
                0x00010794                USBDevice_SAMD21G18x::reset()
 .text._ZN20USBDevice_SAMD21G18x9calibrateEv
                0x000107c0       0x44 C:\Users\fcoli\AppData\Local\Temp\VMBuilds\plotter\adafruit_adafruit_grandcentral_m4\Debug/core.a(SAMD21_USBDevice.cpp.o)
                0x000107c0                USBDevice_SAMD21G18x::calibrate()
 .text.__aeabi_atexit
                0x00010804        0xa c:/users/fcoli/appdata/local/arduino15/packages/adafruit/tools/arm-none-eabi-gcc/9-2019q4/bin/../lib/gcc/arm-none-eabi/9.2.1/../../../../arm-none-eabi/lib/thumb/v7e-m+fp/hard\libstdc++_nano.a(atexit_arm.o)
                0x00010804                __aeabi_atexit
 *fill*         0x0001080e        0x2 
 .text.cos      0x00010810       0xa8 c:/users/fcoli/appdata/local/arduino15/packages/adafruit/tools/arm-none-eabi-gcc/9-2019q4/bin/../lib/gcc/arm-none-eabi/9.2.1/../../../../arm-none-eabi/lib/thumb/v7e-m+fp/hard\libm.a(lib_a-s_cos.o)
                0x00010810                cos
 .text.cosf     0x000108b8       0x90 c:/users/fcoli/appdata/local/arduino15/packages/adafruit/tools/arm-none-eabi-gcc/9-2019q4/bin/../lib/gcc/arm-none-eabi/9.2.1/../../../../arm-none-eabi/lib/thumb/v7e-m+fp/hard\libm.a(lib_a-sf_cos.o)
                0x000108b8                cosf
 .text.sinf     0x00010948       0x94 c:/users/fcoli/appdata/local/arduino15/packages/adafruit/tools/arm-none-eabi-gcc/9-2019q4/bin/../lib/gcc/arm-none-eabi/9.2.1/../../../../arm-none-eabi/lib/thumb/v7e-m+fp/hard\libm.a(lib_a-sf_sin.o)
                0x00010948                sinf
 .text.sqrt     0x000109dc       0xbc c:/users/fcoli/appdata/local/arduino15/packages/adafruit/tools/arm-none-eabi-gcc/9-2019q4/bin/../lib/gcc/arm-none-eabi/9.2.1/../../../../arm-none-eabi/lib/thumb/v7e-m+fp/hard\libm.a(lib_a-w_sqrt.o)
                0x000109dc                sqrt
 .text.acosf    0x00010a98       0xc0 c:/users/fcoli/appdata/local/arduino15/packages/adafruit/tools/arm-none-eabi-gcc/9-2019q4/bin/../lib/gcc/arm-none-eabi/9.2.1/../../../../arm-none-eabi/lib/thumb/v7e-m+fp/hard\libm.a(lib_a-wf_acos.o)
                0x00010a98                acosf
 .text.sqrtf    0x00010b58       0xb0 c:/users/fcoli/appdata/local/arduino15/packages/adafruit/tools/arm-none-eabi-gcc/9-2019q4/bin/../lib/gcc/arm-none-eabi/9.2.1/../../../../arm-none-eabi/lib/thumb/v7e-m+fp/hard\libm.a(lib_a-wf_sqrt.o)
                0x00010b58                sqrtf
 .text.__ieee754_rem_pio2
                0x00010c08      0x46c c:/users/fcoli/appdata/local/arduino15/packages/adafruit/tools/arm-none-eabi-gcc/9-2019q4/bin/../lib/gcc/arm-none-eabi/9.2.1/../../../../arm-none-eabi/lib/thumb/v7e-m+fp/hard\libm.a(lib_a-e_rem_pio2.o)
                0x00010c08                __ieee754_rem_pio2
 .text.__ieee754_sqrt
                0x00011074      0x188 c:/users/fcoli/appdata/local/arduino15/packages/adafruit/tools/arm-none-eabi-gcc/9-2019q4/bin/../lib/gcc/arm-none-eabi/9.2.1/../../../../arm-none-eabi/lib/thumb/v7e-m+fp/hard\libm.a(lib_a-e_sqrt.o)
                0x00011074                __ieee754_sqrt
 .text.__ieee754_acosf
                0x000111fc      0x240 c:/users/fcoli/appdata/local/arduino15/packages/adafruit/tools/arm-none-eabi-gcc/9-2019q4/bin/../lib/gcc/arm-none-eabi/9.2.1/../../../../arm-none-eabi/lib/thumb/v7e-m+fp/hard\libm.a(lib_a-ef_acos.o)
                0x000111fc                __ieee754_acosf
 .text.__ieee754_rem_pio2f
                0x0001143c      0x294 c:/users/fcoli/appdata/local/arduino15/packages/adafruit/tools/arm-none-eabi-gcc/9-2019q4/bin/../lib/gcc/arm-none-eabi/9.2.1/../../../../arm-none-eabi/lib/thumb/v7e-m+fp/hard\libm.a(lib_a-ef_rem_pio2.o)
                0x0001143c                __ieee754_rem_pio2f
 .text.__ieee754_sqrtf
                0x000116d0        0x8 c:/users/fcoli/appdata/local/arduino15/packages/adafruit/tools/arm-none-eabi-gcc/9-2019q4/bin/../lib/gcc/arm-none-eabi/9.2.1/../../../../arm-none-eabi/lib/thumb/v7e-m+fp/hard\libm.a(lib_a-ef_sqrt.o)
                0x000116d0                __ieee754_sqrtf
 .text.__kernel_cos
                0x000116d8      0x27c c:/users/fcoli/appdata/local/arduino15/packages/adafruit/tools/arm-none-eabi-gcc/9-2019q4/bin/../lib/gcc/arm-none-eabi/9.2.1/../../../../arm-none-eabi/lib/thumb/v7e-m+fp/hard\libm.a(lib_a-k_cos.o)
                0x000116d8                __kernel_cos
 *fill*         0x00011954        0x4 
 .text.__kernel_rem_pio2
                0x00011958      0x850 c:/users/fcoli/appdata/local/arduino15/packages/adafruit/tools/arm-none-eabi-gcc/9-2019q4/bin/../lib/gcc/arm-none-eabi/9.2.1/../../../../arm-none-eabi/lib/thumb/v7e-m+fp/hard\libm.a(lib_a-k_rem_pio2.o)
                0x00011958                __kernel_rem_pio2
 .text.__kernel_sin
                0x000121a8      0x17c c:/users/fcoli/appdata/local/arduino15/packages/adafruit/tools/arm-none-eabi-gcc/9-2019q4/bin/../lib/gcc/arm-none-eabi/9.2.1/../../../../arm-none-eabi/lib/thumb/v7e-m+fp/hard\libm.a(lib_a-k_sin.o)
                0x000121a8                __kernel_sin
 .text.__kernel_cosf
                0x00012324      0x104 c:/users/fcoli/appdata/local/arduino15/packages/adafruit/tools/arm-none-eabi-gcc/9-2019q4/bin/../lib/gcc/arm-none-eabi/9.2.1/../../../../arm-none-eabi/lib/thumb/v7e-m+fp/hard\libm.a(lib_a-kf_cos.o)
                0x00012324                __kernel_cosf
 .text.__kernel_rem_pio2f
                0x00012428      0x66c c:/users/fcoli/appdata/local/arduino15/packages/adafruit/tools/arm-none-eabi-gcc/9-2019q4/bin/../lib/gcc/arm-none-eabi/9.2.1/../../../../arm-none-eabi/lib/thumb/v7e-m+fp/hard\libm.a(lib_a-kf_rem_pio2.o)
                0x00012428                __kernel_rem_pio2f
 .text.__kernel_sinf
                0x00012a94       0x90 c:/users/fcoli/appdata/local/arduino15/packages/adafruit/tools/arm-none-eabi-gcc/9-2019q4/bin/../lib/gcc/arm-none-eabi/9.2.1/../../../../arm-none-eabi/lib/thumb/v7e-m+fp/hard\libm.a(lib_a-kf_sin.o)
                0x00012a94                __kernel_sinf
 .text.fabs     0x00012b24       0x14 c:/users/fcoli/appdata/local/arduino15/packages/adafruit/tools/arm-none-eabi-gcc/9-2019q4/bin/../lib/gcc/arm-none-eabi/9.2.1/../../../../arm-none-eabi/lib/thumb/v7e-m+fp/hard\libm.a(lib_a-s_fabs.o)
                0x00012b24                fabs
 .text.floor    0x00012b38      0x108 c:/users/fcoli/appdata/local/arduino15/packages/adafruit/tools/arm-none-eabi-gcc/9-2019q4/bin/../lib/gcc/arm-none-eabi/9.2.1/../../../../arm-none-eabi/lib/thumb/v7e-m+fp/hard\libm.a(lib_a-s_floor.o)
                0x00012b38                floor
 .text.matherr  0x00012c40        0x4 c:/users/fcoli/appdata/local/arduino15/packages/adafruit/tools/arm-none-eabi-gcc/9-2019q4/bin/../lib/gcc/arm-none-eabi/9.2.1/../../../../arm-none-eabi/lib/thumb/v7e-m+fp/hard\libm.a(lib_a-s_matherr.o)
                0x00012c40                matherr
 *fill*         0x00012c44        0x4 
 .text.nan      0x00012c48       0x10 c:/users/fcoli/appdata/local/arduino15/packages/adafruit/tools/arm-none-eabi-gcc/9-2019q4/bin/../lib/gcc/arm-none-eabi/9.2.1/../../../../arm-none-eabi/lib/thumb/v7e-m+fp/hard\libm.a(lib_a-s_nan.o)
                0x00012c48                nan
 .text.scalbn   0x00012c58      0x124 c:/users/fcoli/appdata/local/arduino15/packages/adafruit/tools/arm-none-eabi-gcc/9-2019q4/bin/../lib/gcc/arm-none-eabi/9.2.1/../../../../arm-none-eabi/lib/thumb/v7e-m+fp/hard\libm.a(lib_a-s_scalbn.o)
                0x00012c58                scalbn
 .text.fabsf    0x00012d7c       0x10 c:/users/fcoli/appdata/local/arduino15/packages/adafruit/tools/arm-none-eabi-gcc/9-2019q4/bin/../lib/gcc/arm-none-eabi/9.2.1/../../../../arm-none-eabi/lib/thumb/v7e-m+fp/hard\libm.a(lib_a-sf_fabs.o)
                0x00012d7c                fabsf
 .text.floorf   0x00012d8c       0x8c c:/users/fcoli/appdata/local/arduino15/packages/adafruit/tools/arm-none-eabi-gcc/9-2019q4/bin/../lib/gcc/arm-none-eabi/9.2.1/../../../../arm-none-eabi/lib/thumb/v7e-m+fp/hard\libm.a(lib_a-sf_floor.o)
                0x00012d8c                floorf
 .text.scalbnf  0x00012e18       0xe4 c:/users/fcoli/appdata/local/arduino15/packages/adafruit/tools/arm-none-eabi-gcc/9-2019q4/bin/../lib/gcc/arm-none-eabi/9.2.1/../../../../arm-none-eabi/lib/thumb/v7e-m+fp/hard\libm.a(lib_a-sf_scalbn.o)
                0x00012e18                scalbnf
 .text          0x00012efc      0x378 c:/users/fcoli/appdata/local/arduino15/packages/adafruit/tools/arm-none-eabi-gcc/9-2019q4/bin/../lib/gcc/arm-none-eabi/9.2.1/thumb/v7e-m+fp/hard\libgcc.a(_arm_addsubdf3.o)
                0x00012efc                __aeabi_drsub
                0x00012f04                __aeabi_dsub
                0x00012f04                __subdf3
                0x00012f08                __aeabi_dadd
                0x00012f08                __adddf3
                0x00013180                __floatunsidf
                0x00013180                __aeabi_ui2d
                0x000131a0                __floatsidf
                0x000131a0                __aeabi_i2d
                0x000131c4                __aeabi_f2d
                0x000131c4                __extendsfdf2
                0x00013208                __floatundidf
                0x00013208                __aeabi_ul2d
                0x00013218                __floatdidf
                0x00013218                __aeabi_l2d
 .text          0x00013274      0x424 c:/users/fcoli/appdata/local/arduino15/packages/adafruit/tools/arm-none-eabi-gcc/9-2019q4/bin/../lib/gcc/arm-none-eabi/9.2.1/thumb/v7e-m+fp/hard\libgcc.a(_arm_muldivdf3.o)
                0x00013274                __aeabi_dmul
                0x00013274                __muldf3
                0x000134c8                __divdf3
                0x000134c8                __aeabi_ddiv
 .text          0x00013698      0x110 c:/users/fcoli/appdata/local/arduino15/packages/adafruit/tools/arm-none-eabi-gcc/9-2019q4/bin/../lib/gcc/arm-none-eabi/9.2.1/thumb/v7e-m+fp/hard\libgcc.a(_arm_cmpdf2.o)
                0x00013698                __gtdf2
                0x00013698                __gedf2
                0x000136a0                __ltdf2
                0x000136a0                __ledf2
                0x000136a8                __nedf2
                0x000136a8                __eqdf2
                0x000136a8                __cmpdf2
                0x00013724                __aeabi_cdrcmple
                0x00013734                __aeabi_cdcmpeq
                0x00013734                __aeabi_cdcmple
                0x00013744                __aeabi_dcmpeq
                0x00013758                __aeabi_dcmplt
                0x0001376c                __aeabi_dcmple
                0x00013780                __aeabi_dcmpge
                0x00013794                __aeabi_dcmpgt
 .text          0x000137a8       0x2c c:/users/fcoli/appdata/local/arduino15/packages/adafruit/tools/arm-none-eabi-gcc/9-2019q4/bin/../lib/gcc/arm-none-eabi/9.2.1/thumb/v7e-m+fp/hard\libgcc.a(_arm_unorddf2.o)
                0x000137a8                __unorddf2
                0x000137a8                __aeabi_dcmpun
 .text          0x000137d4       0x50 c:/users/fcoli/appdata/local/arduino15/packages/adafruit/tools/arm-none-eabi-gcc/9-2019q4/bin/../lib/gcc/arm-none-eabi/9.2.1/thumb/v7e-m+fp/hard\libgcc.a(_arm_fixdfsi.o)
                0x000137d4                __aeabi_d2iz
                0x000137d4                __fixdfsi
 .text          0x00013824       0x40 c:/users/fcoli/appdata/local/arduino15/packages/adafruit/tools/arm-none-eabi-gcc/9-2019q4/bin/../lib/gcc/arm-none-eabi/9.2.1/thumb/v7e-m+fp/hard\libgcc.a(_arm_fixunsdfsi.o)
                0x00013824                __aeabi_d2uiz
                0x00013824                __fixunsdfsi
 .text          0x00013864       0xa0 c:/users/fcoli/appdata/local/arduino15/packages/adafruit/tools/arm-none-eabi-gcc/9-2019q4/bin/../lib/gcc/arm-none-eabi/9.2.1/thumb/v7e-m+fp/hard\libgcc.a(_arm_truncdfsf2.o)
                0x00013864                __truncdfsf2
                0x00013864                __aeabi_d2f
 .text.atof     0x00013904        0x6 c:/users/fcoli/appdata/local/arduino15/packages/adafruit/tools/arm-none-eabi-gcc/9-2019q4/bin/../lib/gcc/arm-none-eabi/9.2.1/../../../../arm-none-eabi/lib/thumb/v7e-m+fp/hard\libc_nano.a(lib_a-atof.o)
                0x00013904                atof
 *fill*         0x0001390a        0x2 
 .text.__cxa_atexit
                0x0001390c       0x1c c:/users/fcoli/appdata/local/arduino15/packages/adafruit/tools/arm-none-eabi-gcc/9-2019q4/bin/../lib/gcc/arm-none-eabi/9.2.1/../../../../arm-none-eabi/lib/thumb/v7e-m+fp/hard\libc_nano.a(lib_a-cxa_atexit.o)
                0x0001390c                __cxa_atexit
 .text.__errno  0x00013928        0xc c:/users/fcoli/appdata/local/arduino15/packages/adafruit/tools/arm-none-eabi-gcc/9-2019q4/bin/../lib/gcc/arm-none-eabi/9.2.1/../../../../arm-none-eabi/lib/thumb/v7e-m+fp/hard\libc_nano.a(lib_a-errno.o)
                0x00013928                __errno
 .text.__libc_init_array
                0x00013934       0x48 c:/users/fcoli/appdata/local/arduino15/packages/adafruit/tools/arm-none-eabi-gcc/9-2019q4/bin/../lib/gcc/arm-none-eabi/9.2.1/../../../../arm-none-eabi/lib/thumb/v7e-m+fp/hard\libc_nano.a(lib_a-init.o)
                0x00013934                __libc_init_array
 .text.malloc   0x0001397c       0x10 c:/users/fcoli/appdata/local/arduino15/packages/adafruit/tools/arm-none-eabi-gcc/9-2019q4/bin/../lib/gcc/arm-none-eabi/9.2.1/../../../../arm-none-eabi/lib/thumb/v7e-m+fp/hard\libc_nano.a(lib_a-malloc.o)
                0x0001397c                malloc
 .text.free     0x0001398c       0x10 c:/users/fcoli/appdata/local/arduino15/packages/adafruit/tools/arm-none-eabi-gcc/9-2019q4/bin/../lib/gcc/arm-none-eabi/9.2.1/../../../../arm-none-eabi/lib/thumb/v7e-m+fp/hard\libc_nano.a(lib_a-malloc.o)
                0x0001398c                free
 .text.memcpy   0x0001399c       0x1c c:/users/fcoli/appdata/local/arduino15/packages/adafruit/tools/arm-none-eabi-gcc/9-2019q4/bin/../lib/gcc/arm-none-eabi/9.2.1/../../../../arm-none-eabi/lib/thumb/v7e-m+fp/hard\libc_nano.a(lib_a-memcpy-stub.o)
                0x0001399c                memcpy
 .text.memmove  0x000139b8       0x34 c:/users/fcoli/appdata/local/arduino15/packages/adafruit/tools/arm-none-eabi-gcc/9-2019q4/bin/../lib/gcc/arm-none-eabi/9.2.1/../../../../arm-none-eabi/lib/thumb/v7e-m+fp/hard\libc_nano.a(lib_a-memmove.o)
                0x000139b8                memmove
 .text.memset   0x000139ec       0x10 c:/users/fcoli/appdata/local/arduino15/packages/adafruit/tools/arm-none-eabi-gcc/9-2019q4/bin/../lib/gcc/arm-none-eabi/9.2.1/../../../../arm-none-eabi/lib/thumb/v7e-m+fp/hard\libc_nano.a(lib_a-memset.o)
                0x000139ec                memset
 .text._calloc_r
                0x000139fc       0x1e c:/users/fcoli/appdata/local/arduino15/packages/adafruit/tools/arm-none-eabi-gcc/9-2019q4/bin/../lib/gcc/arm-none-eabi/9.2.1/../../../../arm-none-eabi/lib/thumb/v7e-m+fp/hard\libc_nano.a(lib_a-nano-callocr.o)
                0x000139fc                _calloc_r
 *fill*         0x00013a1a        0x2 
 .text._free_r  0x00013a1c       0xa0 c:/users/fcoli/appdata/local/arduino15/packages/adafruit/tools/arm-none-eabi-gcc/9-2019q4/bin/../lib/gcc/arm-none-eabi/9.2.1/../../../../arm-none-eabi/lib/thumb/v7e-m+fp/hard\libc_nano.a(lib_a-nano-freer.o)
                0x00013a1c                _free_r
 .text._malloc_r
                0x00013abc       0xb4 c:/users/fcoli/appdata/local/arduino15/packages/adafruit/tools/arm-none-eabi-gcc/9-2019q4/bin/../lib/gcc/arm-none-eabi/9.2.1/../../../../arm-none-eabi/lib/thumb/v7e-m+fp/hard\libc_nano.a(lib_a-nano-mallocr.o)
                0x00013abc                _malloc_r
 .text.realloc  0x00013b70       0x10 c:/users/fcoli/appdata/local/arduino15/packages/adafruit/tools/arm-none-eabi-gcc/9-2019q4/bin/../lib/gcc/arm-none-eabi/9.2.1/../../../../arm-none-eabi/lib/thumb/v7e-m+fp/hard\libc_nano.a(lib_a-realloc.o)
                0x00013b70                realloc
 .text._sbrk_r  0x00013b80       0x20 c:/users/fcoli/appdata/local/arduino15/packages/adafruit/tools/arm-none-eabi-gcc/9-2019q4/bin/../lib/gcc/arm-none-eabi/9.2.1/../../../../arm-none-eabi/lib/thumb/v7e-m+fp/hard\libc_nano.a(lib_a-sbrkr.o)
                0x00013b80                _sbrk_r
 .text.strchr   0x00013ba0       0x1a c:/users/fcoli/appdata/local/arduino15/packages/adafruit/tools/arm-none-eabi-gcc/9-2019q4/bin/../lib/gcc/arm-none-eabi/9.2.1/../../../../arm-none-eabi/lib/thumb/v7e-m+fp/hard\libc_nano.a(lib_a-strchr.o)
                0x00013ba0                strchr
 .text.strcpy   0x00013bba       0x10 c:/users/fcoli/appdata/local/arduino15/packages/adafruit/tools/arm-none-eabi-gcc/9-2019q4/bin/../lib/gcc/arm-none-eabi/9.2.1/../../../../arm-none-eabi/lib/thumb/v7e-m+fp/hard\libc_nano.a(lib_a-strcpy.o)
                0x00013bba                strcpy
 .text          0x00013bca       0x10 c:/users/fcoli/appdata/local/arduino15/packages/adafruit/tools/arm-none-eabi-gcc/9-2019q4/bin/../lib/gcc/arm-none-eabi/9.2.1/../../../../arm-none-eabi/lib/thumb/v7e-m+fp/hard\libc_nano.a(lib_a-strlen.o)
                0x00013bca                strlen