Archive member included to satisfy reference by file (symbol)

C:\Users\Colin Fleming\AppData\Local\Temp\VMBuilds\plotter\adafruit_adafruit_grandcentral_m4\Release/core.a(cortex_handlers.c.o)
                              (Reset_Handler)
C:\Users\Colin Fleming\AppData\Local\Temp\VMBuilds\plotter\adafruit_adafruit_grandcentral_m4\Release/core.a(delay.c.o)
                              plotter.cpp.o (millis)
C:\Users\Colin Fleming\AppData\Local\Temp\VMBuilds\plotter\adafruit_adafruit_grandcentral_m4\Release/core.a(hooks.c.o)
                              C:\Users\Colin Fleming\AppData\Local\Temp\VMBuilds\plotter\adafruit_adafruit_grandcentral_m4\Release/core.a(delay.c.o) (yield)
C:\Users\Colin Fleming\AppData\Local\Temp\VMBuilds\plotter\adafruit_adafruit_grandcentral_m4\Release/core.a(startup.c.o)
                              C:\Users\Colin Fleming\AppData\Local\Temp\VMBuilds\plotter\adafruit_adafruit_grandcentral_m4\Release/core.a(cortex_handlers.c.o) (SystemInit)
C:\Users\Colin Fleming\AppData\Local\Temp\VMBuilds\plotter\adafruit_adafruit_grandcentral_m4\Release/core.a(wiring.c.o)
                              Servo\samd\Servo.cpp.o (SystemCoreClock)
C:\Users\Colin Fleming\AppData\Local\Temp\VMBuilds\plotter\adafruit_adafruit_grandcentral_m4\Release/core.a(wiring_analog.c.o)
                              C:\Users\Colin Fleming\AppData\Local\Temp\VMBuilds\plotter\adafruit_adafruit_grandcentral_m4\Release/core.a(wiring.c.o) (analogReference)
C:\Users\Colin Fleming\AppData\Local\Temp\VMBuilds\plotter\adafruit_adafruit_grandcentral_m4\Release/core.a(wiring_digital.c.o)
                              plotter.cpp.o (pinMode)
C:\Users\Colin Fleming\AppData\Local\Temp\VMBuilds\plotter\adafruit_adafruit_grandcentral_m4\Release/core.a(wiring_private.c.o)
                              SPI\SPI.cpp.o (pinPeripheral)
C:\Users\Colin Fleming\AppData\Local\Temp\VMBuilds\plotter\adafruit_adafruit_grandcentral_m4\Release/core.a(abi.cpp.o)
                              Libraries_CTP-SD-Hardware-SPI_ER-TFTM032-3\GFX.cpp.o (__cxa_pure_virtual)
C:\Users\Colin Fleming\AppData\Local\Temp\VMBuilds\plotter\adafruit_adafruit_grandcentral_m4\Release/core.a(main.cpp.o)
                              c:/users/colin fleming/appdata/local/arduino15/packages/arduino/tools/arm-none-eabi-gcc/7-2017q4/bin/../lib/gcc/arm-none-eabi/7.2.1/../../../../arm-none-eabi/lib/thumb/v7e-m/fpv4-sp/hard/crt0.o (main)
C:\Users\Colin Fleming\AppData\Local\Temp\VMBuilds\plotter\adafruit_adafruit_grandcentral_m4\Release/core.a(new.cpp.o)
                              ArduinoBlue\ArduinoBlue.cpp.o (operator new[](unsigned int))
C:\Users\Colin Fleming\AppData\Local\Temp\VMBuilds\plotter\adafruit_adafruit_grandcentral_m4\Release/core.a(Print.cpp.o)
                              SD\utility\SdFile.cpp.o (Print::write(unsigned char const*, unsigned int))
C:\Users\Colin Fleming\AppData\Local\Temp\VMBuilds\plotter\adafruit_adafruit_grandcentral_m4\Release/core.a(Reset.cpp.o)
                              C:\Users\Colin Fleming\AppData\Local\Temp\VMBuilds\plotter\adafruit_adafruit_grandcentral_m4\Release/core.a(delay.c.o) (tickReset)
C:\Users\Colin Fleming\AppData\Local\Temp\VMBuilds\plotter\adafruit_adafruit_grandcentral_m4\Release/core.a(SERCOM.cpp.o)
                              C:\Users\Colin Fleming\AppData\Local\Temp\VMBCore\arduino16x\4fa0d4deb74a46d069c80fc94ff8b2ca\variant\variant.cpp.o (SERCOM::SERCOM(Sercom*))
C:\Users\Colin Fleming\AppData\Local\Temp\VMBuilds\plotter\adafruit_adafruit_grandcentral_m4\Release/core.a(Uart.cpp.o)
                              plotter.cpp.o (Uart::begin(unsigned long))
C:\Users\Colin Fleming\AppData\Local\Temp\VMBuilds\plotter\adafruit_adafruit_grandcentral_m4\Release/core.a(WMath.cpp.o)
                              plotter.cpp.o (map(long, long, long, long, long))
C:\Users\Colin Fleming\AppData\Local\Temp\VMBuilds\plotter\adafruit_adafruit_grandcentral_m4\Release/core.a(WString.cpp.o)
                              ArduinoBlue\ArduinoBlue.cpp.o (String::String(char const*))
C:\Users\Colin Fleming\AppData\Local\Temp\VMBuilds\plotter\adafruit_adafruit_grandcentral_m4\Release/core.a(CDC.cpp.o)
                              SD\utility\SdFile.cpp.o (Serial_::write(unsigned char))
C:\Users\Colin Fleming\AppData\Local\Temp\VMBuilds\plotter\adafruit_adafruit_grandcentral_m4\Release/core.a(USBCore.cpp.o)
                              C:\Users\Colin Fleming\AppData\Local\Temp\VMBuilds\plotter\adafruit_adafruit_grandcentral_m4\Release/core.a(main.cpp.o) (USBDeviceClass::init())
C:\Users\Colin Fleming\AppData\Local\Temp\VMBuilds\plotter\adafruit_adafruit_grandcentral_m4\Release/core.a(itoa.c.o)
                              C:\Users\Colin Fleming\AppData\Local\Temp\VMBuilds\plotter\adafruit_adafruit_grandcentral_m4\Release/core.a(WString.cpp.o) (itoa)
C:\Users\Colin Fleming\AppData\Local\Temp\VMBuilds\plotter\adafruit_adafruit_grandcentral_m4\Release/core.a(dtostrf.c.o)
[...]
Memory Configuration

Name             Origin             Length             Attributes
FLASH            0x00004000         0x000fc000         xr
RAM              0x20000000         0x00040000         xrw
*default*        0x00000000         0xffffffff

Linker script and memory map

LOAD c:/users/colin fleming/appdata/local/arduino15/packages/arduino/tools/arm-none-eabi-gcc/7-2017q4/bin/../lib/gcc/arm-none-eabi/7.2.1/thumb/v7e-m/fpv4-sp/hard/crti.o
LOAD c:/users/colin fleming/appdata/local/arduino15/packages/arduino/tools/arm-none-eabi-gcc/7-2017q4/bin/../lib/gcc/arm-none-eabi/7.2.1/thumb/v7e-m/fpv4-sp/hard/crtbegin.o
LOAD c:/users/colin fleming/appdata/local/arduino15/packages/arduino/tools/arm-none-eabi-gcc/7-2017q4/bin/../lib/gcc/arm-none-eabi/7.2.1/../../../../arm-none-eabi/lib/thumb/v7e-m/fpv4-sp/hard/crt0.o
LOAD plotter.cpp.o
LOAD ArduinoBlue\ArduinoBlue.cpp.o
LOAD SD\File.cpp.o
LOAD SD\SD.cpp.o
LOAD SD\utility\Sd2Card.cpp.o
LOAD SD\utility\SdFile.cpp.o
LOAD SD\utility\SdVolume.cpp.o
LOAD SPI\SPI.cpp.o
LOAD Adafruit_ZeroDMA\Adafruit_ZeroDMA.cpp.o
LOAD Libraries_CTP-SD-Hardware-SPI_ER-TFTM032-3\glcdfont.c.o
LOAD Libraries_CTP-SD-Hardware-SPI_ER-TFTM032-3\FT6206.cpp.o
LOAD Libraries_CTP-SD-Hardware-SPI_ER-TFTM032-3\GFX.cpp.o
LOAD Libraries_CTP-SD-Hardware-SPI_ER-TFTM032-3\ILI9341.cpp.o
LOAD Wire\Wire.cpp.o
LOAD Servo\avr\Servo.cpp.o
LOAD Servo\megaavr\Servo.cpp.o
LOAD Servo\nrf52\Servo.cpp.o
LOAD Servo\sam\Servo.cpp.o
LOAD Servo\samd\Servo.cpp.o
LOAD Servo\stm32f4\Servo.cpp.o
LOAD C:\Users\Colin Fleming\AppData\Local\Temp\VMBCore\arduino16x\4fa0d4deb74a46d069c80fc94ff8b2ca\variant\variant.cpp.o
START GROUP
LOAD C:\Users\Colin Fleming\AppData\Local\arduino15\packages\arduino\tools\CMSIS\4.5.0/CMSIS/Lib/GCC/\libarm_cortexM4lf_math.a
LOAD C:\Users\Colin Fleming\AppData\Local\Temp\VMBuilds\plotter\adafruit_adafruit_grandcentral_m4\Release/core.a
END GROUP
LOAD c:/users/colin fleming/appdata/local/arduino15/packages/arduino/tools/arm-none-eabi-gcc/7-2017q4/bin/../lib/gcc/arm-none-eabi/7.2.1/../../../../arm-none-eabi/lib/thumb/v7e-m/fpv4-sp/hard\libstdc++_nano.a
LOAD c:/users/colin fleming/appdata/local/arduino15/packages/arduino/tools/arm-none-eabi-gcc/7-2017q4/bin/../lib/gcc/arm-none-eabi/7.2.1/../../../../arm-none-eabi/lib/thumb/v7e-m/fpv4-sp/hard\libm.a
START GROUP
LOAD c:/users/colin fleming/appdata/local/arduino15/packages/arduino/tools/arm-none-eabi-gcc/7-2017q4/bin/../lib/gcc/arm-none-eabi/7.2.1/thumb/v7e-m/fpv4-sp/hard\libgcc.a
LOAD c:/users/colin fleming/appdata/local/arduino15/packages/arduino/tools/arm-none-eabi-gcc/7-2017q4/bin/../lib/gcc/arm-none-eabi/7.2.1/../../../../arm-none-eabi/lib/thumb/v7e-m/fpv4-sp/hard\libc_nano.a
END GROUP
START GROUP
LOAD c:/users/colin fleming/appdata/local/arduino15/packages/arduino/tools/arm-none-eabi-gcc/7-2017q4/bin/../lib/gcc/arm-none-eabi/7.2.1/thumb/v7e-m/fpv4-sp/hard\libgcc.a
LOAD c:/users/colin fleming/appdata/local/arduino15/packages/arduino/tools/arm-none-eabi-gcc/7-2017q4/bin/../lib/gcc/arm-none-eabi/7.2.1/../../../../arm-none-eabi/lib/thumb/v7e-m/fpv4-sp/hard\libc_nano.a
LOAD c:/users/colin fleming/appdata/local/arduino15/packages/arduino/tools/arm-none-eabi-gcc/7-2017q4/bin/../lib/gcc/arm-none-eabi/7.2.1/../../../../arm-none-eabi/lib/thumb/v7e-m/fpv4-sp/hard\libnosys.a
END GROUP
START GROUP
LOAD c:/users/colin fleming/appdata/local/arduino15/packages/arduino/tools/arm-none-eabi-gcc/7-2017q4/bin/../lib/gcc/arm-none-eabi/7.2.1/thumb/v7e-m/fpv4-sp/hard\libgcc.a
LOAD c:/users/colin fleming/appdata/local/arduino15/packages/arduino/tools/arm-none-eabi-gcc/7-2017q4/bin/../lib/gcc/arm-none-eabi/7.2.1/../../../../arm-none-eabi/lib/thumb/v7e-m/fpv4-sp/hard\libc_nano.a
LOAD c:/users/colin fleming/appdata/local/arduino15/packages/arduino/tools/arm-none-eabi-gcc/7-2017q4/bin/../lib/gcc/arm-none-eabi/7.2.1/../../../../arm-none-eabi/lib/thumb/v7e-m/fpv4-sp/hard\libnosys.a
END GROUP
LOAD c:/users/colin fleming/appdata/local/arduino15/packages/arduino/tools/arm-none-eabi-gcc/7-2017q4/bin/../lib/gcc/arm-none-eabi/7.2.1/thumb/v7e-m/fpv4-sp/hard/crtend.o
LOAD c:/users/colin fleming/appdata/local/arduino15/packages/arduino/tools/arm-none-eabi-gcc/7-2017q4/bin/../lib/gcc/arm-none-eabi/7.2.1/thumb/v7e-m/fpv4-sp/hard/crtn.o

.text           0x00004000    0x146b8
                0x00004000                __text_start__ = .
 *(.sketch_boot)
                0x00004000                . = ALIGN (0x4000)
 *(.isr_vector)
 .isr_vector    0x00004000      0x264 C:\Users\Colin Fleming\AppData\Local\Temp\VMBuilds\plotter\adafruit_adafruit_grandcentral_m4\Release/core.a(cortex_handlers.c.o)
                0x00004000                exception_table
 *(.text*)
 .text          0x00004264       0x40 c:/users/colin fleming/appdata/local/arduino15/packages/arduino/tools/arm-none-eabi-gcc/7-2017q4/bin/../lib/gcc/arm-none-eabi/7.2.1/thumb/v7e-m/fpv4-sp/hard/crtbegin.o
 .text._ZN11ArduinoBlueD2Ev
                0x000042a4       0x10 plotter.cpp.o
                0x000042a4                ArduinoBlue::~ArduinoBlue()
                0x000042a4                ArduinoBlue::~ArduinoBlue()
 *fill*         0x000042b4        0x4 
 .text._Z7stepDirPlS_PhPifb.part.3
                0x000042b8      0x124 plotter.cpp.o
 .text._Z6read32RN5SDLib4FileE
                0x000043dc       0x3c plotter.cpp.o
                0x000043dc                read32(SDLib::File&)
 .text._Z6readIRb
                0x00004418      0x3f8 plotter.cpp.o
                0x00004418                readIR(bool)
 .text._Z10setupServov
                0x00004810       0xc8 plotter.cpp.o
                0x00004810                setupServo()
 .text._Z15movePenInternalbb
                0x000048d8      0x184 plotter.cpp.o
                0x000048d8                movePenInternal(bool, bool)
 .text._Z11stepRoutinev
                0x00004a5c      0x17c plotter.cpp.o
                0x00004a5c                stepRoutine()
 .text._Z16stepAndSpeedCalcllb
                0x00004bd8      0x3a0 plotter.cpp.o
                0x00004bd8                stepAndSpeedCalc(long, long, bool)
 .text._Z8stepCalcllbbbb.constprop.8
                0x00004f78      0x3a4 plotter.cpp.o
 *fill*         0x0000531c        0x4 
 .text._Z7myAtan2dd
                0x00005320      0x298 plotter.cpp.o
                0x00005320                myAtan2(double, double)
 .text._Z8stepCalcllbbbb
                0x000055b8      0x4dc plotter.cpp.o
                0x000055b8                stepCalc(long, long, bool, bool, bool, bool)
 .text.startup._GLOBAL__sub_I_UniPen
                0x00005a94       0x64 plotter.cpp.o
 .text._Z9readFloatPf
                0x00005af8      0x178 plotter.cpp.o
                0x00005af8                readFloat(float*)
 .text._Z18getNextPathSegmentPfS_Pbb
                0x00005c70      0x2cc plotter.cpp.o
                0x00005c70                getNextPathSegment(float*, float*, bool*, bool)
 *fill*         0x00005f3c        0x4 
 .text._Z10getSvgDataiiPfS_Pb
                0x00005f40      0x290 plotter.cpp.o
                0x00005f40                getSvgData(int, int, float*, float*, bool*)
 .text._Z15getDataInternaliiPfS_Pb
                0x000061d0      0x168 plotter.cpp.o
                0x000061d0                getDataInternal(int, int, float*, float*, bool*)
 .text.loop     0x00006338      0x620 plotter.cpp.o
                0x00006338                loop
 .text._Z7bmpDrawPcht
                0x00006958      0x3f8 plotter.cpp.o
                0x00006958                bmpDraw(char*, unsigned char, unsigned short)
 .text.setup    0x00006d50      0x12c plotter.cpp.o
                0x00006d50                setup
 .text._ZN11ArduinoBlueC2ER6Stream
                0x00006e7c       0x30 ArduinoBlue\ArduinoBlue.cpp.o
                0x00006e7c                ArduinoBlue::ArduinoBlue(Stream&)
                0x00006e7c                ArduinoBlue::ArduinoBlue(Stream&)
 .text._ZN11ArduinoBlue21storePathTransmissionEv
                0x00006eac      0x104 ArduinoBlue\ArduinoBlue.cpp.o
                0x00006eac                ArduinoBlue::storePathTransmission()
 .text._ZN11ArduinoBlue14checkBluetoothEv
                0x00006fb0      0x20c ArduinoBlue\ArduinoBlue.cpp.o
                0x00006fb0                ArduinoBlue::checkBluetooth()
 .text._ZN11ArduinoBlue9getButtonEv
                0x000071bc       0x18 ArduinoBlue\ArduinoBlue.cpp.o
                0x000071bc                ArduinoBlue::getButton()
 .text._ZN11ArduinoBlue11getThrottleEv
                0x000071d4        0xc ArduinoBlue\ArduinoBlue.cpp.o
                0x000071d4                ArduinoBlue::getThrottle()
 .text._ZN11ArduinoBlue11getSteeringEv
                0x000071e0        0xc ArduinoBlue\ArduinoBlue.cpp.o
                0x000071e0                ArduinoBlue::getSteering()
 .text._ZN5SDLib4File17availableForWriteEv
                0x000071ec        0xc SD\File.cpp.o
                0x000071ec                SDLib::File::availableForWrite()
 .text._ZN5SDLib4File9availableEv
                0x000071f8       0x18 SD\File.cpp.o
                0x000071f8                SDLib::File::available()
 .text._ZN5SDLib4File5writeEPKhj
                0x00007210       0x24 SD\File.cpp.o
                0x00007210                SDLib::File::write(unsigned char const*, unsigned int)
 .text._ZN5SDLib4File4readEv
                0x00007234       0x2c SD\File.cpp.o
                0x00007234                SDLib::File::read()
 .text._ZN5SDLib4File4peekEv
                0x00007260       0x40 SD\File.cpp.o
                0x00007260                SDLib::File::peek()
 .text._ZN5SDLib4File5flushEv
                0x000072a0        0xc SD\File.cpp.o
                0x000072a0                SDLib::File::flush()
 .text._ZN5SDLib4File5writeEh
                0x000072ac       0x48 SD\File.cpp.o
                0x000072ac                SDLib::File::write(unsigned char)
 .text._ZN5SDLib4FileC2E6SdFilePKc
                0x000072f4       0x5c SD\File.cpp.o
                0x000072f4                SDLib::File::File(SdFile, char const*)
                0x000072f4                SDLib::File::File(SdFile, char const*)
 .text._ZN5SDLib4FileC2Ev
                0x00007350       0x18 SD\File.cpp.o
                0x00007350                SDLib::File::File()
                0x00007350                SDLib::File::File()
 .text._ZN5SDLib4File4readEPvt
                0x00007368       0x10 SD\File.cpp.o
                0x00007368                SDLib::File::read(void*, unsigned short)
 .text._ZN5SDLib4File4seekEm
                0x00007378       0x14 SD\File.cpp.o
                0x00007378                SDLib::File::seek(unsigned long)
 .text._ZN5SDLib4File8positionEv
                0x0000738c       0x10 SD\File.cpp.o
                0x0000738c                SDLib::File::position()
 .text._ZN5SDLib4File5closeEv
                0x0000739c       0x1c SD\File.cpp.o
                0x0000739c                SDLib::File::close()
 .text._ZN5SDLib4FilecvbEv
                0x000073b8       0x10 SD\File.cpp.o
                0x000073b8                SDLib::File::operator bool()
 .text._ZN5SDLib7SDClass5beginEh
                0x000073c8       0x58 SD\SD.cpp.o
                0x000073c8                SDLib::SDClass::begin(unsigned char)
 .text._ZN5SDLib7SDClass12getParentDirEPKcPi
                0x00007420       0xe8 SD\SD.cpp.o
                0x00007420                SDLib::SDClass::getParentDir(char const*, int*)
 .text._ZN5SDLib7SDClass4openEPKch
                0x00007508       0xe4 SD\SD.cpp.o
                0x00007508                SDLib::SDClass::open(char const*, unsigned char)
 .text.startup._GLOBAL__sub_I__ZN5SDLib20getNextPathComponentEPKcPjPc
                0x000075ec       0x28 SD\SD.cpp.o
 .text._ZN11SPISettingsC2Em8BitOrderh
                0x00007614       0x30 SD\utility\Sd2Card.cpp.o
                0x00007614                SPISettings::SPISettings(unsigned long, BitOrder, unsigned char)
                0x00007614                SPISettings::SPISettings(unsigned long, BitOrder, unsigned char)
 .text._ZN7Sd2Card11cardCommandEhm
                0x00007644      0x100 SD\utility\Sd2Card.cpp.o
                0x00007644                Sd2Card::cardCommand(unsigned char, unsigned long)
 .text._ZN7Sd2Card4initEhh
                0x00007744      0x244 SD\utility\Sd2Card.cpp.o
                0x00007744                Sd2Card::init(unsigned char, unsigned char)
 .text._ZN7Sd2Card9readBlockEmPh
                0x00007988      0x124 SD\utility\Sd2Card.cpp.o
                0x00007988                Sd2Card::readBlock(unsigned long, unsigned char*)
 .text._ZN7Sd2Card8readDataEmttPh
                0x00007aac      0x15c SD\utility\Sd2Card.cpp.o
                0x00007aac                Sd2Card::readData(unsigned long, unsigned short, unsigned short, unsigned char*)
 .text._ZN7Sd2Card10writeBlockEmPKhh
                0x00007c08      0x124 SD\utility\Sd2Card.cpp.o
                0x00007c08                Sd2Card::writeBlock(unsigned long, unsigned char const*, unsigned char)
 .text._ZN7Sd2Card6isBusyEv
                0x00007d2c       0x58 SD\utility\Sd2Card.cpp.o
                0x00007d2c                Sd2Card::isBusy()
 .text.startup._GLOBAL__sub_I__ZN7Sd2Card11cardCommandEhm
                0x00007d84       0x18 SD\utility\Sd2Card.cpp.o
 .text._ZN5Print5flushEv
                0x00007d9c        0x4 SD\utility\SdFile.cpp.o
                0x00007d9c                Print::flush()
 .text._ZN6SdFile4syncEh.part.25
                0x00007da0       0x74 SD\utility\SdFile.cpp.o
 .text._ZN6SdFile5writeEh
                0x00007e14      0x204 SD\utility\SdFile.cpp.o
                0x00007e14                SdFile::write(unsigned char)
 .text._ZN6SdFile17availableForWriteEv
                0x00008018      0x110 SD\utility\SdFile.cpp.o
                0x00008018                SdFile::availableForWrite()
 .text._ZN6SdFile5closeEv
                0x00008128       0x74 SD\utility\SdFile.cpp.o
                0x00008128                SdFile::close()
 .text._ZN6SdFile8openRootEP8SdVolume
                0x0000819c       0x50 SD\utility\SdFile.cpp.o
                0x0000819c                SdFile::openRoot(SdVolume*)
 .text._ZN6SdFile4readEPvt
                0x000081ec      0x22c SD\utility\SdFile.cpp.o
                0x000081ec                SdFile::read(void*, unsigned short)
 .text._ZN6SdFile7seekSetEm
                0x00008418       0x5c SD\utility\SdFile.cpp.o
                0x00008418                SdFile::seekSet(unsigned long)
 .text._ZN6SdFile15openCachedEntryEhh
                0x00008474       0xc4 SD\utility\SdFile.cpp.o
                0x00008474                SdFile::openCachedEntry(unsigned char, unsigned char)
 .text._ZN6SdFile4openEPS_PKch.part.28
                0x00008538      0x294 SD\utility\SdFile.cpp.o
 .text._ZN6SdFile4openEPS_PKch
                0x000087cc       0x18 SD\utility\SdFile.cpp.o
                0x000087cc                SdFile::open(SdFile*, char const*, unsigned char)
 .text._ZN6SdFile4syncEh
                0x000087e4       0x78 SD\utility\SdFile.cpp.o
                0x000087e4                SdFile::sync(unsigned char)
 .text._ZN6SdFile5writeEPKvt
                0x0000885c      0x400 SD\utility\SdFile.cpp.o
                0x0000885c                SdFile::write(void const*, unsigned short)
 .text._ZN8SdVolume6fatPutEmm.part.3
                0x00008c5c       0xd8 SD\utility\SdVolume.cpp.o
 .text._ZN8SdVolume15allocContiguousEmPm
                0x00008d34      0x1b4 SD\utility\SdVolume.cpp.o
                0x00008d34                SdVolume::allocContiguous(unsigned long, unsigned long*)
 .text._ZN8SdVolume10cacheFlushEh
                0x00008ee8       0x5c SD\utility\SdVolume.cpp.o
                0x00008ee8                SdVolume::cacheFlush(unsigned char)
 .text._ZN8SdVolume21cacheMirrorBlockFlushEh
                0x00008f44       0x30 SD\utility\SdVolume.cpp.o
                0x00008f44                SdVolume::cacheMirrorBlockFlush(unsigned char)
 .text._ZN8SdVolume13cacheRawBlockEmh
                0x00008f74       0x8c SD\utility\SdVolume.cpp.o
                0x00008f74                SdVolume::cacheRawBlock(unsigned long, unsigned char)
 .text._ZN8SdVolume14cacheZeroBlockEm
                0x00009000       0x70 SD\utility\SdVolume.cpp.o
                0x00009000                SdVolume::cacheZeroBlock(unsigned long)
 .text._ZNK8SdVolume9chainSizeEmPm
                0x00009070       0xf8 SD\utility\SdVolume.cpp.o
                0x00009070                SdVolume::chainSize(unsigned long, unsigned long*) const
 .text._ZNK8SdVolume6fatGetEmPm
                0x00009168       0xd8 SD\utility\SdVolume.cpp.o
                0x00009168                SdVolume::fatGet(unsigned long, unsigned long*) const
 .text._ZN8SdVolume9freeChainEm
                0x00009240      0x16c SD\utility\SdVolume.cpp.o
                0x00009240                SdVolume::freeChain(unsigned long)
 .text._ZN8SdVolume4initEP7Sd2Cardh
                0x000093ac      0x1fc SD\utility\SdVolume.cpp.o
                0x000093ac                SdVolume::init(Sd2Card*, unsigned char)
 .text._ZN8SPIClass5beginEv
                0x000095a8       0x88 SPI\SPI.cpp.o
                0x000095a8                SPIClass::begin()
 .text._ZN8SPIClass16beginTransactionE11SPISettings
                0x00009630       0x68 SPI\SPI.cpp.o
                0x00009630                SPIClass::beginTransaction(SPISettings)
 .text._ZN8SPIClass14endTransactionEv
                0x00009698       0x20 SPI\SPI.cpp.o
                0x00009698                SPIClass::endTransaction()
 .text._ZN8SPIClass11setBitOrderE8BitOrder
                0x000096b8       0x10 SPI\SPI.cpp.o
                0x000096b8                SPIClass::setBitOrder(BitOrder)
 .text._ZN8SPIClass11setDataModeEh
                0x000096c8       0x30 SPI\SPI.cpp.o
                0x000096c8                SPIClass::setDataMode(unsigned char)
 .text._ZN8SPIClass15setClockDividerEh
                0x000096f8       0x10 SPI\SPI.cpp.o
                0x000096f8                SPIClass::setClockDivider(unsigned char)
 .text._ZN8SPIClass8transferEh
                0x00009708        0x8 SPI\SPI.cpp.o
                0x00009708                SPIClass::transfer(unsigned char)
 .text.startup._GLOBAL__sub_I__ZN8SPIClassC2EP6SERCOMhhh14SercomSpiTXPad11SercomRXPad
                0x00009710       0x88 SPI\SPI.cpp.o
 .text._ZN16Adafruit_ZeroDMAC2Ev
                0x00009798       0x20 Adafruit_ZeroDMA\Adafruit_ZeroDMA.cpp.o
                0x00009798                Adafruit_ZeroDMA::Adafruit_ZeroDMA()
                0x00009798                Adafruit_ZeroDMA::Adafruit_ZeroDMA()
 .text.DMAC_0_Handler
                0x000097b8       0xc4 Adafruit_ZeroDMA\Adafruit_ZeroDMA.cpp.o
                0x000097b8                DMAC_4_Handler
                0x000097b8                DMAC_2_Handler
                0x000097b8                DMAC_1_Handler
                0x000097b8                DMAC_3_Handler
                0x000097b8                DMAC_0_Handler
 .text._ZN6FT6206C2Ev
                0x0000987c        0x4 Libraries_CTP-SD-Hardware-SPI_ER-TFTM032-3\FT6206.cpp.o
                0x0000987c                FT6206::FT6206()
                0x0000987c                FT6206::FT6206()
 .text._ZN6FT62065beginEh
                0x00009880       0x34 Libraries_CTP-SD-Hardware-SPI_ER-TFTM032-3\FT6206.cpp.o
                0x00009880                FT6206::begin(unsigned char)
 .text._ZN6FT62068readDataEPtS0_
                0x000098b4       0xf8 Libraries_CTP-SD-Hardware-SPI_ER-TFTM032-3\FT6206.cpp.o
                0x000098b4                FT6206::readData(unsigned short*, unsigned short*)
 .text._ZN6FT62068getPointEv
                0x000099ac       0x28 Libraries_CTP-SD-Hardware-SPI_ER-TFTM032-3\FT6206.cpp.o
                0x000099ac                FT6206::getPoint()
 .text._ZN6FT62067touchedEv
                0x000099d4       0x4c Libraries_CTP-SD-Hardware-SPI_ER-TFTM032-3\FT6206.cpp.o
                0x000099d4                FT6206::touched()
 .text._ZN5Print17availableForWriteEv
                0x00009a20        0x4 Libraries_CTP-SD-Hardware-SPI_ER-TFTM032-3\GFX.cpp.o
                0x00009a20                Print::availableForWrite()
 .text._ZN3GFX8drawLineEsssst
                0x00009a24      0x114 Libraries_CTP-SD-Hardware-SPI_ER-TFTM032-3\GFX.cpp.o
                0x00009a24                GFX::drawLine(short, short, short, short, unsigned short)
 .text._ZN3GFX13invertDisplayEb
                0x00009b38        0x4 Libraries_CTP-SD-Hardware-SPI_ER-TFTM032-3\GFX.cpp.o
                0x00009b38                GFX::invertDisplay(bool)
 .text._ZN3GFX8fillRectEsssst
                0x00009b3c      0x128 Libraries_CTP-SD-Hardware-SPI_ER-TFTM032-3\GFX.cpp.o
                0x00009b3c                GFX::fillRect(short, short, short, short, unsigned short)
 .text._ZN3GFX10fillScreenEt
                0x00009c64      0x124 Libraries_CTP-SD-Hardware-SPI_ER-TFTM032-3\GFX.cpp.o
                0x00009c64                GFX::fillScreen(unsigned short)
 .text._ZN3GFX13drawFastHLineEssst
                0x00009d88       0x94 Libraries_CTP-SD-Hardware-SPI_ER-TFTM032-3\GFX.cpp.o
                0x00009d88                GFX::drawFastHLine(short, short, short, unsigned short)
 .text._ZN3GFX13drawFastVLineEssst
                0x00009e1c       0xd4 Libraries_CTP-SD-Hardware-SPI_ER-TFTM032-3\GFX.cpp.o
                0x00009e1c                GFX::drawFastVLine(short, short, short, unsigned short)
 .text._ZN3GFX8drawRectEsssst
                0x00009ef0      0x370 Libraries_CTP-SD-Hardware-SPI_ER-TFTM032-3\GFX.cpp.o
                0x00009ef0                GFX::drawRect(short, short, short, short, unsigned short)
 .text._ZN3GFXC2Ess
                0x0000a260       0x30 Libraries_CTP-SD-Hardware-SPI_ER-TFTM032-3\GFX.cpp.o
                0x0000a260                GFX::GFX(short, short)
                0x0000a260                GFX::GFX(short, short)
 .text._ZN3GFX8drawCharEsshtth
                0x0000a290      0x360 Libraries_CTP-SD-Hardware-SPI_ER-TFTM032-3\GFX.cpp.o
                0x0000a290                GFX::drawChar(short, short, unsigned char, unsigned short, unsigned short, unsigned char)
 .text._ZN3GFX5writeEh
                0x0000a5f0       0x74 Libraries_CTP-SD-Hardware-SPI_ER-TFTM032-3\GFX.cpp.o
                0x0000a5f0                GFX::write(unsigned char)
 .text._ZNK3GFX5widthEv
                0x0000a664        0x8 Libraries_CTP-SD-Hardware-SPI_ER-TFTM032-3\GFX.cpp.o
                0x0000a664                GFX::width() const
 .text._ZNK3GFX6heightEv
                0x0000a66c        0x8 Libraries_CTP-SD-Hardware-SPI_ER-TFTM032-3\GFX.cpp.o
                0x0000a66c                GFX::height() const
 .text._ZN7ILI934110fillScreenEt
                0x0000a674       0x20 Libraries_CTP-SD-Hardware-SPI_ER-TFTM032-3\ILI9341.cpp.o
                0x0000a674                ILI9341::fillScreen(unsigned short)
 .text._ZN7ILI934113invertDisplayEb
                0x0000a694      0x188 Libraries_CTP-SD-Hardware-SPI_ER-TFTM032-3\ILI9341.cpp.o
                0x0000a694                ILI9341::invertDisplay(bool)
 .text._ZN7ILI9341C2Eaaa
                0x0000a81c       0x30 Libraries_CTP-SD-Hardware-SPI_ER-TFTM032-3\ILI9341.cpp.o
                0x0000a81c                ILI9341::ILI9341(signed char, signed char, signed char)
                0x0000a81c                ILI9341::ILI9341(signed char, signed char, signed char)
 .text._ZN7ILI934112writecommandEh
                0x0000a84c      0x17c Libraries_CTP-SD-Hardware-SPI_ER-TFTM032-3\ILI9341.cpp.o
                0x0000a84c                ILI9341::writecommand(unsigned char)
 .text._ZN7ILI93419writedataEh
                0x0000a9c8      0x17c Libraries_CTP-SD-Hardware-SPI_ER-TFTM032-3\ILI9341.cpp.o
                0x0000a9c8                ILI9341::writedata(unsigned char)
 .text._ZN7ILI93415beginEv
                0x0000ab44      0x46c Libraries_CTP-SD-Hardware-SPI_ER-TFTM032-3\ILI9341.cpp.o
                0x0000ab44                ILI9341::begin()
 .text._ZN7ILI934113setAddrWindowEtttt
                0x0000afb0      0xfd0 Libraries_CTP-SD-Hardware-SPI_ER-TFTM032-3\ILI9341.cpp.o
                0x0000afb0                ILI9341::setAddrWindow(unsigned short, unsigned short, unsigned short, unsigned short)
 .text._ZN7ILI93419drawPixelEsst
                0x0000bf80      0x350 Libraries_CTP-SD-Hardware-SPI_ER-TFTM032-3\ILI9341.cpp.o
                0x0000bf80                ILI9341::drawPixel(short, short, unsigned short)
 .text._ZN7ILI934113drawFastVLineEssst
                0x0000c2d0      0x454 Libraries_CTP-SD-Hardware-SPI_ER-TFTM032-3\ILI9341.cpp.o
                0x0000c2d0                ILI9341::drawFastVLine(short, short, short, unsigned short)
 .text._ZN7ILI934113drawFastHLineEssst
                0x0000c724      0x454 Libraries_CTP-SD-Hardware-SPI_ER-TFTM032-3\ILI9341.cpp.o
                0x0000c724                ILI9341::drawFastHLine(short, short, short, unsigned short)
 .text._ZN7ILI93418fillRectEsssst
                0x0000cb78      0x4a0 Libraries_CTP-SD-Hardware-SPI_ER-TFTM032-3\ILI9341.cpp.o
                0x0000cb78                ILI9341::fillRect(short, short, short, short, unsigned short)
 .text._ZN7ILI93419pushColorEt
                0x0000d018      0x320 Libraries_CTP-SD-Hardware-SPI_ER-TFTM032-3\ILI9341.cpp.o
                0x0000d018                ILI9341::pushColor(unsigned short)
 .text._ZN7ILI93418color565Ehhh
                0x0000d338       0x18 Libraries_CTP-SD-Hardware-SPI_ER-TFTM032-3\ILI9341.cpp.o
                0x0000d338                ILI9341::color565(unsigned char, unsigned char, unsigned char)
 .text._ZN7ILI934111setRotationEh
                0x0000d350      0x1d0 Libraries_CTP-SD-Hardware-SPI_ER-TFTM032-3\ILI9341.cpp.o
                0x0000d350                ILI9341::setRotation(unsigned char)
 .text._ZN7TwoWire9availableEv
                0x0000d520       0x14 Wire\Wire.cpp.o
                0x0000d520                TwoWire::available()
 .text._ZN7TwoWire4readEv
                0x0000d534       0x2c Wire\Wire.cpp.o
                0x0000d534                TwoWire::read()
 .text._ZN7TwoWire4peekEv
                0x0000d560       0x1c Wire\Wire.cpp.o
                0x0000d560                TwoWire::peek()
 .text._ZN7TwoWire5flushEv
                0x0000d57c        0x4 Wire\Wire.cpp.o
                0x0000d57c                TwoWire::flush()
 .text._ZN7TwoWire5writeEh
                0x0000d580       0x48 Wire\Wire.cpp.o
                0x0000d580                TwoWire::write(unsigned char)
 .text._ZN7TwoWire5writeEPKhj
                0x0000d5c8       0x74 Wire\Wire.cpp.o
                0x0000d5c8                TwoWire::write(unsigned char const*, unsigned int)
 .text._ZN7TwoWireC2EP6SERCOMhh
                0x0000d63c       0x5c Wire\Wire.cpp.o
                0x0000d63c                TwoWire::TwoWire(SERCOM*, unsigned char, unsigned char)
                0x0000d63c                TwoWire::TwoWire(SERCOM*, unsigned char, unsigned char)
 .text._ZN7TwoWire5beginEv
                0x0000d698       0x44 Wire\Wire.cpp.o
                0x0000d698                TwoWire::begin()
 .text._ZN7TwoWire11requestFromEhj
                0x0000d6dc       0xa0 Wire\Wire.cpp.o
                0x0000d6dc                TwoWire::requestFrom(unsigned char, unsigned int)
 .text._ZN7TwoWire17beginTransmissionEh
                0x0000d77c       0x14 Wire\Wire.cpp.o
                0x0000d77c                TwoWire::beginTransmission(unsigned char)
 .text._ZN7TwoWire15endTransmissionEv
                0x0000d790       0x84 Wire\Wire.cpp.o
                0x0000d790                TwoWire::endTransmission()
 .text.SERCOM3_0_Handler
                0x0000d814      0x144 Wire\Wire.cpp.o
                0x0000d814                SERCOM3_0_Handler
 .text.SERCOM3_1_Handler
                0x0000d958      0x144 Wire\Wire.cpp.o
                0x0000d958                SERCOM3_1_Handler
 .text.SERCOM3_2_Handler
                0x0000da9c      0x144 Wire\Wire.cpp.o
                0x0000da9c                SERCOM3_2_Handler
 .text.SERCOM3_3_Handler
                0x0000dbe0      0x144 Wire\Wire.cpp.o
                0x0000dbe0                SERCOM3_3_Handler
 .text.SERCOM6_0_Handler
                0x0000dd24      0x144 Wire\Wire.cpp.o
                0x0000dd24                SERCOM6_0_Handler
 .text.SERCOM6_1_Handler
                0x0000de68      0x144 Wire\Wire.cpp.o
                0x0000de68                SERCOM6_1_Handler
 .text.SERCOM6_2_Handler
                0x0000dfac      0x144 Wire\Wire.cpp.o
                0x0000dfac                SERCOM6_2_Handler
 .text.SERCOM6_3_Handler
                0x0000e0f0      0x144 Wire\Wire.cpp.o
                0x0000e0f0                SERCOM6_3_Handler
 .text.startup._GLOBAL__sub_I__ZN7TwoWireC2EP6SERCOMhh
                0x0000e234       0x30 Wire\Wire.cpp.o
 .text.TC0_Handler
                0x0000e264      0x124 Servo\samd\Servo.cpp.o
                0x0000e264                TC0_Handler
 .text._ZN5ServoC2Ev
                0x0000e388       0x4c Servo\samd\Servo.cpp.o
                0x0000e388                Servo::Servo()
                0x0000e388                Servo::Servo()
 .text._ZN5Servo6attachEi
                0x0000e3d4      0x1b4 Servo\samd\Servo.cpp.o
                0x0000e3d4                Servo::attach(int)
 .text._ZN5Servo5writeEi
                0x0000e588       0x88 Servo\samd\Servo.cpp.o
                0x0000e588                Servo::write(int)
 .text.SERCOM0_0_Handler
                0x0000e610        0xc C:\Users\Colin Fleming\AppData\Local\Temp\VMBCore\arduino16x\4fa0d4deb74a46d069c80fc94ff8b2ca\variant\variant.cpp.o
                0x0000e610                SERCOM0_0_Handler
 .text.SERCOM0_1_Handler
                0x0000e61c        0xc C:\Users\Colin Fleming\AppData\Local\Temp\VMBCore\arduino16x\4fa0d4deb74a46d069c80fc94ff8b2ca\variant\variant.cpp.o
                0x0000e61c                SERCOM0_1_Handler
 .text.SERCOM0_2_Handler
                0x0000e628        0xc C:\Users\Colin Fleming\AppData\Local\Temp\VMBCore\arduino16x\4fa0d4deb74a46d069c80fc94ff8b2ca\variant\variant.cpp.o
                0x0000e628                SERCOM0_2_Handler
 .text.SERCOM0_3_Handler
                0x0000e634        0xc C:\Users\Colin Fleming\AppData\Local\Temp\VMBCore\arduino16x\4fa0d4deb74a46d069c80fc94ff8b2ca\variant\variant.cpp.o
                0x0000e634                SERCOM0_3_Handler
 .text.startup._GLOBAL__sub_I_g_APinDescription
                0x0000e640       0x9c C:\Users\Colin Fleming\AppData\Local\Temp\VMBCore\arduino16x\4fa0d4deb74a46d069c80fc94ff8b2ca\variant\variant.cpp.o
 .text.Dummy_Handler
                0x0000e6dc        0x4 C:\Users\Colin Fleming\AppData\Local\Temp\VMBuilds\plotter\adafruit_adafruit_grandcentral_m4\Release/core.a(cortex_handlers.c.o)
                0x0000e6dc                EIC_5_Handler
                0x0000e6dc                DebugMon_Handler
                0x0000e6dc                EIC_13_Handler
                0x0000e6dc                EVSYS_0_Handler
                0x0000e6dc                TCC1_3_Handler
                0x0000e6dc                DAC_3_Handler
                0x0000e6dc                TRNG_Handler
                0x0000e6dc                HardFault_Handler
                0x0000e6dc                PDEC_2_Handler
                0x0000e6dc                EIC_4_Handler
                0x0000e6dc                AC_Handler
                0x0000e6dc                TCC2_3_Handler
                0x0000e6dc                PendSV_Handler
                0x0000e6dc                NMI_Handler
                0x0000e6dc                TC7_Handler
                0x0000e6dc                ADC1_1_Handler
                0x0000e6dc                EVSYS_3_Handler
                0x0000e6dc                PDEC_0_Handler
                0x0000e6dc                QSPI_Handler
                0x0000e6dc                TCC0_0_Handler
                0x0000e6dc                EIC_3_Handler
                0x0000e6dc                TAL_0_Handler
                0x0000e6dc                DAC_2_Handler
                0x0000e6dc                RTC_Handler
                0x0000e6dc                UsageFault_Handler
                0x0000e6dc                SERCOM4_0_Handler
                0x0000e6dc                EIC_10_Handler
                0x0000e6dc                EIC_11_Handler
                0x0000e6dc                EIC_9_Handler
                0x0000e6dc                OSC32KCTRL_Handler
                0x0000e6dc                TCC2_1_Handler
                0x0000e6dc                SUPC_1_Handler
                0x0000e6dc                TCC0_5_Handler
                0x0000e6dc                TCC0_6_Handler
                0x0000e6dc                EVSYS_1_Handler
                0x0000e6dc                TCC1_4_Handler
                0x0000e6dc                TC6_Handler
                0x0000e6dc                WDT_Handler
                0x0000e6dc                EIC_8_Handler
                0x0000e6dc                EIC_15_Handler
                0x0000e6dc                SERCOM5_0_Handler
                0x0000e6dc                TC4_Handler
                0x0000e6dc                TC1_Handler
                0x0000e6dc                OSCCTRL_4_Handler
                0x0000e6dc                SERCOM4_3_Handler
                0x0000e6dc                EIC_12_Handler
                0x0000e6dc                TCC4_2_Handler
                0x0000e6dc                PAC_Handler
                0x0000e6dc                TCC1_0_Handler
                0x0000e6dc                OSCCTRL_0_Handler
                0x0000e6dc                EIC_0_Handler
                0x0000e6dc                OSCCTRL_3_Handler
                0x0000e6dc                SERCOM4_1_Handler
                0x0000e6dc                TC3_Handler
                0x0000e6dc                Dummy_Handler
                0x0000e6dc                TCC3_0_Handler
                0x0000e6dc                TCC2_2_Handler
                0x0000e6dc                SERCOM5_1_Handler
                0x0000e6dc                TCC1_1_Handler
                0x0000e6dc                ADC0_0_Handler
                0x0000e6dc                OSCCTRL_2_Handler
                0x0000e6dc                ADC1_0_Handler
                0x0000e6dc                TCC1_2_Handler
                0x0000e6dc                SERCOM7_1_Handler
                0x0000e6dc                PM_Handler
                0x0000e6dc                SERCOM2_3_Handler
                0x0000e6dc                DAC_4_Handler
                0x0000e6dc                TCC3_2_Handler
                0x0000e6dc                SERCOM7_0_Handler
                0x0000e6dc                TCC0_2_Handler
                0x0000e6dc                TCC4_0_Handler
                0x0000e6dc                SERCOM7_3_Handler
                0x0000e6dc                SDHC1_Handler
                0x0000e6dc                SERCOM7_2_Handler
                0x0000e6dc                TCC2_0_Handler
                0x0000e6dc                PDEC_1_Handler
                0x0000e6dc                MemManage_Handler
                0x0000e6dc                TCC4_1_Handler
                0x0000e6dc                SERCOM5_3_Handler
                0x0000e6dc                SVC_Handler
                0x0000e6dc                SDHC0_Handler
                0x0000e6dc                SERCOM1_1_Handler
                0x0000e6dc                I2S_Handler
                0x0000e6dc                EIC_2_Handler
                0x0000e6dc                PCC_Handler
                0x0000e6dc                DAC_0_Handler
                0x0000e6dc                TCC0_1_Handler
                0x0000e6dc                SERCOM1_3_Handler
                0x0000e6dc                EIC_6_Handler
                0x0000e6dc                OSCCTRL_1_Handler
                0x0000e6dc                SERCOM1_0_Handler
                0x0000e6dc                PUKCC_Handler
                0x0000e6dc                SERCOM2_1_Handler
                0x0000e6dc                SERCOM1_2_Handler
                0x0000e6dc                EIC_1_Handler
                0x0000e6dc                SERCOM4_2_Handler
                0x0000e6dc                EVSYS_4_Handler
                0x0000e6dc                EIC_7_Handler
                0x0000e6dc                NVMCTRL_1_Handler
                0x0000e6dc                SERCOM5_2_Handler
                0x0000e6dc                ADC0_1_Handler
                0x0000e6dc                SERCOM2_2_Handler
                0x0000e6dc                TCC3_1_Handler
                0x0000e6dc                EIC_14_Handler
                0x0000e6dc                DAC_1_Handler
                0x0000e6dc                NVMCTRL_0_Handler
                0x0000e6dc                TAL_1_Handler
                0x0000e6dc                MCLK_Handler
                0x0000e6dc                EVSYS_2_Handler
                0x0000e6dc                SUPC_0_Handler
                0x0000e6dc                BusFault_Handler
                0x0000e6dc                FREQM_Handler
                0x0000e6dc                TCC0_3_Handler
                0x0000e6dc                TCC0_4_Handler
                0x0000e6dc                RAMECC_Handler
                0x0000e6dc                TC5_Handler
                0x0000e6dc                SERCOM2_0_Handler
                0x0000e6dc                AES_Handler
                0x0000e6dc                ICM_Handler
 .text.USB_0_Handler
                0x0000e6e0       0x10 C:\Users\Colin Fleming\AppData\Local\Temp\VMBuilds\plotter\adafruit_adafruit_grandcentral_m4\Release/core.a(cortex_handlers.c.o)
                0x0000e6e0                USB_0_Handler
 .text.Reset_Handler
                0x0000e6f0       0x7c C:\Users\Colin Fleming\AppData\Local\Temp\VMBuilds\plotter\adafruit_adafruit_grandcentral_m4\Release/core.a(cortex_handlers.c.o)
                0x0000e6f0                Reset_Handler
 .text.SysTick_Handler
                0x0000e76c       0x14 C:\Users\Colin Fleming\AppData\Local\Temp\VMBuilds\plotter\adafruit_adafruit_grandcentral_m4\Release/core.a(cortex_handlers.c.o)
                0x0000e76c                SysTick_Handler
 .text.USB_3_Handler
                0x0000e780       0x10 C:\Users\Colin Fleming\AppData\Local\Temp\VMBuilds\plotter\adafruit_adafruit_grandcentral_m4\Release/core.a(cortex_handlers.c.o)
                0x0000e780                USB_3_Handler
 .text.USB_1_Handler
                0x0000e790       0x10 C:\Users\Colin Fleming\AppData\Local\Temp\VMBuilds\plotter\adafruit_adafruit_grandcentral_m4\Release/core.a(cortex_handlers.c.o)
                0x0000e790                USB_1_Handler
 .text.USB_2_Handler
                0x0000e7a0       0x10 C:\Users\Colin Fleming\AppData\Local\Temp\VMBuilds\plotter\adafruit_adafruit_grandcentral_m4\Release/core.a(cortex_handlers.c.o)
                0x0000e7a0                USB_2_Handler
 .text.USB_SetHandler
                0x0000e7b0        0xc C:\Users\Colin Fleming\AppData\Local\Temp\VMBuilds\plotter\adafruit_adafruit_grandcentral_m4\Release/core.a(cortex_handlers.c.o)
                0x0000e7b0                USB_SetHandler
 .text.millis   0x0000e7bc        0xc C:\Users\Colin Fleming\AppData\Local\Temp\VMBuilds\plotter\adafruit_adafruit_grandcentral_m4\Release/core.a(delay.c.o)
                0x0000e7bc                millis
 .text.micros   0x0000e7c8       0x60 C:\Users\Colin Fleming\AppData\Local\Temp\VMBuilds\plotter\adafruit_adafruit_grandcentral_m4\Release/core.a(delay.c.o)
                0x0000e7c8                micros
 .text.delayMicroseconds
                0x0000e828       0x1c C:\Users\Colin Fleming\AppData\Local\Temp\VMBuilds\plotter\adafruit_adafruit_grandcentral_m4\Release/core.a(delay.c.o)
                0x0000e828                delayMicroseconds
 .text.delay    0x0000e844       0xcc C:\Users\Colin Fleming\AppData\Local\Temp\VMBuilds\plotter\adafruit_adafruit_grandcentral_m4\Release/core.a(delay.c.o)
                0x0000e844                delay
 .text.SysTick_DefaultHandler
                0x0000e910       0x10 C:\Users\Colin Fleming\AppData\Local\Temp\VMBuilds\plotter\adafruit_adafruit_grandcentral_m4\Release/core.a(delay.c.o)
                0x0000e910                SysTick_DefaultHandler
 .text.__empty  0x0000e920        0x4 C:\Users\Colin Fleming\AppData\Local\Temp\VMBuilds\plotter\adafruit_adafruit_grandcentral_m4\Release/core.a(hooks.c.o)
                0x0000e920                yield
 .text.__false  0x0000e924        0x4 C:\Users\Colin Fleming\AppData\Local\Temp\VMBuilds\plotter\adafruit_adafruit_grandcentral_m4\Release/core.a(hooks.c.o)
                0x0000e924                sysTickHook
 .text.SystemInit
                0x0000e928      0x208 C:\Users\Colin Fleming\AppData\Local\Temp\VMBuilds\plotter\adafruit_adafruit_grandcentral_m4\Release/core.a(startup.c.o)
                0x0000e928                SystemInit
 .text.init     0x0000eb30      0x120 C:\Users\Colin Fleming\AppData\Local\Temp\VMBuilds\plotter\adafruit_adafruit_grandcentral_m4\Release/core.a(wiring.c.o)
                0x0000eb30                init
 .text.analogReference
                0x0000ec50       0xf4 C:\Users\Colin Fleming\AppData\Local\Temp\VMBuilds\plotter\adafruit_adafruit_grandcentral_m4\Release/core.a(wiring_analog.c.o)
                0x0000ec50                analogReference
 .text.pinMode  0x0000ed44       0x98 C:\Users\Colin Fleming\AppData\Local\Temp\VMBuilds\plotter\adafruit_adafruit_grandcentral_m4\Release/core.a(wiring_digital.c.o)
                0x0000ed44                pinMode
 .text.digitalWrite
                0x0000eddc       0x5c C:\Users\Colin Fleming\AppData\Local\Temp\VMBuilds\plotter\adafruit_adafruit_grandcentral_m4\Release/core.a(wiring_digital.c.o)
                0x0000eddc                digitalWrite
 .text.pinPeripheral
                0x0000ee38       0xdc C:\Users\Colin Fleming\AppData\Local\Temp\VMBuilds\plotter\adafruit_adafruit_grandcentral_m4\Release/core.a(wiring_private.c.o)
                0x0000ee38                pinPeripheral
 .text.__cxa_pure_virtual
                0x0000ef14        0x4 C:\Users\Colin Fleming\AppData\Local\Temp\VMBuilds\plotter\adafruit_adafruit_grandcentral_m4\Release/core.a(abi.cpp.o)
                0x0000ef14                __cxa_pure_virtual
 .text._Z11initVariantv
                0x0000ef18        0x4 C:\Users\Colin Fleming\AppData\Local\Temp\VMBuilds\plotter\adafruit_adafruit_grandcentral_m4\Release/core.a(main.cpp.o)
                0x0000ef18                initVariant()
 .text.startup.main
                0x0000ef1c       0x48 C:\Users\Colin Fleming\AppData\Local\Temp\VMBuilds\plotter\adafruit_adafruit_grandcentral_m4\Release/core.a(main.cpp.o)
                0x0000ef1c                main
 .text._Znwj    0x0000ef64        0x4 C:\Users\Colin Fleming\AppData\Local\Temp\VMBuilds\plotter\adafruit_adafruit_grandcentral_m4\Release/core.a(new.cpp.o)
                0x0000ef64                operator new(unsigned int)
 .text._Znaj    0x0000ef68        0x4 C:\Users\Colin Fleming\AppData\Local\Temp\VMBuilds\plotter\adafruit_adafruit_grandcentral_m4\Release/core.a(new.cpp.o)
                0x0000ef68                operator new[](unsigned int)
 .text._ZdlPv   0x0000ef6c        0x4 C:\Users\Colin Fleming\AppData\Local\Temp\VMBuilds\plotter\adafruit_adafruit_grandcentral_m4\Release/core.a(new.cpp.o)
                0x0000ef6c                operator delete(void*)
 .text._ZdaPv   0x0000ef70        0x4 C:\Users\Colin Fleming\AppData\Local\Temp\VMBuilds\plotter\adafruit_adafruit_grandcentral_m4\Release/core.a(new.cpp.o)
                0x0000ef70                operator delete[](void*)
 .text._ZN5Print5writeEPKhj
                0x0000ef74       0x2c C:\Users\Colin Fleming\AppData\Local\Temp\VMBuilds\plotter\adafruit_adafruit_grandcentral_m4\Release/core.a(Print.cpp.o)
                0x0000ef74                Print::write(unsigned char const*, unsigned int)
 .text._ZN5Print5printEPK19__FlashStringHelper
                0x0000efa0       0x24 C:\Users\Colin Fleming\AppData\Local\Temp\VMBuilds\plotter\adafruit_adafruit_grandcentral_m4\Release/core.a(Print.cpp.o)
                0x0000efa0                Print::print(__FlashStringHelper const*)
 .text._ZN5Print5printEPKc
                0x0000efc4       0x24 C:\Users\Colin Fleming\AppData\Local\Temp\VMBuilds\plotter\adafruit_adafruit_grandcentral_m4\Release/core.a(Print.cpp.o)
                0x0000efc4                Print::print(char const*)
 .text._ZN5Print5printEc
                0x0000efe8        0x8 C:\Users\Colin Fleming\AppData\Local\Temp\VMBuilds\plotter\adafruit_adafruit_grandcentral_m4\Release/core.a(Print.cpp.o)
                0x0000efe8                Print::print(char)
 .text._ZN5Print5printEii
                0x0000eff0       0xdc C:\Users\Colin Fleming\AppData\Local\Temp\VMBuilds\plotter\adafruit_adafruit_grandcentral_m4\Release/core.a(Print.cpp.o)
                0x0000eff0                Print::print(int, int)
 .text._ZN5Print5printEmi
                0x0000f0cc       0x5c C:\Users\Colin Fleming\AppData\Local\Temp\VMBuilds\plotter\adafruit_adafruit_grandcentral_m4\Release/core.a(Print.cpp.o)
                0x0000f0cc                Print::print(unsigned long, int)
 .text._ZN5Print7printlnEPK19__FlashStringHelper
                0x0000f128       0x30 C:\Users\Colin Fleming\AppData\Local\Temp\VMBuilds\plotter\adafruit_adafruit_grandcentral_m4\Release/core.a(Print.cpp.o)
                0x0000f128                Print::println(__FlashStringHelper const*)
 .text._ZN5Print7printlnEv
                0x0000f158       0x10 C:\Users\Colin Fleming\AppData\Local\Temp\VMBuilds\plotter\adafruit_adafruit_grandcentral_m4\Release/core.a(Print.cpp.o)
                0x0000f158                Print::println()
 .text._ZN5Print7printlnEPKc
                0x0000f168       0x30 C:\Users\Colin Fleming\AppData\Local\Temp\VMBuilds\plotter\adafruit_adafruit_grandcentral_m4\Release/core.a(Print.cpp.o)
                0x0000f168                Print::println(char const*)
 .text._ZN5Print7printlnEc
                0x0000f198       0x20 C:\Users\Colin Fleming\AppData\Local\Temp\VMBuilds\plotter\adafruit_adafruit_grandcentral_m4\Release/core.a(Print.cpp.o)
                0x0000f198                Print::println(char)
 .text._ZN5Print7printlnEhi
                0x0000f1b8       0x74 C:\Users\Colin Fleming\AppData\Local\Temp\VMBuilds\plotter\adafruit_adafruit_grandcentral_m4\Release/core.a(Print.cpp.o)
                0x0000f1b8                Print::println(unsigned char, int)
 .text._ZN5Print7printlnEii
                0x0000f22c       0xf0 C:\Users\Colin Fleming\AppData\Local\Temp\VMBuilds\plotter\adafruit_adafruit_grandcentral_m4\Release/core.a(Print.cpp.o)
                0x0000f22c                Print::println(int, int)
 .text._ZN5Print7printlnEli
                0x0000f31c       0xf0 C:\Users\Colin Fleming\AppData\Local\Temp\VMBuilds\plotter\adafruit_adafruit_grandcentral_m4\Release/core.a(Print.cpp.o)
                0x0000f31c                Print::println(long, int)
 .text._ZN5Print7printlnEmi
                0x0000f40c       0x70 C:\Users\Colin Fleming\AppData\Local\Temp\VMBuilds\plotter\adafruit_adafruit_grandcentral_m4\Release/core.a(Print.cpp.o)
                0x0000f40c                Print::println(unsigned long, int)
 .text._ZN5Print10printFloatEdh
                0x0000f47c      0x234 C:\Users\Colin Fleming\AppData\Local\Temp\VMBuilds\plotter\adafruit_adafruit_grandcentral_m4\Release/core.a(Print.cpp.o)
                0x0000f47c                Print::printFloat(double, unsigned char)
 .text._ZN5Print5printEdi
                0x0000f6b0        0x8 C:\Users\Colin Fleming\AppData\Local\Temp\VMBuilds\plotter\adafruit_adafruit_grandcentral_m4\Release/core.a(Print.cpp.o)
                0x0000f6b0                Print::print(double, int)
 .text._ZN5Print7printlnEdi
                0x0000f6b8       0x20 C:\Users\Colin Fleming\AppData\Local\Temp\VMBuilds\plotter\adafruit_adafruit_grandcentral_m4\Release/core.a(Print.cpp.o)
                0x0000f6b8                Print::println(double, int)
 .text.initiateReset
                0x0000f6d8        0xc C:\Users\Colin Fleming\AppData\Local\Temp\VMBuilds\plotter\adafruit_adafruit_grandcentral_m4\Release/core.a(Reset.cpp.o)
                0x0000f6d8                initiateReset
 .text.cancelReset
                0x0000f6e4       0x10 C:\Users\Colin Fleming\AppData\Local\Temp\VMBuilds\plotter\adafruit_adafruit_grandcentral_m4\Release/core.a(Reset.cpp.o)
                0x0000f6e4                cancelReset
 .text.tickReset
                0x0000f6f4       0x48 C:\Users\Colin Fleming\AppData\Local\Temp\VMBuilds\plotter\adafruit_adafruit_grandcentral_m4\Release/core.a(Reset.cpp.o)
                0x0000f6f4                tickReset
 .text._ZN6SERCOMC2EP6Sercom
                0x0000f73c        0x8 C:\Users\Colin Fleming\AppData\Local\Temp\VMBuilds\plotter\adafruit_adafruit_grandcentral_m4\Release/core.a(SERCOM.cpp.o)
                0x0000f73c                SERCOM::SERCOM(Sercom*)
                0x0000f73c                SERCOM::SERCOM(Sercom*)
 .text._ZN6SERCOM9initFrameE18SercomUartCharSize15SercomDataOrder16SercomParityMode19SercomNumberStopBit
                0x0000f744       0x3c C:\Users\Colin Fleming\AppData\Local\Temp\VMBuilds\plotter\adafruit_adafruit_grandcentral_m4\Release/core.a(SERCOM.cpp.o)
                0x0000f744                SERCOM::initFrame(SercomUartCharSize, SercomDataOrder, SercomParityMode, SercomNumberStopBit)
 .text._ZN6SERCOM8initPadsE15SercomUartTXPad11SercomRXPad
                0x0000f780       0x28 C:\Users\Colin Fleming\AppData\Local\Temp\VMBuilds\plotter\adafruit_adafruit_grandcentral_m4\Release/core.a(SERCOM.cpp.o)
                0x0000f780                SERCOM::initPads(SercomUartTXPad, SercomRXPad)
 .text._ZN6SERCOM9resetUARTEv
                0x0000f7a8       0x1c C:\Users\Colin Fleming\AppData\Local\Temp\VMBuilds\plotter\adafruit_adafruit_grandcentral_m4\Release/core.a(SERCOM.cpp.o)
                0x0000f7a8                SERCOM::resetUART()
 .text._ZN6SERCOM10enableUARTEv
                0x0000f7c4       0x14 C:\Users\Colin Fleming\AppData\Local\Temp\VMBuilds\plotter\adafruit_adafruit_grandcentral_m4\Release/core.a(SERCOM.cpp.o)
                0x0000f7c4                SERCOM::enableUART()
 .text._ZN6SERCOM9flushUARTEv
                0x0000f7d8       0x10 C:\Users\Colin Fleming\AppData\Local\Temp\VMBuilds\plotter\adafruit_adafruit_grandcentral_m4\Release/core.a(SERCOM.cpp.o)
                0x0000f7d8                SERCOM::flushUART()
 .text._ZN6SERCOM15clearStatusUARTEv
                0x0000f7e8        0x8 C:\Users\Colin Fleming\AppData\Local\Temp\VMBuilds\plotter\adafruit_adafruit_grandcentral_m4\Release/core.a(SERCOM.cpp.o)
                0x0000f7e8                SERCOM::clearStatusUART()
 .text._ZN6SERCOM17availableDataUARTEv
                0x0000f7f0        0xc C:\Users\Colin Fleming\AppData\Local\Temp\VMBuilds\plotter\adafruit_adafruit_grandcentral_m4\Release/core.a(SERCOM.cpp.o)
                0x0000f7f0                SERCOM::availableDataUART()
 .text._ZN6SERCOM11isUARTErrorEv
                0x0000f7fc        0x8 C:\Users\Colin Fleming\AppData\Local\Temp\VMBuilds\plotter\adafruit_adafruit_grandcentral_m4\Release/core.a(SERCOM.cpp.o)
                0x0000f7fc                SERCOM::isUARTError()
 .text._ZN6SERCOM20acknowledgeUARTErrorEv
                0x0000f804        0xc C:\Users\Colin Fleming\AppData\Local\Temp\VMBuilds\plotter\adafruit_adafruit_grandcentral_m4\Release/core.a(SERCOM.cpp.o)
                0x0000f804                SERCOM::acknowledgeUARTError()
 .text._ZN6SERCOM16isFrameErrorUARTEv
                0x0000f810        0xc C:\Users\Colin Fleming\AppData\Local\Temp\VMBuilds\plotter\adafruit_adafruit_grandcentral_m4\Release/core.a(SERCOM.cpp.o)
                0x0000f810                SERCOM::isFrameErrorUART()
 .text._ZN6SERCOM19clearFrameErrorUARTEv
                0x0000f81c        0xc C:\Users\Colin Fleming\AppData\Local\Temp\VMBuilds\plotter\adafruit_adafruit_grandcentral_m4\Release/core.a(SERCOM.cpp.o)
                0x0000f81c                SERCOM::clearFrameErrorUART()
 .text._ZN6SERCOM23isDataRegisterEmptyUARTEv
                0x0000f828        0xc C:\Users\Colin Fleming\AppData\Local\Temp\VMBuilds\plotter\adafruit_adafruit_grandcentral_m4\Release/core.a(SERCOM.cpp.o)
                0x0000f828                SERCOM::isDataRegisterEmptyUART()
 .text._ZN6SERCOM12readDataUARTEv
                0x0000f834        0x8 C:\Users\Colin Fleming\AppData\Local\Temp\VMBuilds\plotter\adafruit_adafruit_grandcentral_m4\Release/core.a(SERCOM.cpp.o)
                0x0000f834                SERCOM::readDataUART()
 .text._ZN6SERCOM13writeDataUARTEh
                0x0000f83c       0x10 C:\Users\Colin Fleming\AppData\Local\Temp\VMBuilds\plotter\adafruit_adafruit_grandcentral_m4\Release/core.a(SERCOM.cpp.o)
                0x0000f83c                SERCOM::writeDataUART(unsigned char)
 .text._ZN6SERCOM36enableDataRegisterEmptyInterruptUARTEv
                0x0000f84c        0x8 C:\Users\Colin Fleming\AppData\Local\Temp\VMBuilds\plotter\adafruit_adafruit_grandcentral_m4\Release/core.a(SERCOM.cpp.o)
                0x0000f84c                SERCOM::enableDataRegisterEmptyInterruptUART()
 .text._ZN6SERCOM37disableDataRegisterEmptyInterruptUARTEv
                0x0000f854        0x8 C:\Users\Colin Fleming\AppData\Local\Temp\VMBuilds\plotter\adafruit_adafruit_grandcentral_m4\Release/core.a(SERCOM.cpp.o)
                0x0000f854                SERCOM::disableDataRegisterEmptyInterruptUART()
 .text._ZN6SERCOM12initSPIClockE18SercomSpiClockModem
                0x0000f85c       0x30 C:\Users\Colin Fleming\AppData\Local\Temp\VMBuilds\plotter\adafruit_adafruit_grandcentral_m4\Release/core.a(SERCOM.cpp.o)
                0x0000f85c                SERCOM::initSPIClock(SercomSpiClockMode, unsigned long)
 .text._ZN6SERCOM9enableSPIEv
                0x0000f88c       0x14 C:\Users\Colin Fleming\AppData\Local\Temp\VMBuilds\plotter\adafruit_adafruit_grandcentral_m4\Release/core.a(SERCOM.cpp.o)
                0x0000f88c                SERCOM::enableSPI()
 .text._ZN6SERCOM10disableSPIEv
                0x0000f8a0       0x18 C:\Users\Colin Fleming\AppData\Local\Temp\VMBuilds\plotter\adafruit_adafruit_grandcentral_m4\Release/core.a(SERCOM.cpp.o)
                0x0000f8a0                SERCOM::disableSPI()
 .text._ZN6SERCOM15setDataOrderSPIE15SercomDataOrder
                0x0000f8b8       0x38 C:\Users\Colin Fleming\AppData\Local\Temp\VMBuilds\plotter\adafruit_adafruit_grandcentral_m4\Release/core.a(SERCOM.cpp.o)
                0x0000f8b8                SERCOM::setDataOrderSPI(SercomDataOrder)
 .text._ZN6SERCOM14setBaudrateSPIEh
                0x0000f8f0       0x48 C:\Users\Colin Fleming\AppData\Local\Temp\VMBuilds\plotter\adafruit_adafruit_grandcentral_m4\Release/core.a(SERCOM.cpp.o)
                0x0000f8f0                SERCOM::setBaudrateSPI(unsigned char)
 .text._ZN6SERCOM15setClockModeSPIE18SercomSpiClockMode
                0x0000f938       0x48 C:\Users\Colin Fleming\AppData\Local\Temp\VMBuilds\plotter\adafruit_adafruit_grandcentral_m4\Release/core.a(SERCOM.cpp.o)
                0x0000f938                SERCOM::setClockModeSPI(SercomSpiClockMode)
 .text._ZN6SERCOM15transferDataSPIEh
                0x0000f980       0x14 C:\Users\Colin Fleming\AppData\Local\Temp\VMBuilds\plotter\adafruit_adafruit_grandcentral_m4\Release/core.a(SERCOM.cpp.o)
                0x0000f980                SERCOM::transferDataSPI(unsigned char)
 .text._ZN6SERCOM10enableWIREEv
                0x0000f994       0x28 C:\Users\Colin Fleming\AppData\Local\Temp\VMBuilds\plotter\adafruit_adafruit_grandcentral_m4\Release/core.a(SERCOM.cpp.o)
                0x0000f994                SERCOM::enableWIRE()
 .text._ZN6SERCOM18prepareNackBitWIREEv
                0x0000f9bc       0x10 C:\Users\Colin Fleming\AppData\Local\Temp\VMBuilds\plotter\adafruit_adafruit_grandcentral_m4\Release/core.a(SERCOM.cpp.o)
                0x0000f9bc                SERCOM::prepareNackBitWIRE()
 .text._ZN6SERCOM17prepareAckBitWIREEv
                0x0000f9cc       0x10 C:\Users\Colin Fleming\AppData\Local\Temp\VMBuilds\plotter\adafruit_adafruit_grandcentral_m4\Release/core.a(SERCOM.cpp.o)
                0x0000f9cc                SERCOM::prepareAckBitWIRE()
 .text._ZN6SERCOM22prepareCommandBitsWireEh
                0x0000f9dc       0x24 C:\Users\Colin Fleming\AppData\Local\Temp\VMBuilds\plotter\adafruit_adafruit_grandcentral_m4\Release/core.a(SERCOM.cpp.o)
                0x0000f9dc                SERCOM::prepareCommandBitsWire(unsigned char)
 .text._ZN6SERCOM21startTransmissionWIREEh23SercomWireReadWriteFlag
                0x0000fa00       0x64 C:\Users\Colin Fleming\AppData\Local\Temp\VMBuilds\plotter\adafruit_adafruit_grandcentral_m4\Release/core.a(SERCOM.cpp.o)
                0x0000fa00                SERCOM::startTransmissionWIRE(unsigned char, SercomWireReadWriteFlag)
 .text._ZN6SERCOM18sendDataMasterWIREEh
                0x0000fa64       0x24 C:\Users\Colin Fleming\AppData\Local\Temp\VMBuilds\plotter\adafruit_adafruit_grandcentral_m4\Release/core.a(SERCOM.cpp.o)
                0x0000fa64                SERCOM::sendDataMasterWIRE(unsigned char)
 .text._ZN6SERCOM17sendDataSlaveWIREEh
                0x0000fa88       0x1c C:\Users\Colin Fleming\AppData\Local\Temp\VMBuilds\plotter\adafruit_adafruit_grandcentral_m4\Release/core.a(SERCOM.cpp.o)
                0x0000fa88                SERCOM::sendDataSlaveWIRE(unsigned char)
 .text._ZN6SERCOM11isSlaveWIREEv
                0x0000faa4       0x14 C:\Users\Colin Fleming\AppData\Local\Temp\VMBuilds\plotter\adafruit_adafruit_grandcentral_m4\Release/core.a(SERCOM.cpp.o)
                0x0000faa4                SERCOM::isSlaveWIRE()
 .text._ZN6SERCOM15isDataReadyWIREEv
                0x0000fab8        0xc C:\Users\Colin Fleming\AppData\Local\Temp\VMBuilds\plotter\adafruit_adafruit_grandcentral_m4\Release/core.a(SERCOM.cpp.o)
                0x0000fab8                SERCOM::isDataReadyWIRE()
 .text._ZN6SERCOM18isStopDetectedWIREEv
                0x0000fac4        0xc C:\Users\Colin Fleming\AppData\Local\Temp\VMBuilds\plotter\adafruit_adafruit_grandcentral_m4\Release/core.a(SERCOM.cpp.o)
                0x0000fac4                SERCOM::isStopDetectedWIRE()
 .text._ZN6SERCOM21isRestartDetectedWIREEv
                0x0000fad0        0xc C:\Users\Colin Fleming\AppData\Local\Temp\VMBuilds\plotter\adafruit_adafruit_grandcentral_m4\Release/core.a(SERCOM.cpp.o)
                0x0000fad0                SERCOM::isRestartDetectedWIRE()
 .text._ZN6SERCOM14isAddressMatchEv
                0x0000fadc        0xc C:\Users\Colin Fleming\AppData\Local\Temp\VMBuilds\plotter\adafruit_adafruit_grandcentral_m4\Release/core.a(SERCOM.cpp.o)
                0x0000fadc                SERCOM::isAddressMatch()
 .text._ZN6SERCOM25isMasterReadOperationWIREEv
                0x0000fae8        0xc C:\Users\Colin Fleming\AppData\Local\Temp\VMBuilds\plotter\adafruit_adafruit_grandcentral_m4\Release/core.a(SERCOM.cpp.o)
                0x0000fae8                SERCOM::isMasterReadOperationWIRE()
 .text._ZN6SERCOM12readDataWIREEv
                0x0000faf4       0x20 C:\Users\Colin Fleming\AppData\Local\Temp\VMBuilds\plotter\adafruit_adafruit_grandcentral_m4\Release/core.a(SERCOM.cpp.o)
                0x0000faf4                SERCOM::readDataWIRE()
 .text._ZN6SERCOM13initClockNVICEv
                0x0000fb14      0x2a0 C:\Users\Colin Fleming\AppData\Local\Temp\VMBuilds\plotter\adafruit_adafruit_grandcentral_m4\Release/core.a(SERCOM.cpp.o)
                0x0000fb14                SERCOM::initClockNVIC()
 .text._ZN6SERCOM8initUARTE14SercomUartMode20SercomUartSampleRatem
                0x0000fdb4       0x70 C:\Users\Colin Fleming\AppData\Local\Temp\VMBuilds\plotter\adafruit_adafruit_grandcentral_m4\Release/core.a(SERCOM.cpp.o)
                0x0000fdb4                SERCOM::initUART(SercomUartMode, SercomUartSampleRate, unsigned long)
 .text._ZN6SERCOM7initSPIE14SercomSpiTXPad11SercomRXPad17SercomSpiCharSize15SercomDataOrder
                0x0000fe24       0x64 C:\Users\Colin Fleming\AppData\Local\Temp\VMBuilds\plotter\adafruit_adafruit_grandcentral_m4\Release/core.a(SERCOM.cpp.o)
                0x0000fe24                SERCOM::initSPI(SercomSpiTXPad, SercomRXPad, SercomSpiCharSize, SercomDataOrder)
 .text._ZN6SERCOM14initMasterWIREEm
                0x0000fe88       0x44 C:\Users\Colin Fleming\AppData\Local\Temp\VMBuilds\plotter\adafruit_adafruit_grandcentral_m4\Release/core.a(SERCOM.cpp.o)
                0x0000fe88                SERCOM::initMasterWIRE(unsigned long)
 .text._ZN4UartcvbEv
                0x0000fecc        0x4 C:\Users\Colin Fleming\AppData\Local\Temp\VMBuilds\plotter\adafruit_adafruit_grandcentral_m4\Release/core.a(Uart.cpp.o)
                0x0000fecc                Uart::operator bool()
 .text._ZN4Uart9availableEv
                0x0000fed0       0x14 C:\Users\Colin Fleming\AppData\Local\Temp\VMBuilds\plotter\adafruit_adafruit_grandcentral_m4\Release/core.a(Uart.cpp.o)
                0x0000fed0                Uart::available()
 .text._ZN4Uart4peekEv
                0x0000fee4       0x1c C:\Users\Colin Fleming\AppData\Local\Temp\VMBuilds\plotter\adafruit_adafruit_grandcentral_m4\Release/core.a(Uart.cpp.o)
                0x0000fee4                Uart::peek()
 .text._ZN4Uart5beginEmt
                0x0000ff00      0x114 C:\Users\Colin Fleming\AppData\Local\Temp\VMBuilds\plotter\adafruit_adafruit_grandcentral_m4\Release/core.a(Uart.cpp.o)
                0x0000ff00                Uart::begin(unsigned long, unsigned short)
 .text._ZN4Uart3endEv
                0x00010014       0x20 C:\Users\Colin Fleming\AppData\Local\Temp\VMBuilds\plotter\adafruit_adafruit_grandcentral_m4\Release/core.a(Uart.cpp.o)
                0x00010014                Uart::end()
 .text._ZN4Uart5flushEv
                0x00010034       0x20 C:\Users\Colin Fleming\AppData\Local\Temp\VMBuilds\plotter\adafruit_adafruit_grandcentral_m4\Release/core.a(Uart.cpp.o)
                0x00010034                Uart::flush()
 .text._ZN4Uart17availableForWriteEv
                0x00010054       0x2c C:\Users\Colin Fleming\AppData\Local\Temp\VMBuilds\plotter\adafruit_adafruit_grandcentral_m4\Release/core.a(Uart.cpp.o)
                0x00010054                Uart::availableForWrite()
 .text._ZN4Uart4readEv
                0x00010080       0x68 C:\Users\Colin Fleming\AppData\Local\Temp\VMBuilds\plotter\adafruit_adafruit_grandcentral_m4\Release/core.a(Uart.cpp.o)
                0x00010080                Uart::read()
 .text._ZN4Uart5beginEm
                0x000100e8       0xe4 C:\Users\Colin Fleming\AppData\Local\Temp\VMBuilds\plotter\adafruit_adafruit_grandcentral_m4\Release/core.a(Uart.cpp.o)
                0x000100e8                Uart::begin(unsigned long)
 .text._ZN4UartC2EP6SERCOMhh11SercomRXPad15SercomUartTXPad
                0x000101cc       0x74 C:\Users\Colin Fleming\AppData\Local\Temp\VMBuilds\plotter\adafruit_adafruit_grandcentral_m4\Release/core.a(Uart.cpp.o)
                0x000101cc                Uart::Uart(SERCOM*, unsigned char, unsigned char, SercomRXPad, SercomUartTXPad)
                0x000101cc                Uart::Uart(SERCOM*, unsigned char, unsigned char, SercomRXPad, SercomUartTXPad)
 .text._ZN4Uart10IrqHandlerEv
                0x00010240       0xf0 C:\Users\Colin Fleming\AppData\Local\Temp\VMBuilds\plotter\adafruit_adafruit_grandcentral_m4\Release/core.a(Uart.cpp.o)
                0x00010240                Uart::IrqHandler()
 .text._ZN4Uart5writeEh
                0x00010330       0xb4 C:\Users\Colin Fleming\AppData\Local\Temp\VMBuilds\plotter\adafruit_adafruit_grandcentral_m4\Release/core.a(Uart.cpp.o)
                0x00010330                Uart::write(unsigned char)
 .text._Z3maplllll
                0x000103e4       0x1c C:\Users\Colin Fleming\AppData\Local\Temp\VMBuilds\plotter\adafruit_adafruit_grandcentral_m4\Release/core.a(WMath.cpp.o)
                0x000103e4                map(long, long, long, long, long)
 .text._ZN6StringC2EPKc
                0x00010400       0x4c C:\Users\Colin Fleming\AppData\Local\Temp\VMBuilds\plotter\adafruit_adafruit_grandcentral_m4\Release/core.a(WString.cpp.o)
                0x00010400                String::String(char const*)
                0x00010400                String::String(char const*)
 .text._ZN6StringD2Ev
                0x0001044c       0x10 C:\Users\Colin Fleming\AppData\Local\Temp\VMBuilds\plotter\adafruit_adafruit_grandcentral_m4\Release/core.a(WString.cpp.o)
                0x0001044c                String::~String()
                0x0001044c                String::~String()
 .text._ZN6StringaSEOS_
                0x0001045c       0x44 C:\Users\Colin Fleming\AppData\Local\Temp\VMBuilds\plotter\adafruit_adafruit_grandcentral_m4\Release/core.a(WString.cpp.o)
                0x0001045c                String::operator=(String&&)
 .text._ZN6String6concatEc
                0x000104a0       0x44 C:\Users\Colin Fleming\AppData\Local\Temp\VMBuilds\plotter\adafruit_adafruit_grandcentral_m4\Release/core.a(WString.cpp.o)
                0x000104a0                String::concat(char)
 .text._ZN7Serial_17availableForWriteEv
                0x000104e4        0x4 C:\Users\Colin Fleming\AppData\Local\Temp\VMBuilds\plotter\adafruit_adafruit_grandcentral_m4\Release/core.a(CDC.cpp.o)
                0x000104e4                Serial_::availableForWrite()
 .text._ZN7Serial_9availableEv
                0x000104e8        0x8 C:\Users\Colin Fleming\AppData\Local\Temp\VMBuilds\plotter\adafruit_adafruit_grandcentral_m4\Release/core.a(CDC.cpp.o)
                0x000104e8                Serial_::available()
 .text._ZN7Serial_5flushEv
                0x000104f0        0x8 C:\Users\Colin Fleming\AppData\Local\Temp\VMBuilds\plotter\adafruit_adafruit_grandcentral_m4\Release/core.a(CDC.cpp.o)
                0x000104f0                Serial_::flush()
 .text._ZN7Serial_5writeEPKhj
                0x000104f8       0x28 C:\Users\Colin Fleming\AppData\Local\Temp\VMBuilds\plotter\adafruit_adafruit_grandcentral_m4\Release/core.a(CDC.cpp.o)
                0x000104f8                Serial_::write(unsigned char const*, unsigned int)
 .text._ZN7Serial_4readEv
                0x00010520       0x20 C:\Users\Colin Fleming\AppData\Local\Temp\VMBuilds\plotter\adafruit_adafruit_grandcentral_m4\Release/core.a(CDC.cpp.o)
                0x00010520                Serial_::read()
 .text._ZN7Serial_4peekEv
                0x00010540       0x38 C:\Users\Colin Fleming\AppData\Local\Temp\VMBuilds\plotter\adafruit_adafruit_grandcentral_m4\Release/core.a(CDC.cpp.o)
                0x00010540                Serial_::peek()
 .text._ZN7Serial_5writeEh
                0x00010578       0x50 C:\Users\Colin Fleming\AppData\Local\Temp\VMBuilds\plotter\adafruit_adafruit_grandcentral_m4\Release/core.a(CDC.cpp.o)
                0x00010578                Serial_::write(unsigned char)
 .text._Z16CDC_GetInterfacePh
                0x000105c8       0x20 C:\Users\Colin Fleming\AppData\Local\Temp\VMBuilds\plotter\adafruit_adafruit_grandcentral_m4\Release/core.a(CDC.cpp.o)
                0x000105c8                CDC_GetInterface(unsigned char*)
 .text._Z9CDC_SetupR8USBSetup
                0x000105e8       0x7c C:\Users\Colin Fleming\AppData\Local\Temp\VMBuilds\plotter\adafruit_adafruit_grandcentral_m4\Release/core.a(CDC.cpp.o)
                0x000105e8                CDC_Setup(USBSetup&)
 .text._ZN7Serial_5beginEm
                0x00010664        0x4 C:\Users\Colin Fleming\AppData\Local\Temp\VMBuilds\plotter\adafruit_adafruit_grandcentral_m4\Release/core.a(CDC.cpp.o)
                0x00010664                Serial_::begin(unsigned long)
 .text.startup._GLOBAL__sub_I__Z17_CDC_GetInterfacev
                0x00010668       0x24 C:\Users\Colin Fleming\AppData\Local\Temp\VMBuilds\plotter\adafruit_adafruit_grandcentral_m4\Release/core.a(CDC.cpp.o)
 .text._ZN26DoubleBufferedEPOutHandler4initEv
                0x0001068c        0x4 C:\Users\Colin Fleming\AppData\Local\Temp\VMBuilds\plotter\adafruit_adafruit_grandcentral_m4\Release/core.a(USBCore.cpp.o)
                0x0001068c                DoubleBufferedEPOutHandler::init()
 .text._ZN26DoubleBufferedEPOutHandler4recvEPvm
                0x00010690      0x148 C:\Users\Colin Fleming\AppData\Local\Temp\VMBuilds\plotter\adafruit_adafruit_grandcentral_m4\Release/core.a(USBCore.cpp.o)
                0x00010690                DoubleBufferedEPOutHandler::recv(void*, unsigned long)
 .text._ZN26DoubleBufferedEPOutHandlerD2Ev
                0x000107d8       0x14 C:\Users\Colin Fleming\AppData\Local\Temp\VMBuilds\plotter\adafruit_adafruit_grandcentral_m4\Release/core.a(USBCore.cpp.o)
                0x000107d8                DoubleBufferedEPOutHandler::~DoubleBufferedEPOutHandler()
                0x000107d8                DoubleBufferedEPOutHandler::~DoubleBufferedEPOutHandler()
 .text._ZN26DoubleBufferedEPOutHandlerD0Ev
                0x000107ec       0x1c C:\Users\Colin Fleming\AppData\Local\Temp\VMBuilds\plotter\adafruit_adafruit_grandcentral_m4\Release/core.a(USBCore.cpp.o)
                0x000107ec                DoubleBufferedEPOutHandler::~DoubleBufferedEPOutHandler()
 .text._ZNK26DoubleBufferedEPOutHandler9availableEv
                0x00010808       0x44 C:\Users\Colin Fleming\AppData\Local\Temp\VMBuilds\plotter\adafruit_adafruit_grandcentral_m4\Release/core.a(USBCore.cpp.o)
                0x00010808                DoubleBufferedEPOutHandler::available() const
 .text._ZN26DoubleBufferedEPOutHandler14handleEndpointEv
                0x0001084c       0xf0 C:\Users\Colin Fleming\AppData\Local\Temp\VMBuilds\plotter\adafruit_adafruit_grandcentral_m4\Release/core.a(USBCore.cpp.o)
                0x0001084c                DoubleBufferedEPOutHandler::handleEndpoint()
 .text._ZN14USBDeviceClass20sendStringDescriptorEPKhh
                0x0001093c      0x124 C:\Users\Colin Fleming\AppData\Local\Temp\VMBuilds\plotter\adafruit_adafruit_grandcentral_m4\Release/core.a(USBCore.cpp.o)
                0x0001093c                USBDeviceClass::sendStringDescriptor(unsigned char const*, unsigned char)
 .text._ZN14USBDeviceClass17sendConfigurationEm
                0x00010a60      0x16c C:\Users\Colin Fleming\AppData\Local\Temp\VMBuilds\plotter\adafruit_adafruit_grandcentral_m4\Release/core.a(USBCore.cpp.o)
                0x00010a60                USBDeviceClass::sendConfiguration(unsigned long)
 .text._ZN14USBDeviceClass14sendDescriptorER8USBSetup
                0x00010bcc      0x470 C:\Users\Colin Fleming\AppData\Local\Temp\VMBuilds\plotter\adafruit_adafruit_grandcentral_m4\Release/core.a(USBCore.cpp.o)
                0x00010bcc                USBDeviceClass::sendDescriptor(USBSetup&)
 .text._ZN14USBDeviceClass4initEv
                0x0001103c      0x124 C:\Users\Colin Fleming\AppData\Local\Temp\VMBuilds\plotter\adafruit_adafruit_grandcentral_m4\Release/core.a(USBCore.cpp.o)
                0x0001103c                USBDeviceClass::init()
 .text._ZN14USBDeviceClass6attachEv
                0x00011160       0x38 C:\Users\Colin Fleming\AppData\Local\Temp\VMBuilds\plotter\adafruit_adafruit_grandcentral_m4\Release/core.a(USBCore.cpp.o)
                0x00011160                USBDeviceClass::attach()
 .text._ZN14USBDeviceClass5flushEm
                0x00011198       0x9c C:\Users\Colin Fleming\AppData\Local\Temp\VMBuilds\plotter\adafruit_adafruit_grandcentral_m4\Release/core.a(USBCore.cpp.o)
                0x00011198                USBDeviceClass::flush(unsigned long)
 .text._ZN14USBDeviceClass11recvControlEPvm
                0x00011234       0xc0 C:\Users\Colin Fleming\AppData\Local\Temp\VMBuilds\plotter\adafruit_adafruit_grandcentral_m4\Release/core.a(USBCore.cpp.o)
                0x00011234                USBDeviceClass::recvControl(void*, unsigned long)
 .text._ZN14USBDeviceClass9availableEm
                0x000112f4       0x74 C:\Users\Colin Fleming\AppData\Local\Temp\VMBuilds\plotter\adafruit_adafruit_grandcentral_m4\Release/core.a(USBCore.cpp.o)
                0x000112f4                USBDeviceClass::available(unsigned long)
 .text._ZN14USBDeviceClass4recvEm
                0x00011368      0x250 C:\Users\Colin Fleming\AppData\Local\Temp\VMBuilds\plotter\adafruit_adafruit_grandcentral_m4\Release/core.a(USBCore.cpp.o)
                0x00011368                USBDeviceClass::recv(unsigned long)
 .text._ZN14USBDeviceClass4sendEmPKvm
                0x000115b8      0x134 C:\Users\Colin Fleming\AppData\Local\Temp\VMBuilds\plotter\adafruit_adafruit_grandcentral_m4\Release/core.a(USBCore.cpp.o)
                0x000115b8                USBDeviceClass::send(unsigned long, void const*, unsigned long)
 .text._ZN14USBDeviceClass11sendControlEPKvm
                0x000116ec       0x64 C:\Users\Colin Fleming\AppData\Local\Temp\VMBuilds\plotter\adafruit_adafruit_grandcentral_m4\Release/core.a(USBCore.cpp.o)
                0x000116ec                USBDeviceClass::sendControl(void const*, unsigned long)
 .text._ZN14USBDeviceClass19handleStandardSetupER8USBSetup
                0x00011750      0x3b4 C:\Users\Colin Fleming\AppData\Local\Temp\VMBuilds\plotter\adafruit_adafruit_grandcentral_m4\Release/core.a(USBCore.cpp.o)
                0x00011750                USBDeviceClass::handleStandardSetup(USBSetup&)
 .text._ZN14USBDeviceClass10ISRHandlerEv.part.10
                0x00011b04      0x310 C:\Users\Colin Fleming\AppData\Local\Temp\VMBuilds\plotter\adafruit_adafruit_grandcentral_m4\Release/core.a(USBCore.cpp.o)
 .text.UDD_Handler
                0x00011e14       0x18 C:\Users\Colin Fleming\AppData\Local\Temp\VMBuilds\plotter\adafruit_adafruit_grandcentral_m4\Release/core.a(USBCore.cpp.o)
                0x00011e14                UDD_Handler
 .text.startup._GLOBAL__sub_I_usbd
                0x00011e2c       0x10 C:\Users\Colin Fleming\AppData\Local\Temp\VMBuilds\plotter\adafruit_adafruit_grandcentral_m4\Release/core.a(USBCore.cpp.o)
 .text._ZN13PluggableUSB_12getInterfaceEPh
                0x00011e3c       0x2c C:\Users\Colin Fleming\AppData\Local\Temp\VMBuilds\plotter\adafruit_adafruit_grandcentral_m4\Release/core.a(PluggableUSB.cpp.o)
                0x00011e3c                PluggableUSB_::getInterface(unsigned char*)
 .text._ZN13PluggableUSB_13getDescriptorER8USBSetup
                0x00011e68       0x24 C:\Users\Colin Fleming\AppData\Local\Temp\VMBuilds\plotter\adafruit_adafruit_grandcentral_m4\Release/core.a(PluggableUSB.cpp.o)
                0x00011e68                PluggableUSB_::getDescriptor(USBSetup&)
 .text._ZN13PluggableUSB_5setupER8USBSetup
                0x00011e8c       0x24 C:\Users\Colin Fleming\AppData\Local\Temp\VMBuilds\plotter\adafruit_adafruit_grandcentral_m4\Release/core.a(PluggableUSB.cpp.o)
                0x00011e8c                PluggableUSB_::setup(USBSetup&)
 .text._Z12PluggableUSBv
                0x00011eb0       0x30 C:\Users\Colin Fleming\AppData\Local\Temp\VMBuilds\plotter\adafruit_adafruit_grandcentral_m4\Release/core.a(PluggableUSB.cpp.o)
                0x00011eb0                PluggableUSB()
 .text._ZN20USBDevice_SAMD21G18x5resetEv
                0x00011ee0       0x30 C:\Users\Colin Fleming\AppData\Local\Temp\VMBuilds\plotter\adafruit_adafruit_grandcentral_m4\Release/core.a(SAMD21_USBDevice.cpp.o)
                0x00011ee0                USBDevice_SAMD21G18x::reset()
 .text._ZN20USBDevice_SAMD21G18x9calibrateEv
                0x00011f10       0x4c C:\Users\Colin Fleming\AppData\Local\Temp\VMBuilds\plotter\adafruit_adafruit_grandcentral_m4\Release/core.a(SAMD21_USBDevice.cpp.o)
                0x00011f10                USBDevice_SAMD21G18x::calibrate()
 .text.__aeabi_atexit
                0x00011f5c        0xa c:/users/colin fleming/appdata/local/arduino15/packages/arduino/tools/arm-none-eabi-gcc/7-2017q4/bin/../lib/gcc/arm-none-eabi/7.2.1/../../../../arm-none-eabi/lib/thumb/v7e-m/fpv4-sp/hard\libstdc++_nano.a(atexit_arm.o)
                0x00011f5c                __aeabi_atexit
 *fill*         0x00011f66        0x2 
 .text.cos      0x00011f68       0xc0 c:/users/colin fleming/appdata/local/arduino15/packages/arduino/tools/arm-none-eabi-gcc/7-2017q4/bin/../lib/gcc/arm-none-eabi/7.2.1/../../../../arm-none-eabi/lib/thumb/v7e-m/fpv4-sp/hard\libm.a(lib_a-s_cos.o)
                0x00011f68                cos
 .text.cosf     0x00012028       0x90 c:/users/colin fleming/appdata/local/arduino15/packages/arduino/tools/arm-none-eabi-gcc/7-2017q4/bin/../lib/gcc/arm-none-eabi/7.2.1/../../../../arm-none-eabi/lib/thumb/v7e-m/fpv4-sp/hard\libm.a(lib_a-sf_cos.o)
                0x00012028                cosf
 .text.sinf     0x000120b8       0x94 c:/users/colin fleming/appdata/local/arduino15/packages/arduino/tools/arm-none-eabi-gcc/7-2017q4/bin/../lib/gcc/arm-none-eabi/7.2.1/../../../../arm-none-eabi/lib/thumb/v7e-m/fpv4-sp/hard\libm.a(lib_a-sf_sin.o)
                0x000120b8                sinf
 .text.acosf    0x0001214c       0xb4 c:/users/colin fleming/appdata/local/arduino15/packages/arduino/tools/arm-none-eabi-gcc/7-2017q4/bin/../lib/gcc/arm-none-eabi/7.2.1/../../../../arm-none-eabi/lib/thumb/v7e-m/fpv4-sp/hard\libm.a(lib_a-wf_acos.o)
                0x0001214c                acosf
 .text.sqrtf    0x00012200       0xac c:/users/colin fleming/appdata/local/arduino15/packages/arduino/tools/arm-none-eabi-gcc/7-2017q4/bin/../lib/gcc/arm-none-eabi/7.2.1/../../../../arm-none-eabi/lib/thumb/v7e-m/fpv4-sp/hard\libm.a(lib_a-wf_sqrt.o)
                0x00012200                sqrtf
 *fill*         0x000122ac        0x4 
 .text.__ieee754_rem_pio2
                0x000122b0      0x454 c:/users/colin fleming/appdata/local/arduino15/packages/arduino/tools/arm-none-eabi-gcc/7-2017q4/bin/../lib/gcc/arm-none-eabi/7.2.1/../../../../arm-none-eabi/lib/thumb/v7e-m/fpv4-sp/hard\libm.a(lib_a-e_rem_pio2.o)
                0x000122b0                __ieee754_rem_pio2
 .text.__ieee754_acosf
                0x00012704      0x23c c:/users/colin fleming/appdata/local/arduino15/packages/arduino/tools/arm-none-eabi-gcc/7-2017q4/bin/../lib/gcc/arm-none-eabi/7.2.1/../../../../arm-none-eabi/lib/thumb/v7e-m/fpv4-sp/hard\libm.a(lib_a-ef_acos.o)
                0x00012704                __ieee754_acosf
 .text.__ieee754_rem_pio2f
                0x00012940      0x298 c:/users/colin fleming/appdata/local/arduino15/packages/arduino/tools/arm-none-eabi-gcc/7-2017q4/bin/../lib/gcc/arm-none-eabi/7.2.1/../../../../arm-none-eabi/lib/thumb/v7e-m/fpv4-sp/hard\libm.a(lib_a-ef_rem_pio2.o)
                0x00012940                __ieee754_rem_pio2f
 .text.__ieee754_sqrtf
                0x00012bd8        0x8 c:/users/colin fleming/appdata/local/arduino15/packages/arduino/tools/arm-none-eabi-gcc/7-2017q4/bin/../lib/gcc/arm-none-eabi/7.2.1/../../../../arm-none-eabi/lib/thumb/v7e-m/fpv4-sp/hard\libm.a(lib_a-ef_sqrt.o)
                0x00012bd8                __ieee754_sqrtf
 .text.__kernel_cos
                0x00012be0      0x284 c:/users/colin fleming/appdata/local/arduino15/packages/arduino/tools/arm-none-eabi-gcc/7-2017q4/bin/../lib/gcc/arm-none-eabi/7.2.1/../../../../arm-none-eabi/lib/thumb/v7e-m/fpv4-sp/hard\libm.a(lib_a-k_cos.o)
                0x00012be0                __kernel_cos
 *fill*         0x00012e64        0x4 
 .text.__kernel_rem_pio2
                0x00012e68      0x818 c:/users/colin fleming/appdata/local/arduino15/packages/arduino/tools/arm-none-eabi-gcc/7-2017q4/bin/../lib/gcc/arm-none-eabi/7.2.1/../../../../arm-none-eabi/lib/thumb/v7e-m/fpv4-sp/hard\libm.a(lib_a-k_rem_pio2.o)
                0x00012e68                __kernel_rem_pio2
 .text.__kernel_sin
                0x00013680      0x194 c:/users/colin fleming/appdata/local/arduino15/packages/arduino/tools/arm-none-eabi-gcc/7-2017q4/bin/../lib/gcc/arm-none-eabi/7.2.1/../../../../arm-none-eabi/lib/thumb/v7e-m/fpv4-sp/hard\libm.a(lib_a-k_sin.o)
                0x00013680                __kernel_sin
 .text.__kernel_cosf
                0x00013814      0x104 c:/users/colin fleming/appdata/local/arduino15/packages/arduino/tools/arm-none-eabi-gcc/7-2017q4/bin/../lib/gcc/arm-none-eabi/7.2.1/../../../../arm-none-eabi/lib/thumb/v7e-m/fpv4-sp/hard\libm.a(lib_a-kf_cos.o)
                0x00013814                __kernel_cosf
 .text.__kernel_rem_pio2f
                0x00013918      0x650 c:/users/colin fleming/appdata/local/arduino15/packages/arduino/tools/arm-none-eabi-gcc/7-2017q4/bin/../lib/gcc/arm-none-eabi/7.2.1/../../../../arm-none-eabi/lib/thumb/v7e-m/fpv4-sp/hard\libm.a(lib_a-kf_rem_pio2.o)
                0x00013918                __kernel_rem_pio2f
 .text.__kernel_sinf
                0x00013f68       0x90 c:/users/colin fleming/appdata/local/arduino15/packages/arduino/tools/arm-none-eabi-gcc/7-2017q4/bin/../lib/gcc/arm-none-eabi/7.2.1/../../../../arm-none-eabi/lib/thumb/v7e-m/fpv4-sp/hard\libm.a(lib_a-kf_sin.o)
                0x00013f68                __kernel_sinf
 .text.fabs     0x00013ff8       0x14 c:/users/colin fleming/appdata/local/arduino15/packages/arduino/tools/arm-none-eabi-gcc/7-2017q4/bin/../lib/gcc/arm-none-eabi/7.2.1/../../../../arm-none-eabi/lib/thumb/v7e-m/fpv4-sp/hard\libm.a(lib_a-s_fabs.o)
                0x00013ff8                fabs
 *fill*         0x0001400c        0x4 
 .text.floor    0x00014010      0x110 c:/users/colin fleming/appdata/local/arduino15/packages/arduino/tools/arm-none-eabi-gcc/7-2017q4/bin/../lib/gcc/arm-none-eabi/7.2.1/../../../../arm-none-eabi/lib/thumb/v7e-m/fpv4-sp/hard\libm.a(lib_a-s_floor.o)
                0x00014010                floor
 .text.matherr  0x00014120        0x4 c:/users/colin fleming/appdata/local/arduino15/packages/arduino/tools/arm-none-eabi-gcc/7-2017q4/bin/../lib/gcc/arm-none-eabi/7.2.1/../../../../arm-none-eabi/lib/thumb/v7e-m/fpv4-sp/hard\libm.a(lib_a-s_matherr.o)
                0x00014120                matherr
 *fill*         0x00014124        0x4 
 .text.nan      0x00014128       0x10 c:/users/colin fleming/appdata/local/arduino15/packages/arduino/tools/arm-none-eabi-gcc/7-2017q4/bin/../lib/gcc/arm-none-eabi/7.2.1/../../../../arm-none-eabi/lib/thumb/v7e-m/fpv4-sp/hard\libm.a(lib_a-s_nan.o)
                0x00014128                nan
 .text.scalbn   0x00014138      0x114 c:/users/colin fleming/appdata/local/arduino15/packages/arduino/tools/arm-none-eabi-gcc/7-2017q4/bin/../lib/gcc/arm-none-eabi/7.2.1/../../../../arm-none-eabi/lib/thumb/v7e-m/fpv4-sp/hard\libm.a(lib_a-s_scalbn.o)
                0x00014138                scalbn
 .text.fabsf    0x0001424c       0x10 c:/users/colin fleming/appdata/local/arduino15/packages/arduino/tools/arm-none-eabi-gcc/7-2017q4/bin/../lib/gcc/arm-none-eabi/7.2.1/../../../../arm-none-eabi/lib/thumb/v7e-m/fpv4-sp/hard\libm.a(lib_a-sf_fabs.o)
                0x0001424c                fabsf
 .text.floorf   0x0001425c       0x8c c:/users/colin fleming/appdata/local/arduino15/packages/arduino/tools/arm-none-eabi-gcc/7-2017q4/bin/../lib/gcc/arm-none-eabi/7.2.1/../../../../arm-none-eabi/lib/thumb/v7e-m/fpv4-sp/hard\libm.a(lib_a-sf_floor.o)
                0x0001425c                floorf
 .text.scalbnf  0x000142e8       0xd0 c:/users/colin fleming/appdata/local/arduino15/packages/arduino/tools/arm-none-eabi-gcc/7-2017q4/bin/../lib/gcc/arm-none-eabi/7.2.1/../../../../arm-none-eabi/lib/thumb/v7e-m/fpv4-sp/hard\libm.a(lib_a-sf_scalbn.o)
                0x000142e8                scalbnf
 .text.copysign
                0x000143b8       0x1c c:/users/colin fleming/appdata/local/arduino15/packages/arduino/tools/arm-none-eabi-gcc/7-2017q4/bin/../lib/gcc/arm-none-eabi/7.2.1/../../../../arm-none-eabi/lib/thumb/v7e-m/fpv4-sp/hard\libm.a(lib_a-s_copysign.o)
                0x000143b8                copysign
 .text.copysignf
                0x000143d4       0x18 c:/users/colin fleming/appdata/local/arduino15/packages/arduino/tools/arm-none-eabi-gcc/7-2017q4/bin/../lib/gcc/arm-none-eabi/7.2.1/../../../../arm-none-eabi/lib/thumb/v7e-m/fpv4-sp/hard\libm.a(lib_a-sf_copysign.o)
                0x000143d4                copysignf
 .text          0x000143ec      0x378 c:/users/colin fleming/appdata/local/arduino15/packages/arduino/tools/arm-none-eabi-gcc/7-2017q4/bin/../lib/gcc/arm-none-eabi/7.2.1/thumb/v7e-m/fpv4-sp/hard\libgcc.a(_arm_addsubdf3.o)
                0x000143ec                __aeabi_drsub
                0x000143f4                __aeabi_dsub
                0x000143f4                __subdf3
                0x000143f8                __aeabi_dadd
                0x000143f8                __adddf3
                0x00014670                __floatunsidf
                0x00014670                __aeabi_ui2d
                0x00014690                __floatsidf
                0x00014690                __aeabi_i2d
                0x000146b4                __aeabi_f2d
                0x000146b4                __extendsfdf2
                0x000146f8                __floatundidf
                0x000146f8                __aeabi_ul2d
                0x00014708                __floatdidf
                0x00014708                __aeabi_l2d
 .text          0x00014764      0x424 c:/users/colin fleming/appdata/local/arduino15/packages/arduino/tools/arm-none-eabi-gcc/7-2017q4/bin/../lib/gcc/arm-none-eabi/7.2.1/thumb/v7e-m/fpv4-sp/hard\libgcc.a(_arm_muldivdf3.o)
                0x00014764                __aeabi_dmul
                0x00014764                __muldf3
                0x000149b8                __divdf3
                0x000149b8                __aeabi_ddiv
 .text          0x00014b88      0x110 c:/users/colin fleming/appdata/local/arduino15/packages/arduino/tools/arm-none-eabi-gcc/7-2017q4/bin/../lib/gcc/arm-none-eabi/7.2.1/thumb/v7e-m/fpv4-sp/hard\libgcc.a(_arm_cmpdf2.o)
                0x00014b88                __gtdf2
                0x00014b88                __gedf2
                0x00014b90                __ltdf2
                0x00014b90                __ledf2
                0x00014b98                __nedf2
                0x00014b98                __eqdf2
                0x00014b98                __cmpdf2
                0x00014c14                __aeabi_cdrcmple
                0x00014c24                __aeabi_cdcmpeq
                0x00014c24                __aeabi_cdcmple
                0x00014c34                __aeabi_dcmpeq
                0x00014c48                __aeabi_dcmplt
                0x00014c5c                __aeabi_dcmple
                0x00014c70                __aeabi_dcmpge
                0x00014c84                __aeabi_dcmpgt
 .text          0x00014c98       0x2c c:/users/colin fleming/appdata/local/arduino15/packages/arduino/tools/arm-none-eabi-gcc/7-2017q4/bin/../lib/gcc/arm-none-eabi/7.2.1/thumb/v7e-m/fpv4-sp/hard\libgcc.a(_arm_unorddf2.o)
                0x00014c98                __unorddf2
                0x00014c98                __aeabi_dcmpun
 .text          0x00014cc4       0x50 c:/users/colin fleming/appdata/local/arduino15/packages/arduino/tools/arm-none-eabi-gcc/7-2017q4/bin/../lib/gcc/arm-none-eabi/7.2.1/thumb/v7e-m/fpv4-sp/hard\libgcc.a(_arm_fixdfsi.o)
                0x00014cc4                __aeabi_d2iz
                0x00014cc4                __fixdfsi
 .text          0x00014d14       0x40 c:/users/colin fleming/appdata/local/arduino15/packages/arduino/tools/arm-none-eabi-gcc/7-2017q4/bin/../lib/gcc/arm-none-eabi/7.2.1/thumb/v7e-m/fpv4-sp/hard\libgcc.a(_arm_fixunsdfsi.o)
                0x00014d14                __aeabi_d2uiz
                0x00014d14                __fixunsdfsi
 .text          0x00014d54       0xa0 c:/users/colin fleming/appdata/local/arduino15/packages/arduino/tools/arm-none-eabi-gcc/7-2017q4/bin/../lib/gcc/arm-none-eabi/7.2.1/thumb/v7e-m/fpv4-sp/hard\libgcc.a(_arm_truncdfsf2.o)
                0x00014d54                __truncdfsf2
                0x00014d54                __aeabi_d2f
 .text.atof     0x00014df4        0x6 c:/users/colin fleming/appdata/local/arduino15/packages/arduino/tools/arm-none-eabi-gcc/7-2017q4/bin/../lib/gcc/arm-none-eabi/7.2.1/../../../../arm-none-eabi/lib/thumb/v7e-m/fpv4-sp/hard\libc_nano.a(lib_a-atof.o)
                0x00014df4                atof
 *fill*         0x00014dfa        0x2 
 .text.__cxa_atexit
                0x00014dfc       0x1c c:/users/colin fleming/appdata/local/arduino15/packages/arduino/tools/arm-none-eabi-gcc/7-2017q4/bin/../lib/gcc/arm-none-eabi/7.2.1/../../../../arm-none-eabi/lib/thumb/v7e-m/fpv4-sp/hard\libc_nano.a(lib_a-cxa_atexit.o)
                0x00014dfc                __cxa_atexit
 .text.__errno  0x00014e18        0xc c:/users/colin fleming/appdata/local/arduino15/packages/arduino/tools/arm-none-eabi-gcc/7-2017q4/bin/../lib/gcc/arm-none-eabi/7.2.1/../../../../arm-none-eabi/lib/thumb/v7e-m/fpv4-sp/hard\libc_nano.a(lib_a-errno.o)
                0x00014e18                __errno
 .text.__libc_init_array
                0x00014e24       0x48 c:/users/colin fleming/appdata/local/arduino15/packages/arduino/tools/arm-none-eabi-gcc/7-2017q4/bin/../lib/gcc/arm-none-eabi/7.2.1/../../../../arm-none-eabi/lib/thumb/v7e-m/fpv4-sp/hard\libc_nano.a(lib_a-init.o)
                0x00014e24                __libc_init_array
 .text.malloc   0x00014e6c       0x10 c:/users/colin fleming/appdata/local/arduino15/packages/arduino/tools/arm-none-eabi-gcc/7-2017q4/bin/../lib/gcc/arm-none-eabi/7.2.1/../../../../arm-none-eabi/lib/thumb/v7e-m/fpv4-sp/hard\libc_nano.a(lib_a-malloc.o)
                0x00014e6c                malloc
 .text.free     0x00014e7c       0x10 c:/users/colin fleming/appdata/local/arduino15/packages/arduino/tools/arm-none-eabi-gcc/7-2017q4/bin/../lib/gcc/arm-none-eabi/7.2.1/../../../../arm-none-eabi/lib/thumb/v7e-m/fpv4-sp/hard\libc_nano.a(lib_a-malloc.o)
                0x00014e7c                free
 .text.__ascii_mbtowc
                0x00014e8c       0x24 c:/users/colin fleming/appdata/local/arduino15/packages/arduino/tools/arm-none-eabi-gcc/7-2017q4/bin/../lib/gcc/arm-none-eabi/7.2.1/../../../../arm-none-eabi/lib/thumb/v7e-m/fpv4-sp/hard\libc_nano.a(lib_a-mbtowc_r.o)
                0x00014e8c                __ascii_mbtowc
 .text.memcpy   0x00014eb0       0x16 c:/users/colin fleming/appdata/local/arduino15/packages/arduino/tools/arm-none-eabi-gcc/7-2017q4/bin/../lib/gcc/arm-none-eabi/7.2.1/../../../../arm-none-eabi/lib/thumb/v7e-m/fpv4-sp/hard\libc_nano.a(lib_a-memcpy-stub.o)
                0x00014eb0                memcpy
 .text.memmove  0x00014ec6       0x32 c:/users/colin fleming/appdata/local/arduino15/packages/arduino/tools/arm-none-eabi-gcc/7-2017q4/bin/../lib/gcc/arm-none-eabi/7.2.1/../../../../arm-none-eabi/lib/thumb/v7e-m/fpv4-sp/hard\libc_nano.a(lib_a-memmove.o)
                0x00014ec6                memmove
 .text.memset   0x00014ef8       0x10 c:/users/colin fleming/appdata/local/arduino15/packages/arduino/tools/arm-none-eabi-gcc/7-2017q4/bin/../lib/gcc/arm-none-eabi/7.2.1/../../../../arm-none-eabi/lib/thumb/v7e-m/fpv4-sp/hard\libc_nano.a(lib_a-memset.o)
                0x00014ef8                memset
 .text._free_r  0x00014f08       0x9c c:/users/colin fleming/appdata/local/arduino15/packages/arduino/tools/arm-none-eabi-gcc/7-2017q4/bin/../lib/gcc/arm-none-eabi/7.2.1/../../../../arm-none-eabi/lib/thumb/v7e-m/fpv4-sp/hard\libc_nano.a(lib_a-nano-freer.o)
                0x00014f08                _free_r
 .text._malloc_r
                0x00014fa4       0xb4 c:/users/colin fleming/appdata/local/arduino15/packages/arduino/tools/arm-none-eabi-gcc/7-2017q4/bin/../lib/gcc/arm-none-eabi/7.2.1/../../../../arm-none-eabi/lib/thumb/v7e-m/fpv4-sp/hard\libc_nano.a(lib_a-nano-mallocr.o)
                0x00014fa4                _malloc_r
 .text.realloc  0x00015058       0x10 c:/users/colin fleming/appdata/local/arduino15/packages/arduino/tools/arm-none-eabi-gcc/7-2017q4/bin/../lib/gcc/arm-none-eabi/7.2.1/../../../../arm-none-eabi/lib/thumb/v7e-m/fpv4-sp/hard\libc_nano.a(lib_a-realloc.o)
                0x00015058                realloc
 .text._sbrk_r  0x00015068       0x20 c:/users/colin fleming/appdata/local/arduino15/packages/arduino/tools/arm-none-eabi-gcc/7-2017q4/bin/../lib/gcc/arm-none-eabi/7.2.1/../../../../arm-none-eabi/lib/thumb/v7e-m/fpv4-sp/hard\libc_nano.a(lib_a-sbrkr.o)
                0x00015068                _sbrk_r
 .text.strchr   0x00015088       0x1a c:/users/colin fleming/appdata/local/arduino15/packages/arduino/tools/arm-none-eabi-gcc/7-2017q4/bin/../lib/gcc/arm-none-eabi/7.2.1/../../../../arm-none-eabi/lib/thumb/v7e-m/fpv4-sp/hard\libc_nano.a(lib_a-strchr.o)
                0x00015088                strchr
 .text.strcpy   0x000150a2       0x10 c:/users/colin fleming/appdata/local/arduino15/packages/arduino/tools/arm-none-eabi-gcc/7-2017q4/bin/../lib/gcc/arm-none-eabi/7.2.1/../../../../arm-none-eabi/lib/thumb/v7e-m/fpv4-sp/hard\libc_nano.a(lib_a-strcpy.o)
                0x000150a2                strcpy
 .text          0x000150b2       0x10 c:/users/colin fleming/appdata/local/arduino15/packages/arduino/tools/arm-none-eabi-gcc/7-2017q4/bin/../lib/gcc/arm-none-eabi/7.2.1/../../../../arm-none-eabi/lib/thumb/v7e-m/fpv4-sp/hard\libc_nano.a(lib_a-strlen.o)
                0x000150b2                strlen
 .text.strncmp  0x000150c2       0x24 c:/users/colin fleming/appdata/local/arduino15/packages/arduino/tools/arm-none-eabi-gcc/7-2017q4/bin/../lib/gcc/arm-none-eabi/7.2.1/../../../../arm-none-eabi/lib/thumb/v7e-m/fpv4-sp/hard\libc_nano.a(lib_a-strncmp.o)
                0x000150c2                strncmp
 .text.strncpy  0x000150e6       0x2a c:/users/colin fleming/appdata/local/arduino15/packages/arduino/tools/arm-none-eabi-gcc/7-2017q4/bin/../lib/gcc/arm-none-eabi/7.2.1/../../../../arm-none-eabi/lib/thumb/v7e-m/fpv4-sp/hard\libc_nano.a(lib_a-strncpy.o)
                0x000150e6                strncpy
 .text.unlikely.sulp
                0x00015110       0x38 c:/users/colin fleming/appdata/local/arduino15/packages/arduino/tools/arm-none-eabi-gcc/7-2017q4/bin/../lib/gcc/arm-none-eabi/7.2.1/../../../../arm-none-eabi/lib/thumb/v7e-m/fpv4-sp/hard\libc_nano.a(lib_a-strtod.o)
 .text._strtod_l
                0x00015148      0xbe8 c:/users/colin fleming/appdata/local/arduino15/packages/arduino/tools/arm-none-eabi-gcc/7-2017q4/bin/../lib/gcc/arm-none-eabi/7.2.1/../../../../arm-none-eabi/lib/thumb/v7e-m/fpv4-sp/hard\libc_nano.a(lib_a-strtod.o)
                0x00015148                _strtod_l