Archive member included to satisfy reference by file (symbol)

C:\Users\Colin Fleming\AppData\Local\Temp\VMBuilds\plotter\adafruit_adafruit_grandcentral_m4\Release/core.a(cortex_handlers.c.o)
                              (Reset_Handler)
C:\Users\Colin Fleming\AppData\Local\Temp\VMBuilds\plotter\adafruit_adafruit_grandcentral_m4\Release/core.a(delay.c.o)
                              plotter.cpp.o (millis)
C:\Users\Colin Fleming\AppData\Local\Temp\VMBuilds\plotter\adafruit_adafruit_grandcentral_m4\Release/core.a(hooks.c.o)
                              C:\Users\Colin Fleming\AppData\Local\Temp\VMBuilds\plotter\adafruit_adafruit_grandcentral_m4\Release/core.a(delay.c.o) (yield)
C:\Users\Colin Fleming\AppData\Local\Temp\VMBuilds\plotter\adafruit_adafruit_grandcentral_m4\Release/core.a(startup.c.o)
                              C:\Users\Colin Fleming\AppData\Local\Temp\VMBuilds\plotter\adafruit_adafruit_grandcentral_m4\Release/core.a(cortex_handlers.c.o) (SystemInit)
C:\Users\Colin Fleming\AppData\Local\Temp\VMBuilds\plotter\adafruit_adafruit_grandcentral_m4\Release/core.a(wiring.c.o)
                              Servo\samd\Servo.cpp.o (SystemCoreClock)
C:\Users\Colin Fleming\AppData\Local\Temp\VMBuilds\plotter\adafruit_adafruit_grandcentral_m4\Release/core.a(wiring_analog.c.o)
                              C:\Users\Colin Fleming\AppData\Local\Temp\VMBuilds\plotter\adafruit_adafruit_grandcentral_m4\Release/core.a(wiring.c.o) (analogReference)
C:\Users\Colin Fleming\AppData\Local\Temp\VMBuilds\plotter\adafruit_adafruit_grandcentral_m4\Release/core.a(wiring_digital.c.o)
                              plotter.cpp.o (pinMode)
C:\Users\Colin Fleming\AppData\Local\Temp\VMBuilds\plotter\adafruit_adafruit_grandcentral_m4\Release/core.a(wiring_private.c.o)
                              SPI\SPI.cpp.o (pinPeripheral)
C:\Users\Colin Fleming\AppData\Local\Temp\VMBuilds\plotter\adafruit_adafruit_grandcentral_m4\Release/core.a(abi.cpp.o)
                              Libraries_CTP-SD-Hardware-SPI_ER-TFTM032-3\GFX.cpp.o (__cxa_pure_virtual)
C:\Users\Colin Fleming\AppData\Local\Temp\VMBuilds\plotter\adafruit_adafruit_grandcentral_m4\Release/core.a(main.cpp.o)
                              c:/users/colin fleming/appdata/local/arduino15/packages/arduino/tools/arm-none-eabi-gcc/7-2017q4/bin/../lib/gcc/arm-none-eabi/7.2.1/../../../../arm-none-eabi/lib/thumb/v7e-m/fpv4-sp/hard/crt0.o (main)
C:\Users\Colin Fleming\AppData\Local\Temp\VMBuilds\plotter\adafruit_adafruit_grandcentral_m4\Release/core.a(new.cpp.o)
                              ArduinoBlue\ArduinoBlue.cpp.o (operator new[](unsigned int))
C:\Users\Colin Fleming\AppData\Local\Temp\VMBuilds\plotter\adafruit_adafruit_grandcentral_m4\Release/core.a(Print.cpp.o)
                              SD\utility\SdFile.cpp.o (Print::write(unsigned char const*, unsigned int))
C:\Users\Colin Fleming\AppData\Local\Temp\VMBuilds\plotter\adafruit_adafruit_grandcentral_m4\Release/core.a(Reset.cpp.o)
                              C:\Users\Colin Fleming\AppData\Local\Temp\VMBuilds\plotter\adafruit_adafruit_grandcentral_m4\Release/core.a(delay.c.o) (tickReset)
C:\Users\Colin Fleming\AppData\Local\Temp\VMBuilds\plotter\adafruit_adafruit_grandcentral_m4\Release/core.a(SERCOM.cpp.o)
                              C:\Users\Colin Fleming\AppData\Local\Temp\VMBCore\arduino16x\4fa0d4deb74a46d069c80fc94ff8b2ca\variant\variant.cpp.o (SERCOM::SERCOM(Sercom*))
C:\Users\Colin Fleming\AppData\Local\Temp\VMBuilds\plotter\adafruit_adafruit_grandcentral_m4\Release/core.a(Uart.cpp.o)
                              plotter.cpp.o (Uart::begin(unsigned long))
C:\Users\Colin Fleming\AppData\Local\Temp\VMBuilds\plotter\adafruit_adafruit_grandcentral_m4\Release/core.a(WMath.cpp.o)
                              plotter.cpp.o (map(long, long, long, long, long))
C:\Users\Colin Fleming\AppData\Local\Temp\VMBuilds\plotter\adafruit_adafruit_grandcentral_m4\Release/core.a(WString.cpp.o)
                              ArduinoBlue\ArduinoBlue.cpp.o (String::String(char const*))
C:\Users\Colin Fleming\AppData\Local\Temp\VMBuilds\plotter\adafruit_adafruit_grandcentral_m4\Release/core.a(CDC.cpp.o)
                              SD\utility\SdFile.cpp.o (Serial_::write(unsigned char))
C:\Users\Colin Fleming\AppData\Local\Temp\VMBuilds\plotter\adafruit_adafruit_grandcentral_m4\Release/core.a(USBCore.cpp.o)
                              C:\Users\Colin Fleming\AppData\Local\Temp\VMBuilds\plotter\adafruit_adafruit_grandcentral_m4\Release/core.a(main.cpp.o) (USBDeviceClass::init())
C:\Users\Colin Fleming\AppData\Local\Temp\VMBuilds\plotter\adafruit_adafruit_grandcentral_m4\Release/core.a(itoa.c.o)
                              C:\Users\Colin Fleming\AppData\Local\Temp\VMBuilds\plotter\adafruit_adafruit_grandcentral_m4\Release/core.a(WString.cpp.o) (itoa)
C:\Users\Colin Fleming\AppData\Local\Temp\VMBuilds\plotter\adafruit_adafruit_grandcentral_m4\Release/core.a(dtostrf.c.o)
[...]
Memory Configuration

Name             Origin             Length             Attributes
FLASH            0x00004000         0x000fc000         xr
RAM              0x20000000         0x00040000         xrw
*default*        0x00000000         0xffffffff

Linker script and memory map

LOAD c:/users/colin fleming/appdata/local/arduino15/packages/arduino/tools/arm-none-eabi-gcc/7-2017q4/bin/../lib/gcc/arm-none-eabi/7.2.1/thumb/v7e-m/fpv4-sp/hard/crti.o
LOAD c:/users/colin fleming/appdata/local/arduino15/packages/arduino/tools/arm-none-eabi-gcc/7-2017q4/bin/../lib/gcc/arm-none-eabi/7.2.1/thumb/v7e-m/fpv4-sp/hard/crtbegin.o
LOAD c:/users/colin fleming/appdata/local/arduino15/packages/arduino/tools/arm-none-eabi-gcc/7-2017q4/bin/../lib/gcc/arm-none-eabi/7.2.1/../../../../arm-none-eabi/lib/thumb/v7e-m/fpv4-sp/hard/crt0.o
LOAD plotter.cpp.o
LOAD ArduinoBlue\ArduinoBlue.cpp.o
LOAD SD\File.cpp.o
LOAD SD\SD.cpp.o
LOAD SD\utility\Sd2Card.cpp.o
LOAD SD\utility\SdFile.cpp.o
LOAD SD\utility\SdVolume.cpp.o
LOAD SPI\SPI.cpp.o
LOAD Adafruit_ZeroDMA\Adafruit_ZeroDMA.cpp.o
LOAD Libraries_CTP-SD-Hardware-SPI_ER-TFTM032-3\glcdfont.c.o
LOAD Libraries_CTP-SD-Hardware-SPI_ER-TFTM032-3\FT6206.cpp.o
LOAD Libraries_CTP-SD-Hardware-SPI_ER-TFTM032-3\GFX.cpp.o
LOAD Libraries_CTP-SD-Hardware-SPI_ER-TFTM032-3\ILI9341.cpp.o
LOAD Wire\Wire.cpp.o
LOAD Servo\avr\Servo.cpp.o
LOAD Servo\megaavr\Servo.cpp.o
LOAD Servo\nrf52\Servo.cpp.o
LOAD Servo\sam\Servo.cpp.o
LOAD Servo\samd\Servo.cpp.o
LOAD Servo\stm32f4\Servo.cpp.o
LOAD C:\Users\Colin Fleming\AppData\Local\Temp\VMBCore\arduino16x\4fa0d4deb74a46d069c80fc94ff8b2ca\variant\variant.cpp.o
START GROUP
LOAD C:\Users\Colin Fleming\AppData\Local\arduino15\packages\arduino\tools\CMSIS\4.5.0/CMSIS/Lib/GCC/\libarm_cortexM4lf_math.a
LOAD C:\Users\Colin Fleming\AppData\Local\Temp\VMBuilds\plotter\adafruit_adafruit_grandcentral_m4\Release/core.a
END GROUP
LOAD c:/users/colin fleming/appdata/local/arduino15/packages/arduino/tools/arm-none-eabi-gcc/7-2017q4/bin/../lib/gcc/arm-none-eabi/7.2.1/../../../../arm-none-eabi/lib/thumb/v7e-m/fpv4-sp/hard\libstdc++_nano.a
LOAD c:/users/colin fleming/appdata/local/arduino15/packages/arduino/tools/arm-none-eabi-gcc/7-2017q4/bin/../lib/gcc/arm-none-eabi/7.2.1/../../../../arm-none-eabi/lib/thumb/v7e-m/fpv4-sp/hard\libm.a
START GROUP
LOAD c:/users/colin fleming/appdata/local/arduino15/packages/arduino/tools/arm-none-eabi-gcc/7-2017q4/bin/../lib/gcc/arm-none-eabi/7.2.1/thumb/v7e-m/fpv4-sp/hard\libgcc.a
LOAD c:/users/colin fleming/appdata/local/arduino15/packages/arduino/tools/arm-none-eabi-gcc/7-2017q4/bin/../lib/gcc/arm-none-eabi/7.2.1/../../../../arm-none-eabi/lib/thumb/v7e-m/fpv4-sp/hard\libc_nano.a
END GROUP
START GROUP
LOAD c:/users/colin fleming/appdata/local/arduino15/packages/arduino/tools/arm-none-eabi-gcc/7-2017q4/bin/../lib/gcc/arm-none-eabi/7.2.1/thumb/v7e-m/fpv4-sp/hard\libgcc.a
LOAD c:/users/colin fleming/appdata/local/arduino15/packages/arduino/tools/arm-none-eabi-gcc/7-2017q4/bin/../lib/gcc/arm-none-eabi/7.2.1/../../../../arm-none-eabi/lib/thumb/v7e-m/fpv4-sp/hard\libc_nano.a
LOAD c:/users/colin fleming/appdata/local/arduino15/packages/arduino/tools/arm-none-eabi-gcc/7-2017q4/bin/../lib/gcc/arm-none-eabi/7.2.1/../../../../arm-none-eabi/lib/thumb/v7e-m/fpv4-sp/hard\libnosys.a
END GROUP
START GROUP
LOAD c:/users/colin fleming/appdata/local/arduino15/packages/arduino/tools/arm-none-eabi-gcc/7-2017q4/bin/../lib/gcc/arm-none-eabi/7.2.1/thumb/v7e-m/fpv4-sp/hard\libgcc.a
LOAD c:/users/colin fleming/appdata/local/arduino15/packages/arduino/tools/arm-none-eabi-gcc/7-2017q4/bin/../lib/gcc/arm-none-eabi/7.2.1/../../../../arm-none-eabi/lib/thumb/v7e-m/fpv4-sp/hard\libc_nano.a
LOAD c:/users/colin fleming/appdata/local/arduino15/packages/arduino/tools/arm-none-eabi-gcc/7-2017q4/bin/../lib/gcc/arm-none-eabi/7.2.1/../../../../arm-none-eabi/lib/thumb/v7e-m/fpv4-sp/hard\libnosys.a
END GROUP
LOAD c:/users/colin fleming/appdata/local/arduino15/packages/arduino/tools/arm-none-eabi-gcc/7-2017q4/bin/../lib/gcc/arm-none-eabi/7.2.1/thumb/v7e-m/fpv4-sp/hard/crtend.o
LOAD c:/users/colin fleming/appdata/local/arduino15/packages/arduino/tools/arm-none-eabi-gcc/7-2017q4/bin/../lib/gcc/arm-none-eabi/7.2.1/thumb/v7e-m/fpv4-sp/hard/crtn.o

.text           0x00004000    0x14620
                0x00004000                __text_start__ = .
 *(.sketch_boot)
                0x00004000                . = ALIGN (0x4000)
 *(.isr_vector)
 .isr_vector    0x00004000      0x264 C:\Users\Colin Fleming\AppData\Local\Temp\VMBuilds\plotter\adafruit_adafruit_grandcentral_m4\Release/core.a(cortex_handlers.c.o)
                0x00004000                exception_table
 *(.text*)
 .text          0x00004264       0x40 c:/users/colin fleming/appdata/local/arduino15/packages/arduino/tools/arm-none-eabi-gcc/7-2017q4/bin/../lib/gcc/arm-none-eabi/7.2.1/thumb/v7e-m/fpv4-sp/hard/crtbegin.o
 .text._ZN11ArduinoBlueD2Ev
                0x000042a4       0x10 plotter.cpp.o
                0x000042a4                ArduinoBlue::~ArduinoBlue()
                0x000042a4                ArduinoBlue::~ArduinoBlue()
 *fill*         0x000042b4        0x4 
 .text._Z7stepDirPlS_PhPifb.part.3
                0x000042b8      0x124 plotter.cpp.o
 .text._Z6read32RN5SDLib4FileE
                0x000043dc       0x3c plotter.cpp.o
                0x000043dc                read32(SDLib::File&)
 .text._Z6readIRb
                0x00004418      0x3b0 plotter.cpp.o
                0x00004418                readIR(bool)
 .text._Z10setupServov
                0x000047c8       0xc8 plotter.cpp.o
                0x000047c8                setupServo()
 .text._Z15movePenInternalbb
                0x00004890      0x184 plotter.cpp.o
                0x00004890                movePenInternal(bool, bool)
 .text._Z11stepRoutinev
                0x00004a14      0x17c plotter.cpp.o
                0x00004a14                stepRoutine()
 .text._Z16stepAndSpeedCalcllb
                0x00004b90      0x3a0 plotter.cpp.o
                0x00004b90                stepAndSpeedCalc(long, long, bool)
 .text._Z8stepCalcllbbbb.constprop.8
                0x00004f30      0x3a4 plotter.cpp.o
 *fill*         0x000052d4        0x4 
 .text._Z7myAtan2dd
                0x000052d8      0x298 plotter.cpp.o
                0x000052d8                myAtan2(double, double)
 .text._Z8stepCalcllbbbb
                0x00005570      0x4dc plotter.cpp.o
                0x00005570                stepCalc(long, long, bool, bool, bool, bool)
 .text.startup._GLOBAL__sub_I_UniPen
                0x00005a4c       0x64 plotter.cpp.o
 .text._Z9readFloatPf
                0x00005ab0      0x178 plotter.cpp.o
                0x00005ab0                readFloat(float*)
 .text._Z18getNextPathSegmentPfS_Pbb
                0x00005c28      0x2cc plotter.cpp.o
                0x00005c28                getNextPathSegment(float*, float*, bool*, bool)
 *fill*         0x00005ef4        0x4 
 .text._Z10getSvgDataiiPfS_Pb
                0x00005ef8      0x290 plotter.cpp.o
                0x00005ef8                getSvgData(int, int, float*, float*, bool*)
 .text._Z15getDataInternaliiPfS_Pb
                0x00006188      0x168 plotter.cpp.o
                0x00006188                getDataInternal(int, int, float*, float*, bool*)
 .text.loop     0x000062f0      0x5d8 plotter.cpp.o
                0x000062f0                loop
 .text._Z7bmpDrawPcht
                0x000068c8      0x3f8 plotter.cpp.o
                0x000068c8                bmpDraw(char*, unsigned char, unsigned short)
 .text.setup    0x00006cc0      0x12c plotter.cpp.o
                0x00006cc0                setup
 .text._ZN11ArduinoBlueC2ER6Stream
                0x00006dec       0x30 ArduinoBlue\ArduinoBlue.cpp.o
                0x00006dec                ArduinoBlue::ArduinoBlue(Stream&)
                0x00006dec                ArduinoBlue::ArduinoBlue(Stream&)
 .text._ZN11ArduinoBlue21storePathTransmissionEv
                0x00006e1c      0x104 ArduinoBlue\ArduinoBlue.cpp.o
                0x00006e1c                ArduinoBlue::storePathTransmission()
 .text._ZN11ArduinoBlue14checkBluetoothEv
                0x00006f20      0x20c ArduinoBlue\ArduinoBlue.cpp.o
                0x00006f20                ArduinoBlue::checkBluetooth()
 .text._ZN11ArduinoBlue9getButtonEv
                0x0000712c       0x18 ArduinoBlue\ArduinoBlue.cpp.o
                0x0000712c                ArduinoBlue::getButton()
 .text._ZN11ArduinoBlue11getThrottleEv
                0x00007144        0xc ArduinoBlue\ArduinoBlue.cpp.o
                0x00007144                ArduinoBlue::getThrottle()
 .text._ZN11ArduinoBlue11getSteeringEv
                0x00007150        0xc ArduinoBlue\ArduinoBlue.cpp.o
                0x00007150                ArduinoBlue::getSteering()
 .text._ZN5SDLib4File17availableForWriteEv
                0x0000715c        0xc SD\File.cpp.o
                0x0000715c                SDLib::File::availableForWrite()
 .text._ZN5SDLib4File9availableEv
                0x00007168       0x18 SD\File.cpp.o
                0x00007168                SDLib::File::available()
 .text._ZN5SDLib4File5writeEPKhj
                0x00007180       0x24 SD\File.cpp.o
                0x00007180                SDLib::File::write(unsigned char const*, unsigned int)
 .text._ZN5SDLib4File4readEv
                0x000071a4       0x2c SD\File.cpp.o
                0x000071a4                SDLib::File::read()
 .text._ZN5SDLib4File4peekEv
                0x000071d0       0x40 SD\File.cpp.o
                0x000071d0                SDLib::File::peek()
 .text._ZN5SDLib4File5flushEv
                0x00007210        0xc SD\File.cpp.o
                0x00007210                SDLib::File::flush()
 .text._ZN5SDLib4File5writeEh
                0x0000721c       0x48 SD\File.cpp.o
                0x0000721c                SDLib::File::write(unsigned char)
 .text._ZN5SDLib4FileC2E6SdFilePKc
                0x00007264       0x5c SD\File.cpp.o
                0x00007264                SDLib::File::File(SdFile, char const*)
                0x00007264                SDLib::File::File(SdFile, char const*)
 .text._ZN5SDLib4FileC2Ev
                0x000072c0       0x18 SD\File.cpp.o
                0x000072c0                SDLib::File::File()
                0x000072c0                SDLib::File::File()
 .text._ZN5SDLib4File4readEPvt
                0x000072d8       0x10 SD\File.cpp.o
                0x000072d8                SDLib::File::read(void*, unsigned short)
 .text._ZN5SDLib4File4seekEm
                0x000072e8       0x14 SD\File.cpp.o
                0x000072e8                SDLib::File::seek(unsigned long)
 .text._ZN5SDLib4File8positionEv
                0x000072fc       0x10 SD\File.cpp.o
                0x000072fc                SDLib::File::position()
 .text._ZN5SDLib4File5closeEv
                0x0000730c       0x1c SD\File.cpp.o
                0x0000730c                SDLib::File::close()
 .text._ZN5SDLib4FilecvbEv
                0x00007328       0x10 SD\File.cpp.o
                0x00007328                SDLib::File::operator bool()
 .text._ZN5SDLib7SDClass5beginEh
                0x00007338       0x58 SD\SD.cpp.o
                0x00007338                SDLib::SDClass::begin(unsigned char)
 .text._ZN5SDLib7SDClass12getParentDirEPKcPi
                0x00007390       0xe8 SD\SD.cpp.o
                0x00007390                SDLib::SDClass::getParentDir(char const*, int*)
 .text._ZN5SDLib7SDClass4openEPKch
                0x00007478       0xe4 SD\SD.cpp.o
                0x00007478                SDLib::SDClass::open(char const*, unsigned char)
 .text.startup._GLOBAL__sub_I__ZN5SDLib20getNextPathComponentEPKcPjPc
                0x0000755c       0x28 SD\SD.cpp.o
 .text._ZN11SPISettingsC2Em8BitOrderh
                0x00007584       0x30 SD\utility\Sd2Card.cpp.o
                0x00007584                SPISettings::SPISettings(unsigned long, BitOrder, unsigned char)
                0x00007584                SPISettings::SPISettings(unsigned long, BitOrder, unsigned char)
 .text._ZN7Sd2Card11cardCommandEhm
                0x000075b4      0x100 SD\utility\Sd2Card.cpp.o
                0x000075b4                Sd2Card::cardCommand(unsigned char, unsigned long)
 .text._ZN7Sd2Card4initEhh
                0x000076b4      0x244 SD\utility\Sd2Card.cpp.o
                0x000076b4                Sd2Card::init(unsigned char, unsigned char)
 .text._ZN7Sd2Card9readBlockEmPh
                0x000078f8      0x124 SD\utility\Sd2Card.cpp.o
                0x000078f8                Sd2Card::readBlock(unsigned long, unsigned char*)
 .text._ZN7Sd2Card8readDataEmttPh
                0x00007a1c      0x15c SD\utility\Sd2Card.cpp.o
                0x00007a1c                Sd2Card::readData(unsigned long, unsigned short, unsigned short, unsigned char*)
 .text._ZN7Sd2Card10writeBlockEmPKhh
                0x00007b78      0x124 SD\utility\Sd2Card.cpp.o
                0x00007b78                Sd2Card::writeBlock(unsigned long, unsigned char const*, unsigned char)
 .text._ZN7Sd2Card6isBusyEv
                0x00007c9c       0x58 SD\utility\Sd2Card.cpp.o
                0x00007c9c                Sd2Card::isBusy()
 .text.startup._GLOBAL__sub_I__ZN7Sd2Card11cardCommandEhm
                0x00007cf4       0x18 SD\utility\Sd2Card.cpp.o
 .text._ZN5Print5flushEv
                0x00007d0c        0x4 SD\utility\SdFile.cpp.o
                0x00007d0c                Print::flush()
 .text._ZN6SdFile4syncEh.part.25
                0x00007d10       0x74 SD\utility\SdFile.cpp.o
 .text._ZN6SdFile5writeEh
                0x00007d84      0x204 SD\utility\SdFile.cpp.o
                0x00007d84                SdFile::write(unsigned char)
 .text._ZN6SdFile17availableForWriteEv
                0x00007f88      0x110 SD\utility\SdFile.cpp.o
                0x00007f88                SdFile::availableForWrite()
 .text._ZN6SdFile5closeEv
                0x00008098       0x74 SD\utility\SdFile.cpp.o
                0x00008098                SdFile::close()
 .text._ZN6SdFile8openRootEP8SdVolume
                0x0000810c       0x50 SD\utility\SdFile.cpp.o
                0x0000810c                SdFile::openRoot(SdVolume*)
 .text._ZN6SdFile4readEPvt
                0x0000815c      0x22c SD\utility\SdFile.cpp.o
                0x0000815c                SdFile::read(void*, unsigned short)
 .text._ZN6SdFile7seekSetEm
                0x00008388       0x5c SD\utility\SdFile.cpp.o
                0x00008388                SdFile::seekSet(unsigned long)
 .text._ZN6SdFile15openCachedEntryEhh
                0x000083e4       0xc4 SD\utility\SdFile.cpp.o
                0x000083e4                SdFile::openCachedEntry(unsigned char, unsigned char)
 .text._ZN6SdFile4openEPS_PKch.part.28
                0x000084a8      0x294 SD\utility\SdFile.cpp.o
 .text._ZN6SdFile4openEPS_PKch
                0x0000873c       0x18 SD\utility\SdFile.cpp.o
                0x0000873c                SdFile::open(SdFile*, char const*, unsigned char)
 .text._ZN6SdFile4syncEh
                0x00008754       0x78 SD\utility\SdFile.cpp.o
                0x00008754                SdFile::sync(unsigned char)
 .text._ZN6SdFile5writeEPKvt
                0x000087cc      0x400 SD\utility\SdFile.cpp.o
                0x000087cc                SdFile::write(void const*, unsigned short)
 .text._ZN8SdVolume6fatPutEmm.part.3
                0x00008bcc       0xd8 SD\utility\SdVolume.cpp.o
 .text._ZN8SdVolume15allocContiguousEmPm
                0x00008ca4      0x1b4 SD\utility\SdVolume.cpp.o
                0x00008ca4                SdVolume::allocContiguous(unsigned long, unsigned long*)
 .text._ZN8SdVolume10cacheFlushEh
                0x00008e58       0x5c SD\utility\SdVolume.cpp.o
                0x00008e58                SdVolume::cacheFlush(unsigned char)
 .text._ZN8SdVolume21cacheMirrorBlockFlushEh
                0x00008eb4       0x30 SD\utility\SdVolume.cpp.o
                0x00008eb4                SdVolume::cacheMirrorBlockFlush(unsigned char)
 .text._ZN8SdVolume13cacheRawBlockEmh
                0x00008ee4       0x8c SD\utility\SdVolume.cpp.o
                0x00008ee4                SdVolume::cacheRawBlock(unsigned long, unsigned char)
 .text._ZN8SdVolume14cacheZeroBlockEm
                0x00008f70       0x70 SD\utility\SdVolume.cpp.o
                0x00008f70                SdVolume::cacheZeroBlock(unsigned long)
 .text._ZNK8SdVolume9chainSizeEmPm
                0x00008fe0       0xf8 SD\utility\SdVolume.cpp.o
                0x00008fe0                SdVolume::chainSize(unsigned long, unsigned long*) const
 .text._ZNK8SdVolume6fatGetEmPm
                0x000090d8       0xd8 SD\utility\SdVolume.cpp.o
                0x000090d8                SdVolume::fatGet(unsigned long, unsigned long*) const
 .text._ZN8SdVolume9freeChainEm
                0x000091b0      0x16c SD\utility\SdVolume.cpp.o
                0x000091b0                SdVolume::freeChain(unsigned long)
 .text._ZN8SdVolume4initEP7Sd2Cardh
                0x0000931c      0x1fc SD\utility\SdVolume.cpp.o
                0x0000931c                SdVolume::init(Sd2Card*, unsigned char)
 .text._ZN8SPIClass5beginEv
                0x00009518       0x88 SPI\SPI.cpp.o
                0x00009518                SPIClass::begin()
 .text._ZN8SPIClass16beginTransactionE11SPISettings
                0x000095a0       0x68 SPI\SPI.cpp.o
                0x000095a0                SPIClass::beginTransaction(SPISettings)
 .text._ZN8SPIClass14endTransactionEv
                0x00009608       0x20 SPI\SPI.cpp.o
                0x00009608                SPIClass::endTransaction()
 .text._ZN8SPIClass11setBitOrderE8BitOrder
                0x00009628       0x10 SPI\SPI.cpp.o
                0x00009628                SPIClass::setBitOrder(BitOrder)
 .text._ZN8SPIClass11setDataModeEh
                0x00009638       0x30 SPI\SPI.cpp.o
                0x00009638                SPIClass::setDataMode(unsigned char)
 .text._ZN8SPIClass15setClockDividerEh
                0x00009668       0x10 SPI\SPI.cpp.o
                0x00009668                SPIClass::setClockDivider(unsigned char)
 .text._ZN8SPIClass8transferEh
                0x00009678        0x8 SPI\SPI.cpp.o
                0x00009678                SPIClass::transfer(unsigned char)
 .text.startup._GLOBAL__sub_I__ZN8SPIClassC2EP6SERCOMhhh14SercomSpiTXPad11SercomRXPad
                0x00009680       0x88 SPI\SPI.cpp.o
 .text._ZN16Adafruit_ZeroDMAC2Ev
                0x00009708       0x20 Adafruit_ZeroDMA\Adafruit_ZeroDMA.cpp.o
                0x00009708                Adafruit_ZeroDMA::Adafruit_ZeroDMA()
                0x00009708                Adafruit_ZeroDMA::Adafruit_ZeroDMA()
 .text.DMAC_0_Handler
                0x00009728       0xc4 Adafruit_ZeroDMA\Adafruit_ZeroDMA.cpp.o
                0x00009728                DMAC_4_Handler
                0x00009728                DMAC_2_Handler
                0x00009728                DMAC_1_Handler
                0x00009728                DMAC_3_Handler
                0x00009728                DMAC_0_Handler
 .text._ZN6FT6206C2Ev
                0x000097ec        0x4 Libraries_CTP-SD-Hardware-SPI_ER-TFTM032-3\FT6206.cpp.o
                0x000097ec                FT6206::FT6206()
                0x000097ec                FT6206::FT6206()
 .text._ZN6FT62065beginEh
                0x000097f0       0x34 Libraries_CTP-SD-Hardware-SPI_ER-TFTM032-3\FT6206.cpp.o
                0x000097f0                FT6206::begin(unsigned char)
 .text._ZN6FT62068readDataEPtS0_
                0x00009824       0xf8 Libraries_CTP-SD-Hardware-SPI_ER-TFTM032-3\FT6206.cpp.o
                0x00009824                FT6206::readData(unsigned short*, unsigned short*)
 .text._ZN6FT62068getPointEv
                0x0000991c       0x28 Libraries_CTP-SD-Hardware-SPI_ER-TFTM032-3\FT6206.cpp.o
                0x0000991c                FT6206::getPoint()
 .text._ZN6FT62067touchedEv
                0x00009944       0x4c Libraries_CTP-SD-Hardware-SPI_ER-TFTM032-3\FT6206.cpp.o
                0x00009944                FT6206::touched()
 .text._ZN5Print17availableForWriteEv
                0x00009990        0x4 Libraries_CTP-SD-Hardware-SPI_ER-TFTM032-3\GFX.cpp.o
                0x00009990                Print::availableForWrite()
 .text._ZN3GFX8drawLineEsssst
                0x00009994      0x114 Libraries_CTP-SD-Hardware-SPI_ER-TFTM032-3\GFX.cpp.o
                0x00009994                GFX::drawLine(short, short, short, short, unsigned short)
 .text._ZN3GFX13invertDisplayEb
                0x00009aa8        0x4 Libraries_CTP-SD-Hardware-SPI_ER-TFTM032-3\GFX.cpp.o
                0x00009aa8                GFX::invertDisplay(bool)
 .text._ZN3GFX8fillRectEsssst
                0x00009aac      0x128 Libraries_CTP-SD-Hardware-SPI_ER-TFTM032-3\GFX.cpp.o
                0x00009aac                GFX::fillRect(short, short, short, short, unsigned short)
 .text._ZN3GFX10fillScreenEt
                0x00009bd4      0x124 Libraries_CTP-SD-Hardware-SPI_ER-TFTM032-3\GFX.cpp.o
                0x00009bd4                GFX::fillScreen(unsigned short)
 .text._ZN3GFX13drawFastHLineEssst
                0x00009cf8       0x94 Libraries_CTP-SD-Hardware-SPI_ER-TFTM032-3\GFX.cpp.o
                0x00009cf8                GFX::drawFastHLine(short, short, short, unsigned short)
 .text._ZN3GFX13drawFastVLineEssst
                0x00009d8c       0xd4 Libraries_CTP-SD-Hardware-SPI_ER-TFTM032-3\GFX.cpp.o
                0x00009d8c                GFX::drawFastVLine(short, short, short, unsigned short)
 .text._ZN3GFX8drawRectEsssst
                0x00009e60      0x370 Libraries_CTP-SD-Hardware-SPI_ER-TFTM032-3\GFX.cpp.o
                0x00009e60                GFX::drawRect(short, short, short, short, unsigned short)
 .text._ZN3GFXC2Ess
                0x0000a1d0       0x30 Libraries_CTP-SD-Hardware-SPI_ER-TFTM032-3\GFX.cpp.o
                0x0000a1d0                GFX::GFX(short, short)
                0x0000a1d0                GFX::GFX(short, short)
 .text._ZN3GFX8drawCharEsshtth
                0x0000a200      0x360 Libraries_CTP-SD-Hardware-SPI_ER-TFTM032-3\GFX.cpp.o
                0x0000a200                GFX::drawChar(short, short, unsigned char, unsigned short, unsigned short, unsigned char)
 .text._ZN3GFX5writeEh
                0x0000a560       0x74 Libraries_CTP-SD-Hardware-SPI_ER-TFTM032-3\GFX.cpp.o
                0x0000a560                GFX::write(unsigned char)
 .text._ZNK3GFX5widthEv
                0x0000a5d4        0x8 Libraries_CTP-SD-Hardware-SPI_ER-TFTM032-3\GFX.cpp.o
                0x0000a5d4                GFX::width() const
 .text._ZNK3GFX6heightEv
                0x0000a5dc        0x8 Libraries_CTP-SD-Hardware-SPI_ER-TFTM032-3\GFX.cpp.o
                0x0000a5dc                GFX::height() const
 .text._ZN7ILI934110fillScreenEt
                0x0000a5e4       0x20 Libraries_CTP-SD-Hardware-SPI_ER-TFTM032-3\ILI9341.cpp.o
                0x0000a5e4                ILI9341::fillScreen(unsigned short)
 .text._ZN7ILI934113invertDisplayEb
                0x0000a604      0x188 Libraries_CTP-SD-Hardware-SPI_ER-TFTM032-3\ILI9341.cpp.o
                0x0000a604                ILI9341::invertDisplay(bool)
 .text._ZN7ILI9341C2Eaaa
                0x0000a78c       0x30 Libraries_CTP-SD-Hardware-SPI_ER-TFTM032-3\ILI9341.cpp.o
                0x0000a78c                ILI9341::ILI9341(signed char, signed char, signed char)
                0x0000a78c                ILI9341::ILI9341(signed char, signed char, signed char)
 .text._ZN7ILI934112writecommandEh
                0x0000a7bc      0x17c Libraries_CTP-SD-Hardware-SPI_ER-TFTM032-3\ILI9341.cpp.o
                0x0000a7bc                ILI9341::writecommand(unsigned char)
 .text._ZN7ILI93419writedataEh
                0x0000a938      0x17c Libraries_CTP-SD-Hardware-SPI_ER-TFTM032-3\ILI9341.cpp.o
                0x0000a938                ILI9341::writedata(unsigned char)
 .text._ZN7ILI93415beginEv
                0x0000aab4      0x46c Libraries_CTP-SD-Hardware-SPI_ER-TFTM032-3\ILI9341.cpp.o
                0x0000aab4                ILI9341::begin()
 .text._ZN7ILI934113setAddrWindowEtttt
                0x0000af20      0xfd0 Libraries_CTP-SD-Hardware-SPI_ER-TFTM032-3\ILI9341.cpp.o
                0x0000af20                ILI9341::setAddrWindow(unsigned short, unsigned short, unsigned short, unsigned short)
 .text._ZN7ILI93419drawPixelEsst
                0x0000bef0      0x350 Libraries_CTP-SD-Hardware-SPI_ER-TFTM032-3\ILI9341.cpp.o
                0x0000bef0                ILI9341::drawPixel(short, short, unsigned short)
 .text._ZN7ILI934113drawFastVLineEssst
                0x0000c240      0x454 Libraries_CTP-SD-Hardware-SPI_ER-TFTM032-3\ILI9341.cpp.o
                0x0000c240                ILI9341::drawFastVLine(short, short, short, unsigned short)
 .text._ZN7ILI934113drawFastHLineEssst
                0x0000c694      0x454 Libraries_CTP-SD-Hardware-SPI_ER-TFTM032-3\ILI9341.cpp.o
                0x0000c694                ILI9341::drawFastHLine(short, short, short, unsigned short)
 .text._ZN7ILI93418fillRectEsssst
                0x0000cae8      0x4a0 Libraries_CTP-SD-Hardware-SPI_ER-TFTM032-3\ILI9341.cpp.o
                0x0000cae8                ILI9341::fillRect(short, short, short, short, unsigned short)
 .text._ZN7ILI93419pushColorEt
                0x0000cf88      0x320 Libraries_CTP-SD-Hardware-SPI_ER-TFTM032-3\ILI9341.cpp.o
                0x0000cf88                ILI9341::pushColor(unsigned short)
 .text._ZN7ILI93418color565Ehhh
                0x0000d2a8       0x18 Libraries_CTP-SD-Hardware-SPI_ER-TFTM032-3\ILI9341.cpp.o
                0x0000d2a8                ILI9341::color565(unsigned char, unsigned char, unsigned char)
 .text._ZN7ILI934111setRotationEh
                0x0000d2c0      0x1d0 Libraries_CTP-SD-Hardware-SPI_ER-TFTM032-3\ILI9341.cpp.o
                0x0000d2c0                ILI9341::setRotation(unsigned char)
 .text._ZN7TwoWire9availableEv
                0x0000d490       0x14 Wire\Wire.cpp.o
                0x0000d490                TwoWire::available()
 .text._ZN7TwoWire4readEv
                0x0000d4a4       0x2c Wire\Wire.cpp.o
                0x0000d4a4                TwoWire::read()
 .text._ZN7TwoWire4peekEv
                0x0000d4d0       0x1c Wire\Wire.cpp.o
                0x0000d4d0                TwoWire::peek()
 .text._ZN7TwoWire5flushEv
                0x0000d4ec        0x4 Wire\Wire.cpp.o
                0x0000d4ec                TwoWire::flush()
 .text._ZN7TwoWire5writeEh
                0x0000d4f0       0x48 Wire\Wire.cpp.o
                0x0000d4f0                TwoWire::write(unsigned char)
 .text._ZN7TwoWire5writeEPKhj
                0x0000d538       0x74 Wire\Wire.cpp.o
                0x0000d538                TwoWire::write(unsigned char const*, unsigned int)
 .text._ZN7TwoWireC2EP6SERCOMhh
                0x0000d5ac       0x5c Wire\Wire.cpp.o
                0x0000d5ac                TwoWire::TwoWire(SERCOM*, unsigned char, unsigned char)
                0x0000d5ac                TwoWire::TwoWire(SERCOM*, unsigned char, unsigned char)
 .text._ZN7TwoWire5beginEv
                0x0000d608       0x44 Wire\Wire.cpp.o
                0x0000d608                TwoWire::begin()
 .text._ZN7TwoWire11requestFromEhj
                0x0000d64c       0xa0 Wire\Wire.cpp.o
                0x0000d64c                TwoWire::requestFrom(unsigned char, unsigned int)
 .text._ZN7TwoWire17beginTransmissionEh
                0x0000d6ec       0x14 Wire\Wire.cpp.o
                0x0000d6ec                TwoWire::beginTransmission(unsigned char)
 .text._ZN7TwoWire15endTransmissionEv
                0x0000d700       0x84 Wire\Wire.cpp.o
                0x0000d700                TwoWire::endTransmission()
 .text.SERCOM3_0_Handler
                0x0000d784      0x144 Wire\Wire.cpp.o
                0x0000d784                SERCOM3_0_Handler
 .text.SERCOM3_1_Handler
                0x0000d8c8      0x144 Wire\Wire.cpp.o
                0x0000d8c8                SERCOM3_1_Handler
 .text.SERCOM3_2_Handler
                0x0000da0c      0x144 Wire\Wire.cpp.o
                0x0000da0c                SERCOM3_2_Handler
 .text.SERCOM3_3_Handler
                0x0000db50      0x144 Wire\Wire.cpp.o
                0x0000db50                SERCOM3_3_Handler
 .text.SERCOM6_0_Handler
                0x0000dc94      0x144 Wire\Wire.cpp.o
                0x0000dc94                SERCOM6_0_Handler
 .text.SERCOM6_1_Handler
                0x0000ddd8      0x144 Wire\Wire.cpp.o
                0x0000ddd8                SERCOM6_1_Handler
 .text.SERCOM6_2_Handler
                0x0000df1c      0x144 Wire\Wire.cpp.o
                0x0000df1c                SERCOM6_2_Handler
 .text.SERCOM6_3_Handler
                0x0000e060      0x144 Wire\Wire.cpp.o
                0x0000e060                SERCOM6_3_Handler
 .text.startup._GLOBAL__sub_I__ZN7TwoWireC2EP6SERCOMhh
                0x0000e1a4       0x30 Wire\Wire.cpp.o
 .text.TC0_Handler
                0x0000e1d4      0x124 Servo\samd\Servo.cpp.o
                0x0000e1d4                TC0_Handler
 .text._ZN5ServoC2Ev
                0x0000e2f8       0x4c Servo\samd\Servo.cpp.o
                0x0000e2f8                Servo::Servo()
                0x0000e2f8                Servo::Servo()
 .text._ZN5Servo6attachEi
                0x0000e344      0x1b4 Servo\samd\Servo.cpp.o
                0x0000e344                Servo::attach(int)
 .text._ZN5Servo5writeEi
                0x0000e4f8       0x88 Servo\samd\Servo.cpp.o
                0x0000e4f8                Servo::write(int)
 .text.SERCOM0_0_Handler
                0x0000e580        0xc C:\Users\Colin Fleming\AppData\Local\Temp\VMBCore\arduino16x\4fa0d4deb74a46d069c80fc94ff8b2ca\variant\variant.cpp.o
                0x0000e580                SERCOM0_0_Handler
 .text.SERCOM0_1_Handler
                0x0000e58c        0xc C:\Users\Colin Fleming\AppData\Local\Temp\VMBCore\arduino16x\4fa0d4deb74a46d069c80fc94ff8b2ca\variant\variant.cpp.o
                0x0000e58c                SERCOM0_1_Handler
 .text.SERCOM0_2_Handler
                0x0000e598        0xc C:\Users\Colin Fleming\AppData\Local\Temp\VMBCore\arduino16x\4fa0d4deb74a46d069c80fc94ff8b2ca\variant\variant.cpp.o
                0x0000e598                SERCOM0_2_Handler
 .text.SERCOM0_3_Handler
                0x0000e5a4        0xc C:\Users\Colin Fleming\AppData\Local\Temp\VMBCore\arduino16x\4fa0d4deb74a46d069c80fc94ff8b2ca\variant\variant.cpp.o
                0x0000e5a4                SERCOM0_3_Handler
 .text.startup._GLOBAL__sub_I_g_APinDescription
                0x0000e5b0       0x9c C:\Users\Colin Fleming\AppData\Local\Temp\VMBCore\arduino16x\4fa0d4deb74a46d069c80fc94ff8b2ca\variant\variant.cpp.o
 .text.Dummy_Handler
                0x0000e64c        0x4 C:\Users\Colin Fleming\AppData\Local\Temp\VMBuilds\plotter\adafruit_adafruit_grandcentral_m4\Release/core.a(cortex_handlers.c.o)
                0x0000e64c                EIC_5_Handler
                0x0000e64c                DebugMon_Handler
                0x0000e64c                EIC_13_Handler
                0x0000e64c                EVSYS_0_Handler
                0x0000e64c                TCC1_3_Handler
                0x0000e64c                DAC_3_Handler
                0x0000e64c                TRNG_Handler
                0x0000e64c                HardFault_Handler
                0x0000e64c                PDEC_2_Handler
                0x0000e64c                EIC_4_Handler
                0x0000e64c                AC_Handler
                0x0000e64c                TCC2_3_Handler
                0x0000e64c                PendSV_Handler
                0x0000e64c                NMI_Handler
                0x0000e64c                TC7_Handler
                0x0000e64c                ADC1_1_Handler
                0x0000e64c                EVSYS_3_Handler
                0x0000e64c                PDEC_0_Handler
                0x0000e64c                QSPI_Handler
                0x0000e64c                TCC0_0_Handler
                0x0000e64c                EIC_3_Handler
                0x0000e64c                TAL_0_Handler
                0x0000e64c                DAC_2_Handler
                0x0000e64c                RTC_Handler
                0x0000e64c                UsageFault_Handler
                0x0000e64c                SERCOM4_0_Handler
                0x0000e64c                EIC_10_Handler
                0x0000e64c                EIC_11_Handler
                0x0000e64c                EIC_9_Handler
                0x0000e64c                OSC32KCTRL_Handler
                0x0000e64c                TCC2_1_Handler
                0x0000e64c                SUPC_1_Handler
                0x0000e64c                TCC0_5_Handler
                0x0000e64c                TCC0_6_Handler
                0x0000e64c                EVSYS_1_Handler
                0x0000e64c                TCC1_4_Handler
                0x0000e64c                TC6_Handler
                0x0000e64c                WDT_Handler
                0x0000e64c                EIC_8_Handler
                0x0000e64c                EIC_15_Handler
                0x0000e64c                SERCOM5_0_Handler
                0x0000e64c                TC4_Handler
                0x0000e64c                TC1_Handler
                0x0000e64c                OSCCTRL_4_Handler
                0x0000e64c                SERCOM4_3_Handler
                0x0000e64c                EIC_12_Handler
                0x0000e64c                TCC4_2_Handler
                0x0000e64c                PAC_Handler
                0x0000e64c                TCC1_0_Handler
                0x0000e64c                OSCCTRL_0_Handler
                0x0000e64c                EIC_0_Handler
                0x0000e64c                OSCCTRL_3_Handler
                0x0000e64c                SERCOM4_1_Handler
                0x0000e64c                TC3_Handler
                0x0000e64c                Dummy_Handler
                0x0000e64c                TCC3_0_Handler
                0x0000e64c                TCC2_2_Handler
                0x0000e64c                SERCOM5_1_Handler
                0x0000e64c                TCC1_1_Handler
                0x0000e64c                ADC0_0_Handler
                0x0000e64c                OSCCTRL_2_Handler
                0x0000e64c                ADC1_0_Handler
                0x0000e64c                TCC1_2_Handler
                0x0000e64c                SERCOM7_1_Handler
                0x0000e64c                PM_Handler
                0x0000e64c                SERCOM2_3_Handler
                0x0000e64c                DAC_4_Handler
                0x0000e64c                TCC3_2_Handler
                0x0000e64c                SERCOM7_0_Handler
                0x0000e64c                TCC0_2_Handler
                0x0000e64c                TCC4_0_Handler
                0x0000e64c                SERCOM7_3_Handler
                0x0000e64c                SDHC1_Handler
                0x0000e64c                SERCOM7_2_Handler
                0x0000e64c                TCC2_0_Handler
                0x0000e64c                PDEC_1_Handler
                0x0000e64c                MemManage_Handler
                0x0000e64c                TCC4_1_Handler
                0x0000e64c                SERCOM5_3_Handler
                0x0000e64c                SVC_Handler
                0x0000e64c                SDHC0_Handler
                0x0000e64c                SERCOM1_1_Handler
                0x0000e64c                I2S_Handler
                0x0000e64c                EIC_2_Handler
                0x0000e64c                PCC_Handler
                0x0000e64c                DAC_0_Handler
                0x0000e64c                TCC0_1_Handler
                0x0000e64c                SERCOM1_3_Handler
                0x0000e64c                EIC_6_Handler
                0x0000e64c                OSCCTRL_1_Handler
                0x0000e64c                SERCOM1_0_Handler
                0x0000e64c                PUKCC_Handler
                0x0000e64c                SERCOM2_1_Handler
                0x0000e64c                SERCOM1_2_Handler
                0x0000e64c                EIC_1_Handler
                0x0000e64c                SERCOM4_2_Handler
                0x0000e64c                EVSYS_4_Handler
                0x0000e64c                EIC_7_Handler
                0x0000e64c                NVMCTRL_1_Handler
                0x0000e64c                SERCOM5_2_Handler
                0x0000e64c                ADC0_1_Handler
                0x0000e64c                SERCOM2_2_Handler
                0x0000e64c                TCC3_1_Handler
                0x0000e64c                EIC_14_Handler
                0x0000e64c                DAC_1_Handler
                0x0000e64c                NVMCTRL_0_Handler
                0x0000e64c                TAL_1_Handler
                0x0000e64c                MCLK_Handler
                0x0000e64c                EVSYS_2_Handler
                0x0000e64c                SUPC_0_Handler
                0x0000e64c                BusFault_Handler
                0x0000e64c                FREQM_Handler
                0x0000e64c                TCC0_3_Handler
                0x0000e64c                TCC0_4_Handler
                0x0000e64c                RAMECC_Handler
                0x0000e64c                TC5_Handler
                0x0000e64c                SERCOM2_0_Handler
                0x0000e64c                AES_Handler
                0x0000e64c                ICM_Handler
 .text.USB_0_Handler
                0x0000e650       0x10 C:\Users\Colin Fleming\AppData\Local\Temp\VMBuilds\plotter\adafruit_adafruit_grandcentral_m4\Release/core.a(cortex_handlers.c.o)
                0x0000e650                USB_0_Handler
 .text.Reset_Handler
                0x0000e660       0x7c C:\Users\Colin Fleming\AppData\Local\Temp\VMBuilds\plotter\adafruit_adafruit_grandcentral_m4\Release/core.a(cortex_handlers.c.o)
                0x0000e660                Reset_Handler
 .text.SysTick_Handler
                0x0000e6dc       0x14 C:\Users\Colin Fleming\AppData\Local\Temp\VMBuilds\plotter\adafruit_adafruit_grandcentral_m4\Release/core.a(cortex_handlers.c.o)
                0x0000e6dc                SysTick_Handler
 .text.USB_3_Handler
                0x0000e6f0       0x10 C:\Users\Colin Fleming\AppData\Local\Temp\VMBuilds\plotter\adafruit_adafruit_grandcentral_m4\Release/core.a(cortex_handlers.c.o)
                0x0000e6f0                USB_3_Handler
 .text.USB_1_Handler
                0x0000e700       0x10 C:\Users\Colin Fleming\AppData\Local\Temp\VMBuilds\plotter\adafruit_adafruit_grandcentral_m4\Release/core.a(cortex_handlers.c.o)
                0x0000e700                USB_1_Handler
 .text.USB_2_Handler
                0x0000e710       0x10 C:\Users\Colin Fleming\AppData\Local\Temp\VMBuilds\plotter\adafruit_adafruit_grandcentral_m4\Release/core.a(cortex_handlers.c.o)
                0x0000e710                USB_2_Handler
 .text.USB_SetHandler
                0x0000e720        0xc C:\Users\Colin Fleming\AppData\Local\Temp\VMBuilds\plotter\adafruit_adafruit_grandcentral_m4\Release/core.a(cortex_handlers.c.o)
                0x0000e720                USB_SetHandler
 .text.millis   0x0000e72c        0xc C:\Users\Colin Fleming\AppData\Local\Temp\VMBuilds\plotter\adafruit_adafruit_grandcentral_m4\Release/core.a(delay.c.o)
                0x0000e72c                millis
 .text.micros   0x0000e738       0x60 C:\Users\Colin Fleming\AppData\Local\Temp\VMBuilds\plotter\adafruit_adafruit_grandcentral_m4\Release/core.a(delay.c.o)
                0x0000e738                micros
 .text.delayMicroseconds
                0x0000e798       0x1c C:\Users\Colin Fleming\AppData\Local\Temp\VMBuilds\plotter\adafruit_adafruit_grandcentral_m4\Release/core.a(delay.c.o)
                0x0000e798                delayMicroseconds
 .text.delay    0x0000e7b4       0xcc C:\Users\Colin Fleming\AppData\Local\Temp\VMBuilds\plotter\adafruit_adafruit_grandcentral_m4\Release/core.a(delay.c.o)
                0x0000e7b4                delay
 .text.SysTick_DefaultHandler
                0x0000e880       0x10 C:\Users\Colin Fleming\AppData\Local\Temp\VMBuilds\plotter\adafruit_adafruit_grandcentral_m4\Release/core.a(delay.c.o)
                0x0000e880                SysTick_DefaultHandler
 .text.__empty  0x0000e890        0x4 C:\Users\Colin Fleming\AppData\Local\Temp\VMBuilds\plotter\adafruit_adafruit_grandcentral_m4\Release/core.a(hooks.c.o)
                0x0000e890                yield
 .text.__false  0x0000e894        0x4 C:\Users\Colin Fleming\AppData\Local\Temp\VMBuilds\plotter\adafruit_adafruit_grandcentral_m4\Release/core.a(hooks.c.o)
                0x0000e894                sysTickHook
 .text.SystemInit
                0x0000e898      0x208 C:\Users\Colin Fleming\AppData\Local\Temp\VMBuilds\plotter\adafruit_adafruit_grandcentral_m4\Release/core.a(startup.c.o)
                0x0000e898                SystemInit
 .text.init     0x0000eaa0      0x120 C:\Users\Colin Fleming\AppData\Local\Temp\VMBuilds\plotter\adafruit_adafruit_grandcentral_m4\Release/core.a(wiring.c.o)
                0x0000eaa0                init
 .text.analogReference
                0x0000ebc0       0xf4 C:\Users\Colin Fleming\AppData\Local\Temp\VMBuilds\plotter\adafruit_adafruit_grandcentral_m4\Release/core.a(wiring_analog.c.o)
                0x0000ebc0                analogReference
 .text.pinMode  0x0000ecb4       0x98 C:\Users\Colin Fleming\AppData\Local\Temp\VMBuilds\plotter\adafruit_adafruit_grandcentral_m4\Release/core.a(wiring_digital.c.o)
                0x0000ecb4                pinMode
 .text.digitalWrite
                0x0000ed4c       0x5c C:\Users\Colin Fleming\AppData\Local\Temp\VMBuilds\plotter\adafruit_adafruit_grandcentral_m4\Release/core.a(wiring_digital.c.o)
                0x0000ed4c                digitalWrite
 .text.pinPeripheral
                0x0000eda8       0xdc C:\Users\Colin Fleming\AppData\Local\Temp\VMBuilds\plotter\adafruit_adafruit_grandcentral_m4\Release/core.a(wiring_private.c.o)
                0x0000eda8                pinPeripheral
 .text.__cxa_pure_virtual
                0x0000ee84        0x4 C:\Users\Colin Fleming\AppData\Local\Temp\VMBuilds\plotter\adafruit_adafruit_grandcentral_m4\Release/core.a(abi.cpp.o)
                0x0000ee84                __cxa_pure_virtual
 .text._Z11initVariantv
                0x0000ee88        0x4 C:\Users\Colin Fleming\AppData\Local\Temp\VMBuilds\plotter\adafruit_adafruit_grandcentral_m4\Release/core.a(main.cpp.o)
                0x0000ee88                initVariant()
 .text.startup.main
                0x0000ee8c       0x48 C:\Users\Colin Fleming\AppData\Local\Temp\VMBuilds\plotter\adafruit_adafruit_grandcentral_m4\Release/core.a(main.cpp.o)
                0x0000ee8c                main
 .text._Znwj    0x0000eed4        0x4 C:\Users\Colin Fleming\AppData\Local\Temp\VMBuilds\plotter\adafruit_adafruit_grandcentral_m4\Release/core.a(new.cpp.o)
                0x0000eed4                operator new(unsigned int)
 .text._Znaj    0x0000eed8        0x4 C:\Users\Colin Fleming\AppData\Local\Temp\VMBuilds\plotter\adafruit_adafruit_grandcentral_m4\Release/core.a(new.cpp.o)
                0x0000eed8                operator new[](unsigned int)
 .text._ZdlPv   0x0000eedc        0x4 C:\Users\Colin Fleming\AppData\Local\Temp\VMBuilds\plotter\adafruit_adafruit_grandcentral_m4\Release/core.a(new.cpp.o)
                0x0000eedc                operator delete(void*)
 .text._ZdaPv   0x0000eee0        0x4 C:\Users\Colin Fleming\AppData\Local\Temp\VMBuilds\plotter\adafruit_adafruit_grandcentral_m4\Release/core.a(new.cpp.o)
                0x0000eee0                operator delete[](void*)
 .text._ZN5Print5writeEPKhj
                0x0000eee4       0x2c C:\Users\Colin Fleming\AppData\Local\Temp\VMBuilds\plotter\adafruit_adafruit_grandcentral_m4\Release/core.a(Print.cpp.o)
                0x0000eee4                Print::write(unsigned char const*, unsigned int)
 .text._ZN5Print5printEPK19__FlashStringHelper
                0x0000ef10       0x24 C:\Users\Colin Fleming\AppData\Local\Temp\VMBuilds\plotter\adafruit_adafruit_grandcentral_m4\Release/core.a(Print.cpp.o)
                0x0000ef10                Print::print(__FlashStringHelper const*)
 .text._ZN5Print5printEPKc
                0x0000ef34       0x24 C:\Users\Colin Fleming\AppData\Local\Temp\VMBuilds\plotter\adafruit_adafruit_grandcentral_m4\Release/core.a(Print.cpp.o)
                0x0000ef34                Print::print(char const*)
 .text._ZN5Print5printEc
                0x0000ef58        0x8 C:\Users\Colin Fleming\AppData\Local\Temp\VMBuilds\plotter\adafruit_adafruit_grandcentral_m4\Release/core.a(Print.cpp.o)
                0x0000ef58                Print::print(char)
 .text._ZN5Print5printEii
                0x0000ef60       0xdc C:\Users\Colin Fleming\AppData\Local\Temp\VMBuilds\plotter\adafruit_adafruit_grandcentral_m4\Release/core.a(Print.cpp.o)
                0x0000ef60                Print::print(int, int)
 .text._ZN5Print5printEmi
                0x0000f03c       0x5c C:\Users\Colin Fleming\AppData\Local\Temp\VMBuilds\plotter\adafruit_adafruit_grandcentral_m4\Release/core.a(Print.cpp.o)
                0x0000f03c                Print::print(unsigned long, int)
 .text._ZN5Print7printlnEPK19__FlashStringHelper
                0x0000f098       0x30 C:\Users\Colin Fleming\AppData\Local\Temp\VMBuilds\plotter\adafruit_adafruit_grandcentral_m4\Release/core.a(Print.cpp.o)
                0x0000f098                Print::println(__FlashStringHelper const*)
 .text._ZN5Print7printlnEv
                0x0000f0c8       0x10 C:\Users\Colin Fleming\AppData\Local\Temp\VMBuilds\plotter\adafruit_adafruit_grandcentral_m4\Release/core.a(Print.cpp.o)
                0x0000f0c8                Print::println()
 .text._ZN5Print7printlnEPKc
                0x0000f0d8       0x30 C:\Users\Colin Fleming\AppData\Local\Temp\VMBuilds\plotter\adafruit_adafruit_grandcentral_m4\Release/core.a(Print.cpp.o)
                0x0000f0d8                Print::println(char const*)
 .text._ZN5Print7printlnEc
                0x0000f108       0x20 C:\Users\Colin Fleming\AppData\Local\Temp\VMBuilds\plotter\adafruit_adafruit_grandcentral_m4\Release/core.a(Print.cpp.o)
                0x0000f108                Print::println(char)
 .text._ZN5Print7printlnEhi
                0x0000f128       0x74 C:\Users\Colin Fleming\AppData\Local\Temp\VMBuilds\plotter\adafruit_adafruit_grandcentral_m4\Release/core.a(Print.cpp.o)
                0x0000f128                Print::println(unsigned char, int)
 .text._ZN5Print7printlnEii
                0x0000f19c       0xf0 C:\Users\Colin Fleming\AppData\Local\Temp\VMBuilds\plotter\adafruit_adafruit_grandcentral_m4\Release/core.a(Print.cpp.o)
                0x0000f19c                Print::println(int, int)
 .text._ZN5Print7printlnEli
                0x0000f28c       0xf0 C:\Users\Colin Fleming\AppData\Local\Temp\VMBuilds\plotter\adafruit_adafruit_grandcentral_m4\Release/core.a(Print.cpp.o)
                0x0000f28c                Print::println(long, int)
 .text._ZN5Print7printlnEmi
                0x0000f37c       0x70 C:\Users\Colin Fleming\AppData\Local\Temp\VMBuilds\plotter\adafruit_adafruit_grandcentral_m4\Release/core.a(Print.cpp.o)
                0x0000f37c                Print::println(unsigned long, int)
 .text._ZN5Print10printFloatEdh
                0x0000f3ec      0x234 C:\Users\Colin Fleming\AppData\Local\Temp\VMBuilds\plotter\adafruit_adafruit_grandcentral_m4\Release/core.a(Print.cpp.o)
                0x0000f3ec                Print::printFloat(double, unsigned char)
 .text._ZN5Print7printlnEdi
                0x0000f620       0x20 C:\Users\Colin Fleming\AppData\Local\Temp\VMBuilds\plotter\adafruit_adafruit_grandcentral_m4\Release/core.a(Print.cpp.o)
                0x0000f620                Print::println(double, int)
 .text.initiateReset
                0x0000f640        0xc C:\Users\Colin Fleming\AppData\Local\Temp\VMBuilds\plotter\adafruit_adafruit_grandcentral_m4\Release/core.a(Reset.cpp.o)
                0x0000f640                initiateReset
 .text.cancelReset
                0x0000f64c       0x10 C:\Users\Colin Fleming\AppData\Local\Temp\VMBuilds\plotter\adafruit_adafruit_grandcentral_m4\Release/core.a(Reset.cpp.o)
                0x0000f64c                cancelReset
 .text.tickReset
                0x0000f65c       0x48 C:\Users\Colin Fleming\AppData\Local\Temp\VMBuilds\plotter\adafruit_adafruit_grandcentral_m4\Release/core.a(Reset.cpp.o)
                0x0000f65c                tickReset
 .text._ZN6SERCOMC2EP6Sercom
                0x0000f6a4        0x8 C:\Users\Colin Fleming\AppData\Local\Temp\VMBuilds\plotter\adafruit_adafruit_grandcentral_m4\Release/core.a(SERCOM.cpp.o)
                0x0000f6a4                SERCOM::SERCOM(Sercom*)
                0x0000f6a4                SERCOM::SERCOM(Sercom*)
 .text._ZN6SERCOM9initFrameE18SercomUartCharSize15SercomDataOrder16SercomParityMode19SercomNumberStopBit
                0x0000f6ac       0x3c C:\Users\Colin Fleming\AppData\Local\Temp\VMBuilds\plotter\adafruit_adafruit_grandcentral_m4\Release/core.a(SERCOM.cpp.o)
                0x0000f6ac                SERCOM::initFrame(SercomUartCharSize, SercomDataOrder, SercomParityMode, SercomNumberStopBit)
 .text._ZN6SERCOM8initPadsE15SercomUartTXPad11SercomRXPad
                0x0000f6e8       0x28 C:\Users\Colin Fleming\AppData\Local\Temp\VMBuilds\plotter\adafruit_adafruit_grandcentral_m4\Release/core.a(SERCOM.cpp.o)
                0x0000f6e8                SERCOM::initPads(SercomUartTXPad, SercomRXPad)
 .text._ZN6SERCOM9resetUARTEv
                0x0000f710       0x1c C:\Users\Colin Fleming\AppData\Local\Temp\VMBuilds\plotter\adafruit_adafruit_grandcentral_m4\Release/core.a(SERCOM.cpp.o)
                0x0000f710                SERCOM::resetUART()
 .text._ZN6SERCOM10enableUARTEv
                0x0000f72c       0x14 C:\Users\Colin Fleming\AppData\Local\Temp\VMBuilds\plotter\adafruit_adafruit_grandcentral_m4\Release/core.a(SERCOM.cpp.o)
                0x0000f72c                SERCOM::enableUART()
 .text._ZN6SERCOM9flushUARTEv
                0x0000f740       0x10 C:\Users\Colin Fleming\AppData\Local\Temp\VMBuilds\plotter\adafruit_adafruit_grandcentral_m4\Release/core.a(SERCOM.cpp.o)
                0x0000f740                SERCOM::flushUART()
 .text._ZN6SERCOM15clearStatusUARTEv
                0x0000f750        0x8 C:\Users\Colin Fleming\AppData\Local\Temp\VMBuilds\plotter\adafruit_adafruit_grandcentral_m4\Release/core.a(SERCOM.cpp.o)
                0x0000f750                SERCOM::clearStatusUART()
 .text._ZN6SERCOM17availableDataUARTEv
                0x0000f758        0xc C:\Users\Colin Fleming\AppData\Local\Temp\VMBuilds\plotter\adafruit_adafruit_grandcentral_m4\Release/core.a(SERCOM.cpp.o)
                0x0000f758                SERCOM::availableDataUART()
 .text._ZN6SERCOM11isUARTErrorEv
                0x0000f764        0x8 C:\Users\Colin Fleming\AppData\Local\Temp\VMBuilds\plotter\adafruit_adafruit_grandcentral_m4\Release/core.a(SERCOM.cpp.o)
                0x0000f764                SERCOM::isUARTError()
 .text._ZN6SERCOM20acknowledgeUARTErrorEv
                0x0000f76c        0xc C:\Users\Colin Fleming\AppData\Local\Temp\VMBuilds\plotter\adafruit_adafruit_grandcentral_m4\Release/core.a(SERCOM.cpp.o)
                0x0000f76c                SERCOM::acknowledgeUARTError()
 .text._ZN6SERCOM16isFrameErrorUARTEv
                0x0000f778        0xc C:\Users\Colin Fleming\AppData\Local\Temp\VMBuilds\plotter\adafruit_adafruit_grandcentral_m4\Release/core.a(SERCOM.cpp.o)
                0x0000f778                SERCOM::isFrameErrorUART()
 .text._ZN6SERCOM19clearFrameErrorUARTEv
                0x0000f784        0xc C:\Users\Colin Fleming\AppData\Local\Temp\VMBuilds\plotter\adafruit_adafruit_grandcentral_m4\Release/core.a(SERCOM.cpp.o)
                0x0000f784                SERCOM::clearFrameErrorUART()
 .text._ZN6SERCOM23isDataRegisterEmptyUARTEv
                0x0000f790        0xc C:\Users\Colin Fleming\AppData\Local\Temp\VMBuilds\plotter\adafruit_adafruit_grandcentral_m4\Release/core.a(SERCOM.cpp.o)
                0x0000f790                SERCOM::isDataRegisterEmptyUART()
 .text._ZN6SERCOM12readDataUARTEv
                0x0000f79c        0x8 C:\Users\Colin Fleming\AppData\Local\Temp\VMBuilds\plotter\adafruit_adafruit_grandcentral_m4\Release/core.a(SERCOM.cpp.o)
                0x0000f79c                SERCOM::readDataUART()
 .text._ZN6SERCOM13writeDataUARTEh
                0x0000f7a4       0x10 C:\Users\Colin Fleming\AppData\Local\Temp\VMBuilds\plotter\adafruit_adafruit_grandcentral_m4\Release/core.a(SERCOM.cpp.o)
                0x0000f7a4                SERCOM::writeDataUART(unsigned char)
 .text._ZN6SERCOM36enableDataRegisterEmptyInterruptUARTEv
                0x0000f7b4        0x8 C:\Users\Colin Fleming\AppData\Local\Temp\VMBuilds\plotter\adafruit_adafruit_grandcentral_m4\Release/core.a(SERCOM.cpp.o)
                0x0000f7b4                SERCOM::enableDataRegisterEmptyInterruptUART()
 .text._ZN6SERCOM37disableDataRegisterEmptyInterruptUARTEv
                0x0000f7bc        0x8 C:\Users\Colin Fleming\AppData\Local\Temp\VMBuilds\plotter\adafruit_adafruit_grandcentral_m4\Release/core.a(SERCOM.cpp.o)
                0x0000f7bc                SERCOM::disableDataRegisterEmptyInterruptUART()
 .text._ZN6SERCOM12initSPIClockE18SercomSpiClockModem
                0x0000f7c4       0x30 C:\Users\Colin Fleming\AppData\Local\Temp\VMBuilds\plotter\adafruit_adafruit_grandcentral_m4\Release/core.a(SERCOM.cpp.o)
                0x0000f7c4                SERCOM::initSPIClock(SercomSpiClockMode, unsigned long)
 .text._ZN6SERCOM9enableSPIEv
                0x0000f7f4       0x14 C:\Users\Colin Fleming\AppData\Local\Temp\VMBuilds\plotter\adafruit_adafruit_grandcentral_m4\Release/core.a(SERCOM.cpp.o)
                0x0000f7f4                SERCOM::enableSPI()
 .text._ZN6SERCOM10disableSPIEv
                0x0000f808       0x18 C:\Users\Colin Fleming\AppData\Local\Temp\VMBuilds\plotter\adafruit_adafruit_grandcentral_m4\Release/core.a(SERCOM.cpp.o)
                0x0000f808                SERCOM::disableSPI()
 .text._ZN6SERCOM15setDataOrderSPIE15SercomDataOrder
                0x0000f820       0x38 C:\Users\Colin Fleming\AppData\Local\Temp\VMBuilds\plotter\adafruit_adafruit_grandcentral_m4\Release/core.a(SERCOM.cpp.o)
                0x0000f820                SERCOM::setDataOrderSPI(SercomDataOrder)
 .text._ZN6SERCOM14setBaudrateSPIEh
                0x0000f858       0x48 C:\Users\Colin Fleming\AppData\Local\Temp\VMBuilds\plotter\adafruit_adafruit_grandcentral_m4\Release/core.a(SERCOM.cpp.o)
                0x0000f858                SERCOM::setBaudrateSPI(unsigned char)
 .text._ZN6SERCOM15setClockModeSPIE18SercomSpiClockMode
                0x0000f8a0       0x48 C:\Users\Colin Fleming\AppData\Local\Temp\VMBuilds\plotter\adafruit_adafruit_grandcentral_m4\Release/core.a(SERCOM.cpp.o)
                0x0000f8a0                SERCOM::setClockModeSPI(SercomSpiClockMode)
 .text._ZN6SERCOM15transferDataSPIEh
                0x0000f8e8       0x14 C:\Users\Colin Fleming\AppData\Local\Temp\VMBuilds\plotter\adafruit_adafruit_grandcentral_m4\Release/core.a(SERCOM.cpp.o)
                0x0000f8e8                SERCOM::transferDataSPI(unsigned char)
 .text._ZN6SERCOM10enableWIREEv
                0x0000f8fc       0x28 C:\Users\Colin Fleming\AppData\Local\Temp\VMBuilds\plotter\adafruit_adafruit_grandcentral_m4\Release/core.a(SERCOM.cpp.o)
                0x0000f8fc                SERCOM::enableWIRE()
 .text._ZN6SERCOM18prepareNackBitWIREEv
                0x0000f924       0x10 C:\Users\Colin Fleming\AppData\Local\Temp\VMBuilds\plotter\adafruit_adafruit_grandcentral_m4\Release/core.a(SERCOM.cpp.o)
                0x0000f924                SERCOM::prepareNackBitWIRE()
 .text._ZN6SERCOM17prepareAckBitWIREEv
                0x0000f934       0x10 C:\Users\Colin Fleming\AppData\Local\Temp\VMBuilds\plotter\adafruit_adafruit_grandcentral_m4\Release/core.a(SERCOM.cpp.o)
                0x0000f934                SERCOM::prepareAckBitWIRE()
 .text._ZN6SERCOM22prepareCommandBitsWireEh
                0x0000f944       0x24 C:\Users\Colin Fleming\AppData\Local\Temp\VMBuilds\plotter\adafruit_adafruit_grandcentral_m4\Release/core.a(SERCOM.cpp.o)
                0x0000f944                SERCOM::prepareCommandBitsWire(unsigned char)
 .text._ZN6SERCOM21startTransmissionWIREEh23SercomWireReadWriteFlag
                0x0000f968       0x64 C:\Users\Colin Fleming\AppData\Local\Temp\VMBuilds\plotter\adafruit_adafruit_grandcentral_m4\Release/core.a(SERCOM.cpp.o)
                0x0000f968                SERCOM::startTransmissionWIRE(unsigned char, SercomWireReadWriteFlag)
 .text._ZN6SERCOM18sendDataMasterWIREEh
                0x0000f9cc       0x24 C:\Users\Colin Fleming\AppData\Local\Temp\VMBuilds\plotter\adafruit_adafruit_grandcentral_m4\Release/core.a(SERCOM.cpp.o)
                0x0000f9cc                SERCOM::sendDataMasterWIRE(unsigned char)
 .text._ZN6SERCOM17sendDataSlaveWIREEh
                0x0000f9f0       0x1c C:\Users\Colin Fleming\AppData\Local\Temp\VMBuilds\plotter\adafruit_adafruit_grandcentral_m4\Release/core.a(SERCOM.cpp.o)
                0x0000f9f0                SERCOM::sendDataSlaveWIRE(unsigned char)
 .text._ZN6SERCOM11isSlaveWIREEv
                0x0000fa0c       0x14 C:\Users\Colin Fleming\AppData\Local\Temp\VMBuilds\plotter\adafruit_adafruit_grandcentral_m4\Release/core.a(SERCOM.cpp.o)
                0x0000fa0c                SERCOM::isSlaveWIRE()
 .text._ZN6SERCOM15isDataReadyWIREEv
                0x0000fa20        0xc C:\Users\Colin Fleming\AppData\Local\Temp\VMBuilds\plotter\adafruit_adafruit_grandcentral_m4\Release/core.a(SERCOM.cpp.o)
                0x0000fa20                SERCOM::isDataReadyWIRE()
 .text._ZN6SERCOM18isStopDetectedWIREEv
                0x0000fa2c        0xc C:\Users\Colin Fleming\AppData\Local\Temp\VMBuilds\plotter\adafruit_adafruit_grandcentral_m4\Release/core.a(SERCOM.cpp.o)
                0x0000fa2c                SERCOM::isStopDetectedWIRE()
 .text._ZN6SERCOM21isRestartDetectedWIREEv
                0x0000fa38        0xc C:\Users\Colin Fleming\AppData\Local\Temp\VMBuilds\plotter\adafruit_adafruit_grandcentral_m4\Release/core.a(SERCOM.cpp.o)
                0x0000fa38                SERCOM::isRestartDetectedWIRE()
 .text._ZN6SERCOM14isAddressMatchEv
                0x0000fa44        0xc C:\Users\Colin Fleming\AppData\Local\Temp\VMBuilds\plotter\adafruit_adafruit_grandcentral_m4\Release/core.a(SERCOM.cpp.o)
                0x0000fa44                SERCOM::isAddressMatch()
 .text._ZN6SERCOM25isMasterReadOperationWIREEv
                0x0000fa50        0xc C:\Users\Colin Fleming\AppData\Local\Temp\VMBuilds\plotter\adafruit_adafruit_grandcentral_m4\Release/core.a(SERCOM.cpp.o)
                0x0000fa50                SERCOM::isMasterReadOperationWIRE()
 .text._ZN6SERCOM12readDataWIREEv
                0x0000fa5c       0x20 C:\Users\Colin Fleming\AppData\Local\Temp\VMBuilds\plotter\adafruit_adafruit_grandcentral_m4\Release/core.a(SERCOM.cpp.o)
                0x0000fa5c                SERCOM::readDataWIRE()
 .text._ZN6SERCOM13initClockNVICEv
                0x0000fa7c      0x2a0 C:\Users\Colin Fleming\AppData\Local\Temp\VMBuilds\plotter\adafruit_adafruit_grandcentral_m4\Release/core.a(SERCOM.cpp.o)
                0x0000fa7c                SERCOM::initClockNVIC()
 .text._ZN6SERCOM8initUARTE14SercomUartMode20SercomUartSampleRatem
                0x0000fd1c       0x70 C:\Users\Colin Fleming\AppData\Local\Temp\VMBuilds\plotter\adafruit_adafruit_grandcentral_m4\Release/core.a(SERCOM.cpp.o)
                0x0000fd1c                SERCOM::initUART(SercomUartMode, SercomUartSampleRate, unsigned long)
 .text._ZN6SERCOM7initSPIE14SercomSpiTXPad11SercomRXPad17SercomSpiCharSize15SercomDataOrder
                0x0000fd8c       0x64 C:\Users\Colin Fleming\AppData\Local\Temp\VMBuilds\plotter\adafruit_adafruit_grandcentral_m4\Release/core.a(SERCOM.cpp.o)
                0x0000fd8c                SERCOM::initSPI(SercomSpiTXPad, SercomRXPad, SercomSpiCharSize, SercomDataOrder)
 .text._ZN6SERCOM14initMasterWIREEm
                0x0000fdf0       0x44 C:\Users\Colin Fleming\AppData\Local\Temp\VMBuilds\plotter\adafruit_adafruit_grandcentral_m4\Release/core.a(SERCOM.cpp.o)
                0x0000fdf0                SERCOM::initMasterWIRE(unsigned long)
 .text._ZN4UartcvbEv
                0x0000fe34        0x4 C:\Users\Colin Fleming\AppData\Local\Temp\VMBuilds\plotter\adafruit_adafruit_grandcentral_m4\Release/core.a(Uart.cpp.o)
                0x0000fe34                Uart::operator bool()
 .text._ZN4Uart9availableEv
                0x0000fe38       0x14 C:\Users\Colin Fleming\AppData\Local\Temp\VMBuilds\plotter\adafruit_adafruit_grandcentral_m4\Release/core.a(Uart.cpp.o)
                0x0000fe38                Uart::available()
 .text._ZN4Uart4peekEv
                0x0000fe4c       0x1c C:\Users\Colin Fleming\AppData\Local\Temp\VMBuilds\plotter\adafruit_adafruit_grandcentral_m4\Release/core.a(Uart.cpp.o)
                0x0000fe4c                Uart::peek()
 .text._ZN4Uart5beginEmt
                0x0000fe68      0x114 C:\Users\Colin Fleming\AppData\Local\Temp\VMBuilds\plotter\adafruit_adafruit_grandcentral_m4\Release/core.a(Uart.cpp.o)
                0x0000fe68                Uart::begin(unsigned long, unsigned short)
 .text._ZN4Uart3endEv
                0x0000ff7c       0x20 C:\Users\Colin Fleming\AppData\Local\Temp\VMBuilds\plotter\adafruit_adafruit_grandcentral_m4\Release/core.a(Uart.cpp.o)
                0x0000ff7c                Uart::end()
 .text._ZN4Uart5flushEv
                0x0000ff9c       0x20 C:\Users\Colin Fleming\AppData\Local\Temp\VMBuilds\plotter\adafruit_adafruit_grandcentral_m4\Release/core.a(Uart.cpp.o)
                0x0000ff9c                Uart::flush()
 .text._ZN4Uart17availableForWriteEv
                0x0000ffbc       0x2c C:\Users\Colin Fleming\AppData\Local\Temp\VMBuilds\plotter\adafruit_adafruit_grandcentral_m4\Release/core.a(Uart.cpp.o)
                0x0000ffbc                Uart::availableForWrite()
 .text._ZN4Uart4readEv
                0x0000ffe8       0x68 C:\Users\Colin Fleming\AppData\Local\Temp\VMBuilds\plotter\adafruit_adafruit_grandcentral_m4\Release/core.a(Uart.cpp.o)
                0x0000ffe8                Uart::read()
 .text._ZN4Uart5beginEm
                0x00010050       0xe4 C:\Users\Colin Fleming\AppData\Local\Temp\VMBuilds\plotter\adafruit_adafruit_grandcentral_m4\Release/core.a(Uart.cpp.o)
                0x00010050                Uart::begin(unsigned long)
 .text._ZN4UartC2EP6SERCOMhh11SercomRXPad15SercomUartTXPad
                0x00010134       0x74 C:\Users\Colin Fleming\AppData\Local\Temp\VMBuilds\plotter\adafruit_adafruit_grandcentral_m4\Release/core.a(Uart.cpp.o)
                0x00010134                Uart::Uart(SERCOM*, unsigned char, unsigned char, SercomRXPad, SercomUartTXPad)
                0x00010134                Uart::Uart(SERCOM*, unsigned char, unsigned char, SercomRXPad, SercomUartTXPad)
 .text._ZN4Uart10IrqHandlerEv
                0x000101a8       0xf0 C:\Users\Colin Fleming\AppData\Local\Temp\VMBuilds\plotter\adafruit_adafruit_grandcentral_m4\Release/core.a(Uart.cpp.o)
                0x000101a8                Uart::IrqHandler()
 .text._ZN4Uart5writeEh
                0x00010298       0xb4 C:\Users\Colin Fleming\AppData\Local\Temp\VMBuilds\plotter\adafruit_adafruit_grandcentral_m4\Release/core.a(Uart.cpp.o)
                0x00010298                Uart::write(unsigned char)
 .text._Z3maplllll
                0x0001034c       0x1c C:\Users\Colin Fleming\AppData\Local\Temp\VMBuilds\plotter\adafruit_adafruit_grandcentral_m4\Release/core.a(WMath.cpp.o)
                0x0001034c                map(long, long, long, long, long)
 .text._ZN6StringC2EPKc
                0x00010368       0x4c C:\Users\Colin Fleming\AppData\Local\Temp\VMBuilds\plotter\adafruit_adafruit_grandcentral_m4\Release/core.a(WString.cpp.o)
                0x00010368                String::String(char const*)
                0x00010368                String::String(char const*)
 .text._ZN6StringD2Ev
                0x000103b4       0x10 C:\Users\Colin Fleming\AppData\Local\Temp\VMBuilds\plotter\adafruit_adafruit_grandcentral_m4\Release/core.a(WString.cpp.o)
                0x000103b4                String::~String()
                0x000103b4                String::~String()
 .text._ZN6StringaSEOS_
                0x000103c4       0x44 C:\Users\Colin Fleming\AppData\Local\Temp\VMBuilds\plotter\adafruit_adafruit_grandcentral_m4\Release/core.a(WString.cpp.o)
                0x000103c4                String::operator=(String&&)
 .text._ZN6String6concatEc
                0x00010408       0x44 C:\Users\Colin Fleming\AppData\Local\Temp\VMBuilds\plotter\adafruit_adafruit_grandcentral_m4\Release/core.a(WString.cpp.o)
                0x00010408                String::concat(char)
 .text._ZN7Serial_17availableForWriteEv
                0x0001044c        0x4 C:\Users\Colin Fleming\AppData\Local\Temp\VMBuilds\plotter\adafruit_adafruit_grandcentral_m4\Release/core.a(CDC.cpp.o)
                0x0001044c                Serial_::availableForWrite()
 .text._ZN7Serial_9availableEv
                0x00010450        0x8 C:\Users\Colin Fleming\AppData\Local\Temp\VMBuilds\plotter\adafruit_adafruit_grandcentral_m4\Release/core.a(CDC.cpp.o)
                0x00010450                Serial_::available()
 .text._ZN7Serial_5flushEv
                0x00010458        0x8 C:\Users\Colin Fleming\AppData\Local\Temp\VMBuilds\plotter\adafruit_adafruit_grandcentral_m4\Release/core.a(CDC.cpp.o)
                0x00010458                Serial_::flush()
 .text._ZN7Serial_5writeEPKhj
                0x00010460       0x28 C:\Users\Colin Fleming\AppData\Local\Temp\VMBuilds\plotter\adafruit_adafruit_grandcentral_m4\Release/core.a(CDC.cpp.o)
                0x00010460                Serial_::write(unsigned char const*, unsigned int)
 .text._ZN7Serial_4readEv
                0x00010488       0x20 C:\Users\Colin Fleming\AppData\Local\Temp\VMBuilds\plotter\adafruit_adafruit_grandcentral_m4\Release/core.a(CDC.cpp.o)
                0x00010488                Serial_::read()
 .text._ZN7Serial_4peekEv
                0x000104a8       0x38 C:\Users\Colin Fleming\AppData\Local\Temp\VMBuilds\plotter\adafruit_adafruit_grandcentral_m4\Release/core.a(CDC.cpp.o)
                0x000104a8                Serial_::peek()
 .text._ZN7Serial_5writeEh
                0x000104e0       0x50 C:\Users\Colin Fleming\AppData\Local\Temp\VMBuilds\plotter\adafruit_adafruit_grandcentral_m4\Release/core.a(CDC.cpp.o)
                0x000104e0                Serial_::write(unsigned char)
 .text._Z16CDC_GetInterfacePh
                0x00010530       0x20 C:\Users\Colin Fleming\AppData\Local\Temp\VMBuilds\plotter\adafruit_adafruit_grandcentral_m4\Release/core.a(CDC.cpp.o)
                0x00010530                CDC_GetInterface(unsigned char*)
 .text._Z9CDC_SetupR8USBSetup
                0x00010550       0x7c C:\Users\Colin Fleming\AppData\Local\Temp\VMBuilds\plotter\adafruit_adafruit_grandcentral_m4\Release/core.a(CDC.cpp.o)
                0x00010550                CDC_Setup(USBSetup&)
 .text._ZN7Serial_5beginEm
                0x000105cc        0x4 C:\Users\Colin Fleming\AppData\Local\Temp\VMBuilds\plotter\adafruit_adafruit_grandcentral_m4\Release/core.a(CDC.cpp.o)
                0x000105cc                Serial_::begin(unsigned long)
 .text.startup._GLOBAL__sub_I__Z17_CDC_GetInterfacev
                0x000105d0       0x24 C:\Users\Colin Fleming\AppData\Local\Temp\VMBuilds\plotter\adafruit_adafruit_grandcentral_m4\Release/core.a(CDC.cpp.o)
 .text._ZN26DoubleBufferedEPOutHandler4initEv
                0x000105f4        0x4 C:\Users\Colin Fleming\AppData\Local\Temp\VMBuilds\plotter\adafruit_adafruit_grandcentral_m4\Release/core.a(USBCore.cpp.o)
                0x000105f4                DoubleBufferedEPOutHandler::init()
 .text._ZN26DoubleBufferedEPOutHandler4recvEPvm
                0x000105f8      0x148 C:\Users\Colin Fleming\AppData\Local\Temp\VMBuilds\plotter\adafruit_adafruit_grandcentral_m4\Release/core.a(USBCore.cpp.o)
                0x000105f8                DoubleBufferedEPOutHandler::recv(void*, unsigned long)
 .text._ZN26DoubleBufferedEPOutHandlerD2Ev
                0x00010740       0x14 C:\Users\Colin Fleming\AppData\Local\Temp\VMBuilds\plotter\adafruit_adafruit_grandcentral_m4\Release/core.a(USBCore.cpp.o)
                0x00010740                DoubleBufferedEPOutHandler::~DoubleBufferedEPOutHandler()
                0x00010740                DoubleBufferedEPOutHandler::~DoubleBufferedEPOutHandler()
 .text._ZN26DoubleBufferedEPOutHandlerD0Ev
                0x00010754       0x1c C:\Users\Colin Fleming\AppData\Local\Temp\VMBuilds\plotter\adafruit_adafruit_grandcentral_m4\Release/core.a(USBCore.cpp.o)
                0x00010754                DoubleBufferedEPOutHandler::~DoubleBufferedEPOutHandler()
 .text._ZNK26DoubleBufferedEPOutHandler9availableEv
                0x00010770       0x44 C:\Users\Colin Fleming\AppData\Local\Temp\VMBuilds\plotter\adafruit_adafruit_grandcentral_m4\Release/core.a(USBCore.cpp.o)
                0x00010770                DoubleBufferedEPOutHandler::available() const
 .text._ZN26DoubleBufferedEPOutHandler14handleEndpointEv
                0x000107b4       0xf0 C:\Users\Colin Fleming\AppData\Local\Temp\VMBuilds\plotter\adafruit_adafruit_grandcentral_m4\Release/core.a(USBCore.cpp.o)
                0x000107b4                DoubleBufferedEPOutHandler::handleEndpoint()
 .text._ZN14USBDeviceClass20sendStringDescriptorEPKhh
                0x000108a4      0x124 C:\Users\Colin Fleming\AppData\Local\Temp\VMBuilds\plotter\adafruit_adafruit_grandcentral_m4\Release/core.a(USBCore.cpp.o)
                0x000108a4                USBDeviceClass::sendStringDescriptor(unsigned char const*, unsigned char)
 .text._ZN14USBDeviceClass17sendConfigurationEm
                0x000109c8      0x16c C:\Users\Colin Fleming\AppData\Local\Temp\VMBuilds\plotter\adafruit_adafruit_grandcentral_m4\Release/core.a(USBCore.cpp.o)
                0x000109c8                USBDeviceClass::sendConfiguration(unsigned long)
 .text._ZN14USBDeviceClass14sendDescriptorER8USBSetup
                0x00010b34      0x470 C:\Users\Colin Fleming\AppData\Local\Temp\VMBuilds\plotter\adafruit_adafruit_grandcentral_m4\Release/core.a(USBCore.cpp.o)
                0x00010b34                USBDeviceClass::sendDescriptor(USBSetup&)
 .text._ZN14USBDeviceClass4initEv
                0x00010fa4      0x124 C:\Users\Colin Fleming\AppData\Local\Temp\VMBuilds\plotter\adafruit_adafruit_grandcentral_m4\Release/core.a(USBCore.cpp.o)
                0x00010fa4                USBDeviceClass::init()
 .text._ZN14USBDeviceClass6attachEv
                0x000110c8       0x38 C:\Users\Colin Fleming\AppData\Local\Temp\VMBuilds\plotter\adafruit_adafruit_grandcentral_m4\Release/core.a(USBCore.cpp.o)
                0x000110c8                USBDeviceClass::attach()
 .text._ZN14USBDeviceClass5flushEm
                0x00011100       0x9c C:\Users\Colin Fleming\AppData\Local\Temp\VMBuilds\plotter\adafruit_adafruit_grandcentral_m4\Release/core.a(USBCore.cpp.o)
                0x00011100                USBDeviceClass::flush(unsigned long)
 .text._ZN14USBDeviceClass11recvControlEPvm
                0x0001119c       0xc0 C:\Users\Colin Fleming\AppData\Local\Temp\VMBuilds\plotter\adafruit_adafruit_grandcentral_m4\Release/core.a(USBCore.cpp.o)
                0x0001119c                USBDeviceClass::recvControl(void*, unsigned long)
 .text._ZN14USBDeviceClass9availableEm
                0x0001125c       0x74 C:\Users\Colin Fleming\AppData\Local\Temp\VMBuilds\plotter\adafruit_adafruit_grandcentral_m4\Release/core.a(USBCore.cpp.o)
                0x0001125c                USBDeviceClass::available(unsigned long)
 .text._ZN14USBDeviceClass4recvEm
                0x000112d0      0x250 C:\Users\Colin Fleming\AppData\Local\Temp\VMBuilds\plotter\adafruit_adafruit_grandcentral_m4\Release/core.a(USBCore.cpp.o)
                0x000112d0                USBDeviceClass::recv(unsigned long)
 .text._ZN14USBDeviceClass4sendEmPKvm
                0x00011520      0x134 C:\Users\Colin Fleming\AppData\Local\Temp\VMBuilds\plotter\adafruit_adafruit_grandcentral_m4\Release/core.a(USBCore.cpp.o)
                0x00011520                USBDeviceClass::send(unsigned long, void const*, unsigned long)
 .text._ZN14USBDeviceClass11sendControlEPKvm
                0x00011654       0x64 C:\Users\Colin Fleming\AppData\Local\Temp\VMBuilds\plotter\adafruit_adafruit_grandcentral_m4\Release/core.a(USBCore.cpp.o)
                0x00011654                USBDeviceClass::sendControl(void const*, unsigned long)
 .text._ZN14USBDeviceClass19handleStandardSetupER8USBSetup
                0x000116b8      0x3b4 C:\Users\Colin Fleming\AppData\Local\Temp\VMBuilds\plotter\adafruit_adafruit_grandcentral_m4\Release/core.a(USBCore.cpp.o)
                0x000116b8                USBDeviceClass::handleStandardSetup(USBSetup&)
 .text._ZN14USBDeviceClass10ISRHandlerEv.part.10
                0x00011a6c      0x310 C:\Users\Colin Fleming\AppData\Local\Temp\VMBuilds\plotter\adafruit_adafruit_grandcentral_m4\Release/core.a(USBCore.cpp.o)
 .text.UDD_Handler
                0x00011d7c       0x18 C:\Users\Colin Fleming\AppData\Local\Temp\VMBuilds\plotter\adafruit_adafruit_grandcentral_m4\Release/core.a(USBCore.cpp.o)
                0x00011d7c                UDD_Handler
 .text.startup._GLOBAL__sub_I_usbd
                0x00011d94       0x10 C:\Users\Colin Fleming\AppData\Local\Temp\VMBuilds\plotter\adafruit_adafruit_grandcentral_m4\Release/core.a(USBCore.cpp.o)
 .text._ZN13PluggableUSB_12getInterfaceEPh
                0x00011da4       0x2c C:\Users\Colin Fleming\AppData\Local\Temp\VMBuilds\plotter\adafruit_adafruit_grandcentral_m4\Release/core.a(PluggableUSB.cpp.o)
                0x00011da4                PluggableUSB_::getInterface(unsigned char*)
 .text._ZN13PluggableUSB_13getDescriptorER8USBSetup
                0x00011dd0       0x24 C:\Users\Colin Fleming\AppData\Local\Temp\VMBuilds\plotter\adafruit_adafruit_grandcentral_m4\Release/core.a(PluggableUSB.cpp.o)
                0x00011dd0                PluggableUSB_::getDescriptor(USBSetup&)
 .text._ZN13PluggableUSB_5setupER8USBSetup
                0x00011df4       0x24 C:\Users\Colin Fleming\AppData\Local\Temp\VMBuilds\plotter\adafruit_adafruit_grandcentral_m4\Release/core.a(PluggableUSB.cpp.o)
                0x00011df4                PluggableUSB_::setup(USBSetup&)
 .text._Z12PluggableUSBv
                0x00011e18       0x30 C:\Users\Colin Fleming\AppData\Local\Temp\VMBuilds\plotter\adafruit_adafruit_grandcentral_m4\Release/core.a(PluggableUSB.cpp.o)
                0x00011e18                PluggableUSB()
 .text._ZN20USBDevice_SAMD21G18x5resetEv
                0x00011e48       0x30 C:\Users\Colin Fleming\AppData\Local\Temp\VMBuilds\plotter\adafruit_adafruit_grandcentral_m4\Release/core.a(SAMD21_USBDevice.cpp.o)
                0x00011e48                USBDevice_SAMD21G18x::reset()
 .text._ZN20USBDevice_SAMD21G18x9calibrateEv
                0x00011e78       0x4c C:\Users\Colin Fleming\AppData\Local\Temp\VMBuilds\plotter\adafruit_adafruit_grandcentral_m4\Release/core.a(SAMD21_USBDevice.cpp.o)
                0x00011e78                USBDevice_SAMD21G18x::calibrate()
 .text.__aeabi_atexit
                0x00011ec4        0xa c:/users/colin fleming/appdata/local/arduino15/packages/arduino/tools/arm-none-eabi-gcc/7-2017q4/bin/../lib/gcc/arm-none-eabi/7.2.1/../../../../arm-none-eabi/lib/thumb/v7e-m/fpv4-sp/hard\libstdc++_nano.a(atexit_arm.o)
                0x00011ec4                __aeabi_atexit
 *fill*         0x00011ece        0x2 
 .text.cos      0x00011ed0       0xc0 c:/users/colin fleming/appdata/local/arduino15/packages/arduino/tools/arm-none-eabi-gcc/7-2017q4/bin/../lib/gcc/arm-none-eabi/7.2.1/../../../../arm-none-eabi/lib/thumb/v7e-m/fpv4-sp/hard\libm.a(lib_a-s_cos.o)
                0x00011ed0                cos
 .text.cosf     0x00011f90       0x90 c:/users/colin fleming/appdata/local/arduino15/packages/arduino/tools/arm-none-eabi-gcc/7-2017q4/bin/../lib/gcc/arm-none-eabi/7.2.1/../../../../arm-none-eabi/lib/thumb/v7e-m/fpv4-sp/hard\libm.a(lib_a-sf_cos.o)
                0x00011f90                cosf
 .text.sinf     0x00012020       0x94 c:/users/colin fleming/appdata/local/arduino15/packages/arduino/tools/arm-none-eabi-gcc/7-2017q4/bin/../lib/gcc/arm-none-eabi/7.2.1/../../../../arm-none-eabi/lib/thumb/v7e-m/fpv4-sp/hard\libm.a(lib_a-sf_sin.o)
                0x00012020                sinf
 .text.acosf    0x000120b4       0xb4 c:/users/colin fleming/appdata/local/arduino15/packages/arduino/tools/arm-none-eabi-gcc/7-2017q4/bin/../lib/gcc/arm-none-eabi/7.2.1/../../../../arm-none-eabi/lib/thumb/v7e-m/fpv4-sp/hard\libm.a(lib_a-wf_acos.o)
                0x000120b4                acosf
 .text.sqrtf    0x00012168       0xac c:/users/colin fleming/appdata/local/arduino15/packages/arduino/tools/arm-none-eabi-gcc/7-2017q4/bin/../lib/gcc/arm-none-eabi/7.2.1/../../../../arm-none-eabi/lib/thumb/v7e-m/fpv4-sp/hard\libm.a(lib_a-wf_sqrt.o)
                0x00012168                sqrtf
 *fill*         0x00012214        0x4 
 .text.__ieee754_rem_pio2
                0x00012218      0x454 c:/users/colin fleming/appdata/local/arduino15/packages/arduino/tools/arm-none-eabi-gcc/7-2017q4/bin/../lib/gcc/arm-none-eabi/7.2.1/../../../../arm-none-eabi/lib/thumb/v7e-m/fpv4-sp/hard\libm.a(lib_a-e_rem_pio2.o)
                0x00012218                __ieee754_rem_pio2
 .text.__ieee754_acosf
                0x0001266c      0x23c c:/users/colin fleming/appdata/local/arduino15/packages/arduino/tools/arm-none-eabi-gcc/7-2017q4/bin/../lib/gcc/arm-none-eabi/7.2.1/../../../../arm-none-eabi/lib/thumb/v7e-m/fpv4-sp/hard\libm.a(lib_a-ef_acos.o)
                0x0001266c                __ieee754_acosf
 .text.__ieee754_rem_pio2f
                0x000128a8      0x298 c:/users/colin fleming/appdata/local/arduino15/packages/arduino/tools/arm-none-eabi-gcc/7-2017q4/bin/../lib/gcc/arm-none-eabi/7.2.1/../../../../arm-none-eabi/lib/thumb/v7e-m/fpv4-sp/hard\libm.a(lib_a-ef_rem_pio2.o)
                0x000128a8                __ieee754_rem_pio2f
 .text.__ieee754_sqrtf
                0x00012b40        0x8 c:/users/colin fleming/appdata/local/arduino15/packages/arduino/tools/arm-none-eabi-gcc/7-2017q4/bin/../lib/gcc/arm-none-eabi/7.2.1/../../../../arm-none-eabi/lib/thumb/v7e-m/fpv4-sp/hard\libm.a(lib_a-ef_sqrt.o)
                0x00012b40                __ieee754_sqrtf
 .text.__kernel_cos
                0x00012b48      0x284 c:/users/colin fleming/appdata/local/arduino15/packages/arduino/tools/arm-none-eabi-gcc/7-2017q4/bin/../lib/gcc/arm-none-eabi/7.2.1/../../../../arm-none-eabi/lib/thumb/v7e-m/fpv4-sp/hard\libm.a(lib_a-k_cos.o)
                0x00012b48                __kernel_cos
 *fill*         0x00012dcc        0x4 
 .text.__kernel_rem_pio2
                0x00012dd0      0x818 c:/users/colin fleming/appdata/local/arduino15/packages/arduino/tools/arm-none-eabi-gcc/7-2017q4/bin/../lib/gcc/arm-none-eabi/7.2.1/../../../../arm-none-eabi/lib/thumb/v7e-m/fpv4-sp/hard\libm.a(lib_a-k_rem_pio2.o)
                0x00012dd0                __kernel_rem_pio2
 .text.__kernel_sin
                0x000135e8      0x194 c:/users/colin fleming/appdata/local/arduino15/packages/arduino/tools/arm-none-eabi-gcc/7-2017q4/bin/../lib/gcc/arm-none-eabi/7.2.1/../../../../arm-none-eabi/lib/thumb/v7e-m/fpv4-sp/hard\libm.a(lib_a-k_sin.o)
                0x000135e8                __kernel_sin
 .text.__kernel_cosf
                0x0001377c      0x104 c:/users/colin fleming/appdata/local/arduino15/packages/arduino/tools/arm-none-eabi-gcc/7-2017q4/bin/../lib/gcc/arm-none-eabi/7.2.1/../../../../arm-none-eabi/lib/thumb/v7e-m/fpv4-sp/hard\libm.a(lib_a-kf_cos.o)
                0x0001377c                __kernel_cosf
 .text.__kernel_rem_pio2f
                0x00013880      0x650 c:/users/colin fleming/appdata/local/arduino15/packages/arduino/tools/arm-none-eabi-gcc/7-2017q4/bin/../lib/gcc/arm-none-eabi/7.2.1/../../../../arm-none-eabi/lib/thumb/v7e-m/fpv4-sp/hard\libm.a(lib_a-kf_rem_pio2.o)
                0x00013880                __kernel_rem_pio2f
 .text.__kernel_sinf
                0x00013ed0       0x90 c:/users/colin fleming/appdata/local/arduino15/packages/arduino/tools/arm-none-eabi-gcc/7-2017q4/bin/../lib/gcc/arm-none-eabi/7.2.1/../../../../arm-none-eabi/lib/thumb/v7e-m/fpv4-sp/hard\libm.a(lib_a-kf_sin.o)
                0x00013ed0                __kernel_sinf
 .text.fabs     0x00013f60       0x14 c:/users/colin fleming/appdata/local/arduino15/packages/arduino/tools/arm-none-eabi-gcc/7-2017q4/bin/../lib/gcc/arm-none-eabi/7.2.1/../../../../arm-none-eabi/lib/thumb/v7e-m/fpv4-sp/hard\libm.a(lib_a-s_fabs.o)
                0x00013f60                fabs
 *fill*         0x00013f74        0x4 
 .text.floor    0x00013f78      0x110 c:/users/colin fleming/appdata/local/arduino15/packages/arduino/tools/arm-none-eabi-gcc/7-2017q4/bin/../lib/gcc/arm-none-eabi/7.2.1/../../../../arm-none-eabi/lib/thumb/v7e-m/fpv4-sp/hard\libm.a(lib_a-s_floor.o)
                0x00013f78                floor
 .text.matherr  0x00014088        0x4 c:/users/colin fleming/appdata/local/arduino15/packages/arduino/tools/arm-none-eabi-gcc/7-2017q4/bin/../lib/gcc/arm-none-eabi/7.2.1/../../../../arm-none-eabi/lib/thumb/v7e-m/fpv4-sp/hard\libm.a(lib_a-s_matherr.o)
                0x00014088                matherr
 *fill*         0x0001408c        0x4 
 .text.nan      0x00014090       0x10 c:/users/colin fleming/appdata/local/arduino15/packages/arduino/tools/arm-none-eabi-gcc/7-2017q4/bin/../lib/gcc/arm-none-eabi/7.2.1/../../../../arm-none-eabi/lib/thumb/v7e-m/fpv4-sp/hard\libm.a(lib_a-s_nan.o)
                0x00014090                nan
 .text.scalbn   0x000140a0      0x114 c:/users/colin fleming/appdata/local/arduino15/packages/arduino/tools/arm-none-eabi-gcc/7-2017q4/bin/../lib/gcc/arm-none-eabi/7.2.1/../../../../arm-none-eabi/lib/thumb/v7e-m/fpv4-sp/hard\libm.a(lib_a-s_scalbn.o)
                0x000140a0                scalbn
 .text.fabsf    0x000141b4       0x10 c:/users/colin fleming/appdata/local/arduino15/packages/arduino/tools/arm-none-eabi-gcc/7-2017q4/bin/../lib/gcc/arm-none-eabi/7.2.1/../../../../arm-none-eabi/lib/thumb/v7e-m/fpv4-sp/hard\libm.a(lib_a-sf_fabs.o)
                0x000141b4                fabsf
 .text.floorf   0x000141c4       0x8c c:/users/colin fleming/appdata/local/arduino15/packages/arduino/tools/arm-none-eabi-gcc/7-2017q4/bin/../lib/gcc/arm-none-eabi/7.2.1/../../../../arm-none-eabi/lib/thumb/v7e-m/fpv4-sp/hard\libm.a(lib_a-sf_floor.o)
                0x000141c4                floorf
 .text.scalbnf  0x00014250       0xd0 c:/users/colin fleming/appdata/local/arduino15/packages/arduino/tools/arm-none-eabi-gcc/7-2017q4/bin/../lib/gcc/arm-none-eabi/7.2.1/../../../../arm-none-eabi/lib/thumb/v7e-m/fpv4-sp/hard\libm.a(lib_a-sf_scalbn.o)
                0x00014250                scalbnf
 .text.copysign
                0x00014320       0x1c c:/users/colin fleming/appdata/local/arduino15/packages/arduino/tools/arm-none-eabi-gcc/7-2017q4/bin/../lib/gcc/arm-none-eabi/7.2.1/../../../../arm-none-eabi/lib/thumb/v7e-m/fpv4-sp/hard\libm.a(lib_a-s_copysign.o)
                0x00014320                copysign
 .text.copysignf
                0x0001433c       0x18 c:/users/colin fleming/appdata/local/arduino15/packages/arduino/tools/arm-none-eabi-gcc/7-2017q4/bin/../lib/gcc/arm-none-eabi/7.2.1/../../../../arm-none-eabi/lib/thumb/v7e-m/fpv4-sp/hard\libm.a(lib_a-sf_copysign.o)
                0x0001433c                copysignf
 .text          0x00014354      0x378 c:/users/colin fleming/appdata/local/arduino15/packages/arduino/tools/arm-none-eabi-gcc/7-2017q4/bin/../lib/gcc/arm-none-eabi/7.2.1/thumb/v7e-m/fpv4-sp/hard\libgcc.a(_arm_addsubdf3.o)
                0x00014354                __aeabi_drsub
                0x0001435c                __aeabi_dsub
                0x0001435c                __subdf3
                0x00014360                __aeabi_dadd
                0x00014360                __adddf3
                0x000145d8                __floatunsidf
                0x000145d8                __aeabi_ui2d
                0x000145f8                __floatsidf
                0x000145f8                __aeabi_i2d
                0x0001461c                __aeabi_f2d
                0x0001461c                __extendsfdf2
                0x00014660                __floatundidf
                0x00014660                __aeabi_ul2d
                0x00014670                __floatdidf
                0x00014670                __aeabi_l2d
 .text          0x000146cc      0x424 c:/users/colin fleming/appdata/local/arduino15/packages/arduino/tools/arm-none-eabi-gcc/7-2017q4/bin/../lib/gcc/arm-none-eabi/7.2.1/thumb/v7e-m/fpv4-sp/hard\libgcc.a(_arm_muldivdf3.o)
                0x000146cc                __aeabi_dmul
                0x000146cc                __muldf3
                0x00014920                __divdf3
                0x00014920                __aeabi_ddiv
 .text          0x00014af0      0x110 c:/users/colin fleming/appdata/local/arduino15/packages/arduino/tools/arm-none-eabi-gcc/7-2017q4/bin/../lib/gcc/arm-none-eabi/7.2.1/thumb/v7e-m/fpv4-sp/hard\libgcc.a(_arm_cmpdf2.o)
                0x00014af0                __gtdf2
                0x00014af0                __gedf2
                0x00014af8                __ltdf2
                0x00014af8                __ledf2
                0x00014b00                __nedf2
                0x00014b00                __eqdf2
                0x00014b00                __cmpdf2
                0x00014b7c                __aeabi_cdrcmple
                0x00014b8c                __aeabi_cdcmpeq
                0x00014b8c                __aeabi_cdcmple
                0x00014b9c                __aeabi_dcmpeq
                0x00014bb0                __aeabi_dcmplt
                0x00014bc4                __aeabi_dcmple
                0x00014bd8                __aeabi_dcmpge
                0x00014bec                __aeabi_dcmpgt
 .text          0x00014c00       0x2c c:/users/colin fleming/appdata/local/arduino15/packages/arduino/tools/arm-none-eabi-gcc/7-2017q4/bin/../lib/gcc/arm-none-eabi/7.2.1/thumb/v7e-m/fpv4-sp/hard\libgcc.a(_arm_unorddf2.o)
                0x00014c00                __unorddf2
                0x00014c00                __aeabi_dcmpun
 .text          0x00014c2c       0x50 c:/users/colin fleming/appdata/local/arduino15/packages/arduino/tools/arm-none-eabi-gcc/7-2017q4/bin/../lib/gcc/arm-none-eabi/7.2.1/thumb/v7e-m/fpv4-sp/hard\libgcc.a(_arm_fixdfsi.o)
                0x00014c2c                __aeabi_d2iz
                0x00014c2c                __fixdfsi
 .text          0x00014c7c       0x40 c:/users/colin fleming/appdata/local/arduino15/packages/arduino/tools/arm-none-eabi-gcc/7-2017q4/bin/../lib/gcc/arm-none-eabi/7.2.1/thumb/v7e-m/fpv4-sp/hard\libgcc.a(_arm_fixunsdfsi.o)
                0x00014c7c                __aeabi_d2uiz
                0x00014c7c                __fixunsdfsi
 .text          0x00014cbc       0xa0 c:/users/colin fleming/appdata/local/arduino15/packages/arduino/tools/arm-none-eabi-gcc/7-2017q4/bin/../lib/gcc/arm-none-eabi/7.2.1/thumb/v7e-m/fpv4-sp/hard\libgcc.a(_arm_truncdfsf2.o)
                0x00014cbc                __truncdfsf2
                0x00014cbc                __aeabi_d2f
 .text.atof     0x00014d5c        0x6 c:/users/colin fleming/appdata/local/arduino15/packages/arduino/tools/arm-none-eabi-gcc/7-2017q4/bin/../lib/gcc/arm-none-eabi/7.2.1/../../../../arm-none-eabi/lib/thumb/v7e-m/fpv4-sp/hard\libc_nano.a(lib_a-atof.o)
                0x00014d5c                atof
 *fill*         0x00014d62        0x2 
 .text.__cxa_atexit
                0x00014d64       0x1c c:/users/colin fleming/appdata/local/arduino15/packages/arduino/tools/arm-none-eabi-gcc/7-2017q4/bin/../lib/gcc/arm-none-eabi/7.2.1/../../../../arm-none-eabi/lib/thumb/v7e-m/fpv4-sp/hard\libc_nano.a(lib_a-cxa_atexit.o)
                0x00014d64                __cxa_atexit
 .text.__errno  0x00014d80        0xc c:/users/colin fleming/appdata/local/arduino15/packages/arduino/tools/arm-none-eabi-gcc/7-2017q4/bin/../lib/gcc/arm-none-eabi/7.2.1/../../../../arm-none-eabi/lib/thumb/v7e-m/fpv4-sp/hard\libc_nano.a(lib_a-errno.o)
                0x00014d80                __errno
 .text.__libc_init_array
                0x00014d8c       0x48 c:/users/colin fleming/appdata/local/arduino15/packages/arduino/tools/arm-none-eabi-gcc/7-2017q4/bin/../lib/gcc/arm-none-eabi/7.2.1/../../../../arm-none-eabi/lib/thumb/v7e-m/fpv4-sp/hard\libc_nano.a(lib_a-init.o)
                0x00014d8c                __libc_init_array
 .text.malloc   0x00014dd4       0x10 c:/users/colin fleming/appdata/local/arduino15/packages/arduino/tools/arm-none-eabi-gcc/7-2017q4/bin/../lib/gcc/arm-none-eabi/7.2.1/../../../../arm-none-eabi/lib/thumb/v7e-m/fpv4-sp/hard\libc_nano.a(lib_a-malloc.o)
                0x00014dd4                malloc
 .text.free     0x00014de4       0x10 c:/users/colin fleming/appdata/local/arduino15/packages/arduino/tools/arm-none-eabi-gcc/7-2017q4/bin/../lib/gcc/arm-none-eabi/7.2.1/../../../../arm-none-eabi/lib/thumb/v7e-m/fpv4-sp/hard\libc_nano.a(lib_a-malloc.o)
                0x00014de4                free
 .text.__ascii_mbtowc
                0x00014df4       0x24 c:/users/colin fleming/appdata/local/arduino15/packages/arduino/tools/arm-none-eabi-gcc/7-2017q4/bin/../lib/gcc/arm-none-eabi/7.2.1/../../../../arm-none-eabi/lib/thumb/v7e-m/fpv4-sp/hard\libc_nano.a(lib_a-mbtowc_r.o)
                0x00014df4                __ascii_mbtowc
 .text.memcpy   0x00014e18       0x16 c:/users/colin fleming/appdata/local/arduino15/packages/arduino/tools/arm-none-eabi-gcc/7-2017q4/bin/../lib/gcc/arm-none-eabi/7.2.1/../../../../arm-none-eabi/lib/thumb/v7e-m/fpv4-sp/hard\libc_nano.a(lib_a-memcpy-stub.o)
                0x00014e18                memcpy
 .text.memmove  0x00014e2e       0x32 c:/users/colin fleming/appdata/local/arduino15/packages/arduino/tools/arm-none-eabi-gcc/7-2017q4/bin/../lib/gcc/arm-none-eabi/7.2.1/../../../../arm-none-eabi/lib/thumb/v7e-m/fpv4-sp/hard\libc_nano.a(lib_a-memmove.o)
                0x00014e2e                memmove
 .text.memset   0x00014e60       0x10 c:/users/colin fleming/appdata/local/arduino15/packages/arduino/tools/arm-none-eabi-gcc/7-2017q4/bin/../lib/gcc/arm-none-eabi/7.2.1/../../../../arm-none-eabi/lib/thumb/v7e-m/fpv4-sp/hard\libc_nano.a(lib_a-memset.o)
                0x00014e60                memset
 .text._free_r  0x00014e70       0x9c c:/users/colin fleming/appdata/local/arduino15/packages/arduino/tools/arm-none-eabi-gcc/7-2017q4/bin/../lib/gcc/arm-none-eabi/7.2.1/../../../../arm-none-eabi/lib/thumb/v7e-m/fpv4-sp/hard\libc_nano.a(lib_a-nano-freer.o)
                0x00014e70                _free_r
 .text._malloc_r
                0x00014f0c       0xb4 c:/users/colin fleming/appdata/local/arduino15/packages/arduino/tools/arm-none-eabi-gcc/7-2017q4/bin/../lib/gcc/arm-none-eabi/7.2.1/../../../../arm-none-eabi/lib/thumb/v7e-m/fpv4-sp/hard\libc_nano.a(lib_a-nano-mallocr.o)
                0x00014f0c                _malloc_r
 .text.realloc  0x00014fc0       0x10 c:/users/colin fleming/appdata/local/arduino15/packages/arduino/tools/arm-none-eabi-gcc/7-2017q4/bin/../lib/gcc/arm-none-eabi/7.2.1/../../../../arm-none-eabi/lib/thumb/v7e-m/fpv4-sp/hard\libc_nano.a(lib_a-realloc.o)
                0x00014fc0                realloc
 .text._sbrk_r  0x00014fd0       0x20 c:/users/colin fleming/appdata/local/arduino15/packages/arduino/tools/arm-none-eabi-gcc/7-2017q4/bin/../lib/gcc/arm-none-eabi/7.2.1/../../../../arm-none-eabi/lib/thumb/v7e-m/fpv4-sp/hard\libc_nano.a(lib_a-sbrkr.o)
                0x00014fd0                _sbrk_r
 .text.strchr   0x00014ff0       0x1a c:/users/colin fleming/appdata/local/arduino15/packages/arduino/tools/arm-none-eabi-gcc/7-2017q4/bin/../lib/gcc/arm-none-eabi/7.2.1/../../../../arm-none-eabi/lib/thumb/v7e-m/fpv4-sp/hard\libc_nano.a(lib_a-strchr.o)
                0x00014ff0                strchr
 .text.strcpy   0x0001500a       0x10 c:/users/colin fleming/appdata/local/arduino15/packages/arduino/tools/arm-none-eabi-gcc/7-2017q4/bin/../lib/gcc/arm-none-eabi/7.2.1/../../../../arm-none-eabi/lib/thumb/v7e-m/fpv4-sp/hard\libc_nano.a(lib_a-strcpy.o)
                0x0001500a                strcpy
 .text          0x0001501a       0x10 c:/users/colin fleming/appdata/local/arduino15/packages/arduino/tools/arm-none-eabi-gcc/7-2017q4/bin/../lib/gcc/arm-none-eabi/7.2.1/../../../../arm-none-eabi/lib/thumb/v7e-m/fpv4-sp/hard\libc_nano.a(lib_a-strlen.o)
                0x0001501a                strlen
 .text.strncmp  0x0001502a       0x24 c:/users/colin fleming/appdata/local/arduino15/packages/arduino/tools/arm-none-eabi-gcc/7-2017q4/bin/../lib/gcc/arm-none-eabi/7.2.1/../../../../arm-none-eabi/lib/thumb/v7e-m/fpv4-sp/hard\libc_nano.a(lib_a-strncmp.o)
                0x0001502a                strncmp
 .text.strncpy  0x0001504e       0x2a c:/users/colin fleming/appdata/local/arduino15/packages/arduino/tools/arm-none-eabi-gcc/7-2017q4/bin/../lib/gcc/arm-none-eabi/7.2.1/../../../../arm-none-eabi/lib/thumb/v7e-m/fpv4-sp/hard\libc_nano.a(lib_a-strncpy.o)
                0x0001504e                strncpy
 .text.unlikely.sulp
                0x00015078       0x38 c:/users/colin fleming/appdata/local/arduino15/packages/arduino/tools/arm-none-eabi-gcc/7-2017q4/bin/../lib/gcc/arm-none-eabi/7.2.1/../../../../arm-none-eabi/lib/thumb/v7e-m/fpv4-sp/hard\libc_nano.a(lib_a-strtod.o)
 .text._strtod_l
                0x000150b0      0xbe8 c:/users/colin fleming/appdata/local/arduino15/packages/arduino/tools/arm-none-eabi-gcc/7-2017q4/bin/../lib/gcc/arm-none-eabi/7.2.1/../../../../arm-none-eabi/lib/thumb/v7e-m/fpv4-sp/hard\libc_nano.a(lib_a-strtod.o)
                0x000150b0                _strtod_l
 .text.strtod   0x00015c98       0x28 c:/users/colin fleming/appdata/local/arduino15/packages/arduino/tools/arm-none-eabi-gcc/7-2017q4/bin/../lib/gcc/arm-none-eabi/7.2.1/../../../../arm-none-eabi/lib/thumb/v7e-m/fpv4-sp/hard\libc_nano.a(lib_a-strtod.o)
                0x00015c98                strtod
 .text.__ascii_wctomb